Component: Arm Compiler for Embedded 6.23 Tool: armlink [5f102400]

==============================================================================

Section Cross References

    startup_stm32f103xb.o(STACK) refers (Special) to heapauxi.o(.text) for __use_two_region_memory
    startup_stm32f103xb.o(HEAP) refers (Special) to heapauxi.o(.text) for __use_two_region_memory
    startup_stm32f103xb.o(RESET) refers (Special) to heapauxi.o(.text) for __use_two_region_memory
    startup_stm32f103xb.o(RESET) refers to startup_stm32f103xb.o(STACK) for __initial_sp
    startup_stm32f103xb.o(RESET) refers to startup_stm32f103xb.o(.text) for Reset_Handler
    startup_stm32f103xb.o(RESET) refers to stm32f1xx_it.o(.text.NMI_Handler) for NMI_Handler
    startup_stm32f103xb.o(RESET) refers to stm32f1xx_it.o(.text.HardFault_Handler) for HardFault_Handler
    startup_stm32f103xb.o(RESET) refers to stm32f1xx_it.o(.text.MemManage_Handler) for MemManage_Handler
    startup_stm32f103xb.o(RESET) refers to stm32f1xx_it.o(.text.BusFault_Handler) for BusFault_Handler
    startup_stm32f103xb.o(RESET) refers to stm32f1xx_it.o(.text.UsageFault_Handler) for UsageFault_Handler
    startup_stm32f103xb.o(RESET) refers to port.o(.text.SVC_Handler) for SVC_Handler
    startup_stm32f103xb.o(RESET) refers to stm32f1xx_it.o(.text.DebugMon_Handler) for DebugMon_Handler
    startup_stm32f103xb.o(RESET) refers to port.o(.text.PendSV_Handler) for PendSV_Handler
    startup_stm32f103xb.o(RESET) refers to cmsis_os2.o(.text.SysTick_Handler) for SysTick_Handler
    startup_stm32f103xb.o(RESET) refers to stm32f1xx_it.o(.text.DMA1_Channel1_IRQHandler) for DMA1_Channel1_IRQHandler
    startup_stm32f103xb.o(RESET) refers to stm32f1xx_it.o(.text.DMA1_Channel2_IRQHandler) for DMA1_Channel2_IRQHandler
    startup_stm32f103xb.o(RESET) refers to stm32f1xx_it.o(.text.DMA1_Channel4_IRQHandler) for DMA1_Channel4_IRQHandler
    startup_stm32f103xb.o(RESET) refers to stm32f1xx_it.o(.text.DMA1_Channel7_IRQHandler) for DMA1_Channel7_IRQHandler
    startup_stm32f103xb.o(RESET) refers to stm32f1xx_it.o(.text.TIM1_UP_IRQHandler) for TIM1_UP_IRQHandler
    startup_stm32f103xb.o(RESET) refers to stm32f1xx_it.o(.text.USART1_IRQHandler) for USART1_IRQHandler
    startup_stm32f103xb.o(RESET) refers to stm32f1xx_it.o(.text.USART2_IRQHandler) for USART2_IRQHandler
    startup_stm32f103xb.o(RESET) refers to stm32f1xx_it.o(.text.USART3_IRQHandler) for USART3_IRQHandler
    startup_stm32f103xb.o(.text) refers (Special) to heapauxi.o(.text) for __use_two_region_memory
    startup_stm32f103xb.o(.text) refers to system_stm32f1xx.o(.text.SystemInit) for SystemInit
    startup_stm32f103xb.o(.text) refers to __main.o(!!!main) for __main
    startup_stm32f103xb.o(.text) refers to startup_stm32f103xb.o(HEAP) for Heap_Mem
    startup_stm32f103xb.o(.text) refers to startup_stm32f103xb.o(STACK) for Stack_Mem
    main.o(.text.main) refers to stm32f1xx_hal.o(.text.HAL_Init) for HAL_Init
    main.o(.text.main) refers to main.o(.text.SystemClock_Config) for SystemClock_Config
    main.o(.text.main) refers to gpio.o(.text.MX_GPIO_Init) for MX_GPIO_Init
    main.o(.text.main) refers to dma.o(.text.MX_DMA_Init) for MX_DMA_Init
    main.o(.text.main) refers to usart.o(.text.MX_USART2_UART_Init) for MX_USART2_UART_Init
    main.o(.text.main) refers to usart.o(.text.MX_USART1_UART_Init) for MX_USART1_UART_Init
    main.o(.text.main) refers to usart.o(.text.MX_USART3_UART_Init) for MX_USART3_UART_Init
    main.o(.text.main) refers to adc.o(.text.MX_ADC1_Init) for MX_ADC1_Init
    main.o(.text.main) refers to cmsis_os2.o(.text.osKernelInitialize) for osKernelInitialize
    main.o(.text.main) refers to freertos.o(.text.MX_FREERTOS_Init) for MX_FREERTOS_Init
    main.o(.text.main) refers to cmsis_os2.o(.text.osKernelStart) for osKernelStart
    main.o(.ARM.exidx.text.main) refers to main.o(.text.main) for [Anonymous Symbol]
    main.o(.text.SystemClock_Config) refers to rt_memclr_w.o(.text) for __aeabi_memclr4
    main.o(.text.SystemClock_Config) refers to stm32f1xx_hal_rcc.o(.text.HAL_RCC_OscConfig) for HAL_RCC_OscConfig
    main.o(.text.SystemClock_Config) refers to main.o(.text.Error_Handler) for Error_Handler
    main.o(.text.SystemClock_Config) refers to stm32f1xx_hal_rcc.o(.text.HAL_RCC_ClockConfig) for HAL_RCC_ClockConfig
    main.o(.text.SystemClock_Config) refers to stm32f1xx_hal_rcc_ex.o(.text.HAL_RCCEx_PeriphCLKConfig) for HAL_RCCEx_PeriphCLKConfig
    main.o(.ARM.exidx.text.SystemClock_Config) refers to main.o(.text.SystemClock_Config) for [Anonymous Symbol]
    main.o(.ARM.exidx.text.Error_Handler) refers to main.o(.text.Error_Handler) for [Anonymous Symbol]
    main.o(.text.HAL_TIM_PeriodElapsedCallback) refers to stm32f1xx_hal.o(.text.HAL_IncTick) for HAL_IncTick
    main.o(.ARM.exidx.text.HAL_TIM_PeriodElapsedCallback) refers to main.o(.text.HAL_TIM_PeriodElapsedCallback) for [Anonymous Symbol]
[...]
    _fcmpge                                  0x0800b46d   Thumb Code   104  fgeqf.o(x$fpl$fgeqf)
    __aeabi_cfcmple                          0x0800b4d5   Thumb Code     0  fleqf.o(x$fpl$fleqf)
    _fcmple                                  0x0800b4d5   Thumb Code   104  fleqf.o(x$fpl$fleqf)
    __fpl_fcmple_InfNaN                      0x0800b527   Thumb Code     0  fleqf.o(x$fpl$fleqf)
    __aeabi_fmul                             0x0800b53d   Thumb Code     0  fmul.o(x$fpl$fmul)
    _fmul                                    0x0800b53d   Thumb Code   258  fmul.o(x$fpl$fmul)
    __fpl_fnaninf                            0x0800b63f   Thumb Code   140  fnaninf.o(x$fpl$fnaninf)
    __fpl_fretinf                            0x0800b6cb   Thumb Code    10  fretinf.o(x$fpl$fretinf)
    __aeabi_fsub                             0x0800b6d5   Thumb Code     0  faddsub_clz.o(x$fpl$fsub)
    _fsub                                    0x0800b6d5   Thumb Code   234  faddsub_clz.o(x$fpl$fsub)
    _printf_fp_dec                           0x0800b7bf   Thumb Code     4  printf1.o(x$fpl$printf1)
    _printf_fp_hex                           0x0800b7c3   Thumb Code     4  printf2.o(x$fpl$printf2)
    __I$use$fp                               0x0800b7c6   Number         0  usenofp.o(x$fpl$usenofp)
    ADC_attributes                           0x0800b8c4   Data          36  freertos.o(.rodata.ADC_attributes)
    AHBPrescTable                            0x0800b8e8   Data          16  system_stm32f1xx.o(.rodata.AHBPrescTable)
    APBPrescTable                            0x0800b8f8   Data           8  system_stm32f1xx.o(.rodata.APBPrescTable)
    DFPlayer_attributes                      0x0800b900   Data          36  freertos.o(.rodata.DFPlayer_attributes)
    Screen_attributes                        0x0800b938   Data          36  freertos.o(.rodata.Screen_attributes)
    Wireless_attributes                      0x0800b95c   Data          36  freertos.o(.rodata.Wireless_attributes)
    vtable for Subscriber                    0x0800b980   Data          12  screen.o(.rodata._ZTV10Subscriber)
    vtable for SerialDevice                  0x0800b98c   Data          20  my_uart.o(.rodata._ZTV12SerialDevice)
    vtable for Screen                        0x0800b9a0   Data          12  screen.o(.rodata._ZTV6Screen)
    vtable for Battery                       0x0800b9ac   Data          12  battery.o(.rodata._ZTV7Battery)
    vtable for DFPlayer                      0x0800b9b8   Data          12  dfplayer.o(.rodata._ZTV8DFPlayer)
    vtable for JOYStick                      0x0800b9c4   Data          12  joystick.o(.rodata._ZTV8JOYStick)
    vtable for WireLess                      0x0800b9d0   Data          12  wireless.o(.rodata._ZTV8WireLess)
    vtable for protocol                      0x0800b9dc   Data          20  protocol.o(.rodata._ZTV8protocol)
    defaultTask_attributes                   0x0800b9f0   Data          36  freertos.o(.rodata.defaultTask_attributes)
    Region$$Table$$Base                      0x0800ba7c   Number         0  anon$$obj.o(Region$$Table)
    Region$$Table$$Limit                     0x0800ba9c   Number         0  anon$$obj.o(Region$$Table)
    __ctype                                  0x0800bac5   Data           0  lc_ctype_c.o(locale$$data)
    SHT$$INIT_ARRAY$$Base                    0x0800bbc8   Number         0  screen.o(.init_array)
    SHT$$INIT_ARRAY$$Limit                   0x0800bbe0   Number         0  init_aeabi.o(.init_array)
    SystemCoreClock                          0x20000000   Data           4  system_stm32f1xx.o(.data.SystemCoreClock)
    uwTickFreq                               0x20000004   Data           1  stm32f1xx_hal.o(.data.uwTickFreq)
    uwTickPrio                               0x20000008   Data           4  stm32f1xx_hal.o(.data.uwTickPrio)
    sendBuffer_                              0x20000010   Data          24  protocol.o(dma_buffer_section)
    __libspace_start                         0x20000028   Data          96  libspace.o(.bss)
    ADCHandle                                0x20000088   Data           4  freertos.o(.bss.ADCHandle)
    __temporary_stack_top$libspace           0x20000088   Data           0  libspace.o(.bss)
    BatteryProtocol                          0x2000008c   Data         148  battery.o(.bss.BatteryProtocol)
    DFPlayerHandle                           0x20000120   Data           4  freertos.o(.bss.DFPlayerHandle)
    DFPlayerProtocol                         0x20000124   Data         148  dfplayer.o(.bss.DFPlayerProtocol)
    ScreenHandle                             0x200001bc   Data           4  freertos.o(.bss.ScreenHandle)
    ScreenProtocol                           0x200001c0   Data         148  screen.o(.bss.ScreenProtocol)
    WireLessProtocol                         0x20000254   Data         148  wireless.o(.bss.WireLessProtocol)
    WirelessHandle                           0x200002e8   Data           4  freertos.o(.bss.WirelessHandle)
    SerialDevice::obArr                      0x200002f0   Data          16  my_uart.o(.bss._ZN12SerialDevice5obArrE)
    SerialDevice::Ins_Count                  0x20000300   Data           4  my_uart.o(.bss._ZN12SerialDevice9Ins_CountE)
    protocol::subscribers                    0x20000304   Data          24  protocol.o(.bss._ZN8protocol11subscribersE)
    protocol::subscriberCount_               0x2000031c   Data           4  protocol.o(.bss._ZN8protocol16subscriberCount_E)
    adcDevice                                0x20000338   Data          48  my_adc.o(.bss.adcDevice)
    battery                                  0x20000368   Data          48  battery.o(.bss.battery)
    defaultTaskHandle                        0x20000398   Data           4  freertos.o(.bss.defaultTaskHandle)
    dfplayer                                 0x2000039c   Data          48  dfplayer.o(.bss.dfplayer)
    hadc1                                    0x200003cc   Data          48  adc.o(.bss.hadc1)
    hdma_adc1                                0x200003fc   Data          68  adc.o(.bss.hdma_adc1)
    hdma_usart1_tx                           0x20000440   Data          68  usart.o(.bss.hdma_usart1_tx)
    hdma_usart2_tx                           0x20000484   Data          68  usart.o(.bss.hdma_usart2_tx)
    hdma_usart3_tx                           0x200004c8   Data          68  usart.o(.bss.hdma_usart3_tx)
    htim1                                    0x2000050c   Data          72  stm32f1xx_hal_timebase_tim.o(.bss.htim1)
    huart1                                   0x20000554   Data          72  usart.o(.bss.huart1)
    huart2                                   0x2000059c   Data          72  usart.o(.bss.huart2)
    huart3                                   0x200005e4   Data          72  usart.o(.bss.huart3)
    joystick                                 0x2000062c   Data         472  joystick.o(.bss.joystick)
    joystick_protocol                        0x20000804   Data         148  joystick.o(.bss.joystick_protocol)
    pxCurrentTCB                             0x2000098c   Data           4  tasks.o(.bss.pxCurrentTCB)
    screen                                   0x20000e04   Data         132  screen.o(.bss.screen)
    status                                   0x20000e88   Data           4  my_uart.o(.bss.status)
    test_status                              0x20000e8c   Data           4  protocol.o(.bss.test_status)
    test_status2                             0x20000e90   Data           4  protocol.o(.bss.test_status2)
    test_temp                                0x20000e94   Data           4  screen.o(.bss.test_temp)
    test_temp2                               0x20000e98   Data           4  wireless.o(.bss.test_temp2)
    uwTick                                   0x2000315c   Data           4  stm32f1xx_hal.o(.bss.uwTick)
    virtual_huart_battery                    0x2000382c   Data          72  battery.o(.bss.virtual_huart_battery)
    virtual_huart_joystick                   0x20003874   Data          72  joystick.o(.bss.virtual_huart_joystick)
    wireless                                 0x200038bc   Data         100  wireless.o(.bss.wireless)
    xQueueRegistry                           0x200039a8   Data          64  queue.o(.bss.xQueueRegistry)



==============================================================================

Memory Map of the image

  Image Entry point : 0x080000ed

  Load Region LR_IROM1 (Base: 0x08000000, Size: 0x0000bc08, Max: 0x00010000, ABSOLUTE)

    Execution Region ER_IROM1 (Exec base: 0x08000000, Load base: 0x08000000, Size: 0x0000bbe0, Max: 0x00010000, ABSOLUTE)

    Exec Addr    Load Addr    Size         Type   Attr      Idx    E Section Name        Object

    0x08000000   0x08000000   0x000000ec   Data   RO            3    RESET               startup_stm32f103xb.o
    0x080000ec   0x080000ec   0x00000008   Code   RO         2107  * !!!main             c_w.l(__main.o)
    0x080000f4   0x080000f4   0x0000005c   Code   RO         2855    !!!scatter          c_w.l(__scatter.o)
    0x08000150   0x08000150   0x0000001a   Code   RO         2859    !!handler_copy      c_w.l(__scatter_copy.o)
    0x0800016a   0x0800016a   0x00000002   PAD
    0x0800016c   0x0800016c   0x00000002   Code   RO         2856    !!handler_null      c_w.l(__scatter.o)
    0x0800016e   0x0800016e   0x00000002   PAD
    0x08000170   0x08000170   0x0000001c   Code   RO         2861    !!handler_zi        c_w.l(__scatter_zi.o)
    0x0800018c   0x0800018c   0x00000000   Code   RO         2563    .ARM.Collect$$_printf_percent$$00000000  c_w.l(_printf_percent.o)
    0x0800018c   0x0800018c   0x00000006   Code   RO         2552    .ARM.Collect$$_printf_percent$$00000001  c_w.l(_printf_n.o)
    0x08000192   0x08000192   0x00000006   Code   RO         2554    .ARM.Collect$$_printf_percent$$00000002  c_w.l(_printf_p.o)
    0x08000198   0x08000198   0x00000006   Code   RO         2559    .ARM.Collect$$_printf_percent$$00000003  c_w.l(_printf_f.o)
    0x0800019e   0x0800019e   0x00000006   Code   RO         2560    .ARM.Collect$$_printf_percent$$00000004  c_w.l(_printf_e.o)
    0x080001a4   0x080001a4   0x00000006   Code   RO         2561    .ARM.Collect$$_printf_percent$$00000005  c_w.l(_printf_g.o)
    0x080001aa   0x080001aa   0x00000006   Code   RO         2562    .ARM.Collect$$_printf_percent$$00000006  c_w.l(_printf_a.o)
    0x080001b0   0x080001b0   0x0000000a   Code   RO         2567    .ARM.Collect$$_printf_percent$$00000007  c_w.l(_printf_ll.o)
    0x080001ba   0x080001ba   0x00000006   Code   RO         2556    .ARM.Collect$$_printf_percent$$00000008  c_w.l(_printf_i.o)
    0x080001c0   0x080001c0   0x00000006   Code   RO         2557    .ARM.Collect$$_printf_percent$$00000009  c_w.l(_printf_d.o)
    0x080001c6   0x080001c6   0x00000006   Code   RO         2558    .ARM.Collect$$_printf_percent$$0000000A  c_w.l(_printf_u.o)
    0x080001cc   0x080001cc   0x00000006   Code   RO         2555    .ARM.Collect$$_printf_percent$$0000000B  c_w.l(_printf_o.o)
    0x080001d2   0x080001d2   0x00000006   Code   RO         2553    .ARM.Collect$$_printf_percent$$0000000C  c_w.l(_printf_x.o)
    0x080001d8   0x080001d8   0x00000006   Code   RO         2564    .ARM.Collect$$_printf_percent$$0000000D  c_w.l(_printf_lli.o)
    0x080001de   0x080001de   0x00000006   Code   RO         2565    .ARM.Collect$$_printf_percent$$0000000E  c_w.l(_printf_lld.o)
    0x080001e4   0x080001e4   0x00000006   Code   RO         2566    .ARM.Collect$$_printf_percent$$0000000F  c_w.l(_printf_llu.o)
    0x080001ea   0x080001ea   0x00000006   Code   RO         2571    .ARM.Collect$$_printf_percent$$00000010  c_w.l(_printf_llo.o)
    0x080001f0   0x080001f0   0x00000006   Code   RO         2572    .ARM.Collect$$_printf_percent$$00000011  c_w.l(_printf_llx.o)
    0x080001f6   0x080001f6   0x0000000a   Code   RO         2568    .ARM.Collect$$_printf_percent$$00000012  c_w.l(_printf_l.o)
    0x08000200   0x08000200   0x00000006   Code   RO         2550    .ARM.Collect$$_printf_percent$$00000013  c_w.l(_printf_c.o)
    0x08000206   0x08000206   0x00000006   Code   RO         2551    .ARM.Collect$$_printf_percent$$00000014  c_w.l(_printf_s.o)
    0x0800020c   0x0800020c   0x00000006   Code   RO         2569    .ARM.Collect$$_printf_percent$$00000015  c_w.l(_printf_lc.o)
    0x08000212   0x08000212   0x00000006   Code   RO         2570    .ARM.Collect$$_printf_percent$$00000016  c_w.l(_printf_ls.o)
    0x08000218   0x08000218   0x00000004   Code   RO         2683    .ARM.Collect$$_printf_percent$$00000017  c_w.l(_printf_percent_end.o)
    0x0800021c   0x0800021c   0x00000002   Code   RO         2760    .ARM.Collect$$libinit$$00000000  c_w.l(libinit.o)
    0x0800021e   0x0800021e   0x00000000   Code   RO         2576    .ARM.Collect$$libinit$$00000002  c_w.l(libinit2.o)
    0x0800021e   0x0800021e   0x00000000   Code   RO         2578    .ARM.Collect$$libinit$$00000004  c_w.l(libinit2.o)
    0x0800021e   0x0800021e   0x00000000   Code   RO         2580    .ARM.Collect$$libinit$$00000006  c_w.l(libinit2.o)
    0x0800021e   0x0800021e   0x00000000   Code   RO         2583    .ARM.Collect$$libinit$$0000000C  c_w.l(libinit2.o)
    0x0800021e   0x0800021e   0x00000000   Code   RO         2585    .ARM.Collect$$libinit$$0000000E  c_w.l(libinit2.o)
    0x0800021e   0x0800021e   0x00000000   Code   RO         2587    .ARM.Collect$$libinit$$00000010  c_w.l(libinit2.o)
    0x0800021e   0x0800021e   0x00000006   Code   RO         2588    .ARM.Collect$$libinit$$00000011  c_w.l(libinit2.o)
    0x08000224   0x08000224   0x00000000   Code   RO         2590    .ARM.Collect$$libinit$$00000013  c_w.l(libinit2.o)
    0x08000224   0x08000224   0x0000000c   Code   RO         2591    .ARM.Collect$$libinit$$00000014  c_w.l(libinit2.o)
    0x08000230   0x08000230   0x00000000   Code   RO         2592    .ARM.Collect$$libinit$$00000015  c_w.l(libinit2.o)
    0x08000230   0x08000230   0x00000000   Code   RO         2594    .ARM.Collect$$libinit$$00000017  c_w.l(libinit2.o)
    0x08000230   0x08000230   0x0000000a   Code   RO         2595    .ARM.Collect$$libinit$$00000018  c_w.l(libinit2.o)
    0x0800023a   0x0800023a   0x00000000   Code   RO         2596    .ARM.Collect$$libinit$$00000019  c_w.l(libinit2.o)
    0x0800023a   0x0800023a   0x00000000   Code   RO         2598    .ARM.Collect$$libinit$$0000001B  c_w.l(libinit2.o)
    0x0800023a   0x0800023a   0x00000000   Code   RO         2600    .ARM.Collect$$libinit$$0000001D  c_w.l(libinit2.o)
    0x0800023a   0x0800023a   0x00000000   Code   RO         2602    .ARM.Collect$$libinit$$0000001F  c_w.l(libinit2.o)
    0x0800023a   0x0800023a   0x00000000   Code   RO         2604    .ARM.Collect$$libinit$$00000021  c_w.l(libinit2.o)
    0x0800023a   0x0800023a   0x00000000   Code   RO         2606    .ARM.Collect$$libinit$$00000023  c_w.l(libinit2.o)
    0x0800023a   0x0800023a   0x00000000   Code   RO         2608    .ARM.Collect$$libinit$$00000025  c_w.l(libinit2.o)
    0x0800023a   0x0800023a   0x00000000   Code   RO         2610    .ARM.Collect$$libinit$$00000027  c_w.l(libinit2.o)
    0x0800023a   0x0800023a   0x00000000   Code   RO         2614    .ARM.Collect$$libinit$$0000002E  c_w.l(libinit2.o)
    0x0800023a   0x0800023a   0x00000000   Code   RO         2616    .ARM.Collect$$libinit$$00000030  c_w.l(libinit2.o)
    0x0800023a   0x0800023a   0x00000000   Code   RO         2618    .ARM.Collect$$libinit$$00000032  c_w.l(libinit2.o)
    0x0800023a   0x0800023a   0x00000004   Code   RO         2619    .ARM.Collect$$libinit$$00000033  c_w.l(libinit2.o)
    0x0800023e   0x0800023e   0x00000000   Code   RO         2620    .ARM.Collect$$libinit$$00000034  c_w.l(libinit2.o)
    0x0800023e   0x0800023e   0x00000002   Code   RO         2621    .ARM.Collect$$libinit$$00000035  c_w.l(libinit2.o)
    0x08000240   0x08000240   0x00000002   Code   RO         2823    .ARM.Collect$$libshutdown$$00000000  c_w.l(libshutdown.o)
    0x08000242   0x08000242   0x00000000   Code   RO         2839    .ARM.Collect$$libshutdown$$00000002  c_w.l(libshutdown2.o)
    0x08000242   0x08000242   0x00000000   Code   RO         2841    .ARM.Collect$$libshutdown$$00000004  c_w.l(libshutdown2.o)
    0x08000242   0x08000242   0x00000000   Code   RO         2844    .ARM.Collect$$libshutdown$$00000007  c_w.l(libshutdown2.o)
    0x08000242   0x08000242   0x00000000   Code   RO         2847    .ARM.Collect$$libshutdown$$0000000A  c_w.l(libshutdown2.o)
    0x08000242   0x08000242   0x00000000   Code   RO         2849    .ARM.Collect$$libshutdown$$0000000C  c_w.l(libshutdown2.o)
    0x08000242   0x08000242   0x00000000   Code   RO         2852    .ARM.Collect$$libshutdown$$0000000F  c_w.l(libshutdown2.o)
    0x08000242   0x08000242   0x00000002   Code   RO         2853    .ARM.Collect$$libshutdown$$00000010  c_w.l(libshutdown2.o)
    0x08000244   0x08000244   0x00000000   Code   RO         2481    .ARM.Collect$$rtentry$$00000000  c_w.l(__rtentry.o)
    0x08000244   0x08000244   0x00000000   Code   RO         2652    .ARM.Collect$$rtentry$$00000002  c_w.l(__rtentry2.o)
    0x08000244   0x08000244   0x00000006   Code   RO         2664    .ARM.Collect$$rtentry$$00000004  c_w.l(__rtentry4.o)
    0x0800024a   0x0800024a   0x00000000   Code   RO         2654    .ARM.Collect$$rtentry$$00000009  c_w.l(__rtentry2.o)
    0x0800024a   0x0800024a   0x00000004   Code   RO         2655    .ARM.Collect$$rtentry$$0000000A  c_w.l(__rtentry2.o)
    0x0800024e   0x0800024e   0x00000000   Code   RO         2657    .ARM.Collect$$rtentry$$0000000C  c_w.l(__rtentry2.o)
    0x0800024e   0x0800024e   0x00000008   Code   RO         2658    .ARM.Collect$$rtentry$$0000000D  c_w.l(__rtentry2.o)
    0x08000256   0x08000256   0x00000002   Code   RO         2779    .ARM.Collect$$rtexit$$00000000  c_w.l(rtexit.o)
    0x08000258   0x08000258   0x00000000   Code   RO         2801    .ARM.Collect$$rtexit$$00000002  c_w.l(rtexit2.o)
    0x08000258   0x08000258   0x00000004   Code   RO         2802    .ARM.Collect$$rtexit$$00000003  c_w.l(rtexit2.o)
    0x0800025c   0x0800025c   0x00000006   Code   RO         2803    .ARM.Collect$$rtexit$$00000004  c_w.l(rtexit2.o)
    0x08000262   0x08000262   0x00000002   PAD
    0x08000264   0x08000264   0x00000040   Code   RO            4    .text               startup_stm32f103xb.o
    0x080002a4   0x080002a4   0x0000002c   Code   RO         2089    .text               c_w.l(sprintf.o)
    0x080002d0   0x080002d0   0x00000048   Code   RO         2091    .text               c_w.l(strcpy.o)
    0x08000318   0x08000318   0x0000003e   Code   RO         2093    .text               c_w.l(strlen.o)
    0x08000356   0x08000356   0x0000008a   Code   RO         2095    .text               c_w.l(rt_memcpy_v6.o)
    0x080003e0   0x080003e0   0x00000010   Code   RO         2099    .text               c_w.l(aeabi_memset4.o)
    0x080003f0   0x080003f0   0x0000004e   Code   RO         2103    .text               c_w.l(rt_memclr_w.o)
    0x0800043e   0x0800043e   0x00000006   Code   RO         2105    .text               c_w.l(heapauxi.o)
    0x08000444   0x08000444   0x0000002c   Code   RO         2112    .text               c_w.l(init_aeabi.o)
    0x08000470   0x08000470   0x0000004e   Code   RO         2484    .text               c_w.l(_printf_pad.o)
    0x080004be   0x080004be   0x00000024   Code   RO         2486    .text               c_w.l(_printf_truncate.o)
    0x080004e2   0x080004e2   0x00000052   Code   RO         2488    .text               c_w.l(_printf_str.o)
    0x08000534   0x08000534   0x00000078   Code   RO         2490    .text               c_w.l(_printf_dec.o)
    0x080005ac   0x080005ac   0x00000028   Code   RO         2492    .text               c_w.l(_printf_charcount.o)
    0x080005d4   0x080005d4   0x00000030   Code   RO         2494    .text               c_w.l(_printf_char_common.o)
    0x08000604   0x08000604   0x0000000a   Code   RO         2496    .text               c_w.l(_sputc.o)
    0x0800060e   0x0800060e   0x00000002   PAD
    0x08000610   0x08000610   0x000000bc   Code   RO         2498    .text               c_w.l(_printf_wctomb.o)
    0x080006cc   0x080006cc   0x0000007c   Code   RO         2501    .text               c_w.l(_printf_longlong_dec.o)
    0x08000748   0x08000748   0x00000070   Code   RO         2507    .text               c_w.l(_printf_oct_int_ll.o)
    0x080007b8   0x080007b8   0x00000094   Code   RO         2527    .text               c_w.l(_printf_hex_int_ll_ptr.o)
    0x0800084c   0x0800084c   0x00000188   Code   RO         2547    .text               c_w.l(__printf_flags_ss_wp.o)
    0x080009d4   0x080009d4   0x00000064   Code   RO         2573    .text               c_w.l(rt_memcpy_w.o)
    0x08000a38   0x08000a38   0x0000008a   Code   RO         2666    .text               c_w.l(lludiv10.o)
    0x08000ac2   0x08000ac2   0x000000b2   Code   RO         2668    .text               c_w.l(_printf_intcommon.o)
    0x08000b74   0x08000b74   0x0000041c   Code   RO         2670    .text               c_w.l(_printf_fp_dec.o)
    0x08000f90   0x08000f90   0x000002fc   Code   RO         2674    .text               c_w.l(_printf_fp_hex.o)
    0x0800128c   0x0800128c   0x0000002c   Code   RO         2679    .text               c_w.l(_printf_char.o)
    0x080012b8   0x080012b8   0x0000002c   Code   RO         2681    .text               c_w.l(_printf_wchar.o)
    0x080012e4   0x080012e4   0x00000048   Code   RO         2684    .text               c_w.l(_c16rtomb.o)
    0x0800132c   0x0800132c   0x00000016   Code   RO         2686    .text               c_w.l(abort.o)
    0x08001342   0x08001342   0x00000002   PAD
    0x08001344   0x08001344   0x0000000c   Code   RO         2700    .text               c_w.l(sys_exit.o)
    0x08001350   0x08001350   0x0000004a   Code   RO         2704    .text               c_w.l(sys_stackheap_outer.o)
    0x0800139a   0x0800139a   0x00000002   PAD
    0x0800139c   0x0800139c   0x00000010   Code   RO         2706    .text               c_w.l(rt_ctype_table.o)
    0x080013ac   0x080013ac   0x00000008   Code   RO         2711    .text               c_w.l(rt_locale_intlibspace.o)
    0x080013b4   0x080013b4   0x00000080   Code   RO         2713    .text               c_w.l(_printf_fp_infnan.o)
    0x08001434   0x08001434   0x000000e4   Code   RO         2715    .text               c_w.l(bigflt0.o)
    0x08001518   0x08001518   0x00000012   Code   RO         2745    .text               c_w.l(exit.o)
    0x0800152a   0x0800152a   0x0000000e   Code   RO         2747    .text               c_w.l(defsig_abrt_outer.o)
    0x08001538   0x08001538   0x00000008   Code   RO         2773    .text               c_w.l(libspace.o)
    0x08001540   0x08001540   0x00000002   Code   RO         2776    .text               c_w.l(use_no_semi.o)
    0x08001542   0x08001542   0x00000000   Code   RO         2778    .text               c_w.l(indicate_semi.o)
    0x08001542   0x08001542   0x0000000a   Code   RO         2790    .text               c_w.l(defsig_exit.o)
    0x0800154c   0x0800154c   0x00000030   Code   RO         2792    .text               c_w.l(defsig_abrt_inner.o)
    0x0800157c   0x0800157c   0x00000080   Code   RO         2798    .text               c_w.l(strcmpv7m.o)
    0x080015fc   0x080015fc   0x00000032   Code   RO         2811    .text               c_w.l(defsig_general.o)
    0x0800162e   0x0800162e   0x0000000e   Code   RO         2815    .text               c_w.l(sys_wrch.o)
    0x0800163c   0x0800163c   0x00000082   Code   RO          521    .text.ADC_ConversionStop_Disable  stm32f1xx_hal_adc.o
    0x080016be   0x080016be   0x00000002   PAD
    0x080016c0   0x080016c0   0x00000078   Code   RO          543    .text.ADC_DMAConvCplt  stm32f1xx_hal_adc.o
    0x08001738   0x08001738   0x0000002a   Code   RO          547    .text.ADC_DMAError  stm32f1xx_hal_adc.o
    0x08001762   0x08001762   0x00000002   PAD
    0x08001764   0x08001764   0x00000016   Code   RO          545    .text.ADC_DMAHalfConvCplt  stm32f1xx_hal_adc.o
    0x0800177a   0x0800177a   0x00000002   PAD
    0x0800177c   0x0800177c   0x000000bc   Code   RO          529    .text.ADC_Enable    stm32f1xx_hal_adc.o
    0x08001838   0x08001838   0x00000004   Code   RO          117    .text.BusFault_Handler  stm32f1xx_it.o
    0x0800183c   0x0800183c   0x00000010   Code   RO          123    .text.DMA1_Channel1_IRQHandler  stm32f1xx_it.o
    0x0800184c   0x0800184c   0x00000010   Code   RO          125    .text.DMA1_Channel2_IRQHandler  stm32f1xx_it.o
    0x0800185c   0x0800185c   0x00000010   Code   RO          127    .text.DMA1_Channel4_IRQHandler  stm32f1xx_it.o
    0x0800186c   0x0800186c   0x00000010   Code   RO          129    .text.DMA1_Channel7_IRQHandler  stm32f1xx_it.o
    0x0800187c   0x0800187c   0x00000050   Code   RO          754    .text.DMA_SetConfig  stm32f1xx_hal_dma.o
    0x080018cc   0x080018cc   0x00000002   Code   RO          121    .text.DebugMon_Handler  stm32f1xx_it.o
    0x080018ce   0x080018ce   0x00000002   PAD
    0x080018d0   0x080018d0   0x0000000e   Code   RO           15    .text.Error_Handler  main.o
    0x080018de   0x080018de   0x00000002   PAD
    0x080018e0   0x080018e0   0x000001b4   Code   RO          563    .text.HAL_ADC_ConfigChannel  stm32f1xx_hal_adc.o
    0x08001a94   0x08001a94   0x00000008   Code   RO          555    .text.HAL_ADC_ConvCpltCallback  stm32f1xx_hal_adc.o
    0x08001a9c   0x08001a9c   0x00000008   Code   RO          559    .text.HAL_ADC_ConvHalfCpltCallback  stm32f1xx_hal_adc.o
    0x08001aa4   0x08001aa4   0x00000008   Code   RO          561    .text.HAL_ADC_ErrorCallback  stm32f1xx_hal_adc.o
    0x08001aac   0x08001aac   0x00000212   Code   RO          517    .text.HAL_ADC_Init  stm32f1xx_hal_adc.o
    0x08001cbe   0x08001cbe   0x00000002   PAD
    0x08001cc0   0x08001cc0   0x000000ca   Code   RO           67    .text.HAL_ADC_MspInit  adc.o
    0x08001d8a   0x08001d8a   0x00000002   PAD
    0x08001d8c   0x08001d8c   0x00000226   Code   RO          541    .text.HAL_ADC_Start_DMA  stm32f1xx_hal_adc.o
    0x08001fb2   0x08001fb2   0x00000002   PAD
    0x08001fb4   0x08001fb4   0x000000ae   Code   RO          549    .text.HAL_ADC_Stop_DMA  stm32f1xx_hal_adc.o
    0x08002062   0x08002062   0x00000002   PAD
    0x08002064   0x08002064   0x0000007c   Code   RO          758    .text.HAL_DMA_Abort  stm32f1xx_hal_dma.o
    0x080020e0   0x080020e0   0x0000011c   Code   RO          760    .text.HAL_DMA_Abort_IT  stm32f1xx_hal_dma.o
    0x080021fc   0x080021fc   0x00000286   Code   RO          764    .text.HAL_DMA_IRQHandler  stm32f1xx_hal_dma.o
    0x08002482   0x08002482   0x00000002   PAD
    0x08002484   0x08002484   0x000000ae   Code   RO          748    .text.HAL_DMA_Init  stm32f1xx_hal_dma.o
    0x08002532   0x08002532   0x00000002   PAD
    0x08002534   0x08002534   0x000000ca   Code   RO          756    .text.HAL_DMA_Start_IT  stm32f1xx_hal_dma.o
    0x080025fe   0x080025fe   0x00000002   PAD
    0x08002600   0x08002600   0x0000031e   Code   RO          725    .text.HAL_GPIO_Init  stm32f1xx_hal_gpio.o
    0x0800291e   0x0800291e   0x00000002   PAD
    0x08002920   0x08002920   0x0000002e   Code   RO          731    .text.HAL_GPIO_WritePin  stm32f1xx_hal_gpio.o
    0x0800294e   0x0800294e   0x00000002   PAD
    0x08002950   0x08002950   0x0000000c   Code   RO          623    .text.HAL_GetTick   stm32f1xx_hal.o
    0x0800295c   0x0800295c   0x0000001a   Code   RO          621    .text.HAL_IncTick   stm32f1xx_hal.o
    0x08002976   0x08002976   0x00000002   PAD
    0x08002978   0x08002978   0x00000026   Code   RO          611    .text.HAL_Init      stm32f1xx_hal.o
    0x0800299e   0x0800299e   0x00000002   PAD
    0x080029a0   0x080029a0   0x000000da   Code   RO          154    .text.HAL_InitTick  stm32f1xx_hal_timebase_tim.o
    0x08002a7a   0x08002a7a   0x00000002   PAD
    0x08002a7c   0x08002a7c   0x00000072   Code   RO          146    .text.HAL_MspInit   stm32f1xx_hal_msp.o
    0x08002aee   0x08002aee   0x00000002   PAD
    0x08002af0   0x08002af0   0x00000014   Code   RO          793    .text.HAL_NVIC_EnableIRQ  stm32f1xx_hal_cortex.o
    0x08002b04   0x08002b04   0x00000032   Code   RO          785    .text.HAL_NVIC_SetPriority  stm32f1xx_hal_cortex.o
    0x08002b36   0x08002b36   0x00000002   PAD
    0x08002b38   0x08002b38   0x00000010   Code   RO          781    .text.HAL_NVIC_SetPriorityGrouping  stm32f1xx_hal_cortex.o
    0x08002b48   0x08002b48   0x000001c8   Code   RO          710    .text.HAL_RCCEx_PeriphCLKConfig  stm32f1xx_hal_rcc_ex.o
    0x08002d10   0x08002d10   0x00000256   Code   RO          677    .text.HAL_RCC_ClockConfig  stm32f1xx_hal_rcc.o
    0x08002f66   0x08002f66   0x00000002   PAD
    0x08002f68   0x08002f68   0x00000054   Code   RO          695    .text.HAL_RCC_GetClockConfig  stm32f1xx_hal_rcc.o
    0x08002fbc   0x08002fbc   0x0000000c   Code   RO          687    .text.HAL_RCC_GetHCLKFreq  stm32f1xx_hal_rcc.o
    0x08002fc8   0x08002fc8   0x00000022   Code   RO          689    .text.HAL_RCC_GetPCLK1Freq  stm32f1xx_hal_rcc.o
    0x08002fea   0x08002fea   0x00000002   PAD
    0x08002fec   0x08002fec   0x00000022   Code   RO          691    .text.HAL_RCC_GetPCLK2Freq  stm32f1xx_hal_rcc.o
    0x0800300e   0x0800300e   0x00000002   PAD
    0x08003010   0x08003010   0x000000bc   Code   RO          679    .text.HAL_RCC_GetSysClockFreq  stm32f1xx_hal_rcc.o
    0x080030cc   0x080030cc   0x0000067a   Code   RO          673    .text.HAL_RCC_OscConfig  stm32f1xx_hal_rcc.o
    0x08003746   0x08003746   0x00000002   PAD
    0x08003748   0x08003748   0x00000008   Code   RO          504    .text.HAL_TIMEx_BreakCallback  stm32f1xx_hal_tim_ex.o
    0x08003750   0x08003750   0x00000008   Code   RO          500    .text.HAL_TIMEx_CommutCallback  stm32f1xx_hal_tim_ex.o
    0x08003758   0x08003758   0x0000009c   Code   RO          181    .text.HAL_TIM_Base_Init  stm32f1xx_hal_tim.o
    0x080037f4   0x080037f4   0x00000008   Code   RO          183    .text.HAL_TIM_Base_MspInit  stm32f1xx_hal_tim.o
    0x080037fc   0x080037fc   0x000000b0   Code   RO          195    .text.HAL_TIM_Base_Start_IT  stm32f1xx_hal_tim.o
    0x080038ac   0x080038ac   0x00000008   Code   RO          317    .text.HAL_TIM_IC_CaptureCallback  stm32f1xx_hal_tim.o
    0x080038b4   0x080038b4   0x0000021a   Code   RO          315    .text.HAL_TIM_IRQHandler  stm32f1xx_hal_tim.o
    0x08003ace   0x08003ace   0x00000002   PAD
    0x08003ad0   0x08003ad0   0x00000008   Code   RO          319    .text.HAL_TIM_OC_DelayElapsedCallback  stm32f1xx_hal_tim.o
    0x08003ad8   0x08003ad8   0x00000008   Code   RO          321    .text.HAL_TIM_PWM_PulseFinishedCallback  stm32f1xx_hal_tim.o
    0x08003ae0   0x08003ae0   0x00000022   Code   RO           17    .text.HAL_TIM_PeriodElapsedCallback  main.o
    0x08003b02   0x08003b02   0x00000002   PAD
    0x08003b04   0x08003b04   0x00000008   Code   RO          325    .text.HAL_TIM_TriggerCallback  stm32f1xx_hal_tim.o
    0x08003b0c   0x08003b0c   0x0000000c   Code   RO         1081    .text.HAL_UARTEx_RxEventCallback  stm32f1xx_hal_uart.o
    0x08003b18   0x08003b18   0x00000008   Code   RO         1079    .text.HAL_UART_ErrorCallback  stm32f1xx_hal_uart.o
    0x08003b20   0x08003b20   0x0000042a   Code   RO         1073    .text.HAL_UART_IRQHandler  stm32f1xx_hal_uart.o
    0x08003f4a   0x08003f4a   0x00000002   PAD
    0x08003f4c   0x08003f4c   0x0000009e   Code   RO          989    .text.HAL_UART_Init  stm32f1xx_hal_uart.o
    0x08003fea   0x08003fea   0x00000002   PAD
    0x08003fec   0x08003fec   0x000002b4   Code   RO           94    .text.HAL_UART_MspInit  usart.o
    0x080042a0   0x080042a0   0x00000056   Code   RO         1013    .text.HAL_UART_Receive_IT  stm32f1xx_hal_uart.o
    0x080042f6   0x080042f6   0x00000002   PAD
    0x080042f8   0x080042f8   0x000002d0   Code   RO         2017    .text.HAL_UART_RxCpltCallback  my_uart.o
    0x080045c8   0x080045c8   0x000000e2   Code   RO         1017    .text.HAL_UART_Transmit_DMA  stm32f1xx_hal_uart.o
    0x080046aa   0x080046aa   0x00000002   PAD
    0x080046ac   0x080046ac   0x00000008   Code   RO         1087    .text.HAL_UART_TxCpltCallback  stm32f1xx_hal_uart.o
    0x080046b4   0x080046b4   0x00000008   Code   RO         1089    .text.HAL_UART_TxHalfCpltCallback  stm32f1xx_hal_uart.o
    0x080046bc   0x080046bc   0x00000004   Code   RO          113    .text.HardFault_Handler  stm32f1xx_it.o
    0x080046c0   0x080046c0   0x00000108   Code   RO           65    .text.MX_ADC1_Init  adc.o
    0x080047c8   0x080047c8   0x00000072   Code   RO           80    .text.MX_DMA_Init   dma.o
    0x0800483a   0x0800483a   0x00000002   PAD
    0x0800483c   0x0800483c   0x000000aa   Code   RO           35    .text.MX_FREERTOS_Init  freertos.o
    0x080048e6   0x080048e6   0x00000002   PAD
    0x080048e8   0x080048e8   0x000000ee   Code   RO           27    .text.MX_GPIO_Init  gpio.o
    0x080049d6   0x080049d6   0x00000002   PAD
    0x080049d8   0x080049d8   0x00000040   Code   RO           88    .text.MX_USART1_UART_Init  usart.o
    0x08004a18   0x08004a18   0x00000040   Code   RO           90    .text.MX_USART2_UART_Init  usart.o
    0x08004a58   0x08004a58   0x00000040   Code   RO           92    .text.MX_USART3_UART_Init  usart.o
    0x08004a98   0x08004a98   0x00000004   Code   RO          115    .text.MemManage_Handler  stm32f1xx_it.o
    0x08004a9c   0x08004a9c   0x00000004   Code   RO          111    .text.NMI_Handler   stm32f1xx_it.o
    0x08004aa0   0x08004aa0   0x0000006c   Code   RO          791    .text.NVIC_EncodePriority  stm32f1xx_hal_cortex.o
    0x08004b0c   0x08004b0c   0x00000004   PAD
    0x08004b10   0x08004b10   0x00000044   Code   RO         1152    .text.PendSV_Handler  port.o
    0x08004b54   0x08004b54   0x0000003a   Code   RO          675    .text.RCC_Delay     stm32f1xx_hal_rcc.o
    0x08004b8e   0x08004b8e   0x00000002   PAD
    0x08004b90   0x08004b90   0x00000024   Code   RO         1138    .text.SVC_Handler   port.o
    0x08004bb4   0x08004bb4   0x0000000e   Code   RO         1602    .text.SVC_Setup     cmsis_os2.o
    0x08004bc2   0x08004bc2   0x00000002   PAD
    0x08004bc4   0x08004bc4   0x00000010   Code   RO           37    .text.StartDefaultTask  freertos.o
    0x08004bd4   0x08004bd4   0x0000001e   Code   RO         1592    .text.SysTick_Handler  cmsis_os2.o
    0x08004bf2   0x08004bf2   0x00000002   PAD
    0x08004bf4   0x08004bf4   0x00000090   Code   RO           13    .text.SystemClock_Config  main.o
    0x08004c84   0x08004c84   0x00000002   Code   RO         1120    .text.SystemInit    system_stm32f1xx.o
    0x08004c86   0x08004c86   0x00000002   PAD
    0x08004c88   0x08004c88   0x00000010   Code   RO          131    .text.TIM1_UP_IRQHandler  stm32f1xx_it.o
    0x08004c98   0x08004c98   0x00000106   Code   RO          185    .text.TIM_Base_SetConfig  stm32f1xx_hal_tim.o
    0x08004d9e   0x08004d9e   0x00000002   PAD
    0x08004da0   0x08004da0   0x00000040   Code   RO         2073    .text.Task_adc      my_adc.o
    0x08004de0   0x08004de0   0x00000028   Code   RO         1992    .text.Task_dfplayer  dfplayer.o
    0x08004e08   0x08004e08   0x00000028   Code   RO         1824    .text.Task_screen   screen.o
    0x08004e30   0x08004e30   0x00000028   Code   RO         1862    .text.Task_wireless  wireless.o
    0x08004e58   0x08004e58   0x00000020   Code   RO         1077    .text.UART_DMAAbortOnError  stm32f1xx_hal_uart.o
    0x08004e78   0x08004e78   0x0000007c   Code   RO         1023    .text.UART_DMAError  stm32f1xx_hal_uart.o
    0x08004ef4   0x08004ef4   0x0000007a   Code   RO         1019    .text.UART_DMATransmitCplt  stm32f1xx_hal_uart.o
    0x08004f6e   0x08004f6e   0x00000002   PAD
    0x08004f70   0x08004f70   0x00000016   Code   RO         1021    .text.UART_DMATxHalfCplt  stm32f1xx_hal_uart.o
    0x08004f86   0x08004f86   0x00000002   PAD
    0x08004f88   0x08004f88   0x00000094   Code   RO         1037    .text.UART_EndRxTransfer  stm32f1xx_hal_uart.o
    0x0800501c   0x0800501c   0x00000026   Code   RO         1085    .text.UART_EndTransmit_IT  stm32f1xx_hal_uart.o
    0x08005042   0x08005042   0x00000002   PAD
    0x08005044   0x08005044   0x00000036   Code   RO         1035    .text.UART_EndTxTransfer  stm32f1xx_hal_uart.o
    0x0800507a   0x0800507a   0x00000002   PAD
    0x0800507c   0x0800507c   0x0000016a   Code   RO         1075    .text.UART_Receive_IT  stm32f1xx_hal_uart.o
    0x080051e6   0x080051e6   0x00000002   PAD
    0x080051e8   0x080051e8   0x000000ba   Code   RO          993    .text.UART_SetConfig  stm32f1xx_hal_uart.o
    0x080052a2   0x080052a2   0x00000002   PAD
    0x080052a4   0x080052a4   0x00000062   Code   RO         1015    .text.UART_Start_Receive_IT  stm32f1xx_hal_uart.o
    0x08005306   0x08005306   0x00000002   PAD
    0x08005308   0x08005308   0x00000094   Code   RO         1083    .text.UART_Transmit_IT  stm32f1xx_hal_uart.o
    0x0800539c   0x0800539c   0x00000010   Code   RO          133    .text.USART1_IRQHandler  stm32f1xx_it.o
    0x080053ac   0x080053ac   0x00000010   Code   RO          135    .text.USART2_IRQHandler  stm32f1xx_it.o
    0x080053bc   0x080053bc   0x00000010   Code   RO          137    .text.USART3_IRQHandler  stm32f1xx_it.o
    0x080053cc   0x080053cc   0x00000004   Code   RO          119    .text.UsageFault_Handler  stm32f1xx_it.o
    0x080053d0   0x080053d0   0x0000000c   Code   RO         1994    .text._GLOBAL__sub_I_DFPlayer.cpp  dfplayer.o
    0x080053dc   0x080053dc   0x0000000c   Code   RO         1826    .text._GLOBAL__sub_I_Screen.cpp  screen.o
    0x080053e8   0x080053e8   0x0000000c   Code   RO         1864    .text._GLOBAL__sub_I_WireLess.cpp  wireless.o
    0x080053f4   0x080053f4   0x0000000c   Code   RO         1927    .text._GLOBAL__sub_I_battery.cpp  battery.o
    0x08005400   0x08005400   0x0000000c   Code   RO         1893    .text._GLOBAL__sub_I_joystick.cpp  joystick.o
    0x0800540c   0x0800540c   0x00000008   Code   RO         2075    .text._GLOBAL__sub_I_my_adc.cpp  my_adc.o
    0x08005414   0x08005414   0x00000042   Code   RO         2046    .text._ZN10Subscriber12transferDataEhhPKh  protocol.o
    0x08005456   0x08005456   0x00000002   PAD
    0x08005458   0x08005458   0x00000012   Code   RO         1844    .text._ZN10Subscriber20DataReceivedCallbackEhhPKh  screen.o
    0x0800546a   0x0800546a   0x00000002   PAD
    0x0800546c   0x0800546c   0x00000018   Code   RO         2036    .text._ZN10Subscriber7addportEP8protocol  protocol.o
    0x08005484   0x08005484   0x00000026   Code   RO         2050    .text._ZN10Subscriber8get_uartEv  protocol.o
    0x080054aa   0x080054aa   0x00000002   PAD
    0x080054ac   0x080054ac   0x00000048   Code   RO         2044    .text._ZN10Subscriber8sendDataEhhPKh  protocol.o
    0x080054f4   0x080054f4   0x0000001c   Code   RO         1842    .text._ZN10SubscriberC2Ev  screen.o
    0x08005510   0x08005510   0x0000001c   Code   RO         2009    .text._ZN12SerialDevice16initReceiveQueueEv  my_uart.o
    0x0800552c   0x0800552c   0x00000024   Code   RO         2013    .text._ZN12SerialDevice17Instance_RegisterEPS_  my_uart.o
    0x08005550   0x08005550   0x00000042   Code   RO         2015    .text._ZN12SerialDevice18startUartReceiveITEv  my_uart.o
    0x08005592   0x08005592   0x00000002   PAD
    0x08005594   0x08005594   0x00000042   Code   RO         2011    .text._ZN12SerialDeviceC2EP20__UART_HandleTypeDef  my_uart.o
    0x080055d6   0x080055d6   0x00000002   PAD
    0x080055d8   0x080055d8   0x00000094   Code   RO         1810    .text._ZN6Screen10ScreenInitEv  screen.o
    0x0800566c   0x0800566c   0x00000074   Code   RO         1818    .text._ZN6Screen11TJC_processEPchPh  screen.o
    0x080056e0   0x080056e0   0x00000020   Code   RO         1822    .text._ZN6Screen11Task_screenEv  screen.o
    0x08005700   0x08005700   0x000000b0   Code   RO         1808    .text._ZN6Screen11processDataEhPhhS0_  screen.o
    0x080057b0   0x080057b0   0x000001b6   Code   RO         1816    .text._ZN6Screen12SETTINGSPAGEEhhPh  screen.o
    0x08005966   0x08005966   0x00000002   PAD
    0x08005968   0x08005968   0x000000c0   Code   RO         1806    .text._ZN6Screen20DataReceivedCallbackEhhPKh  screen.o
    0x08005a28   0x08005a28   0x0000003a   Code   RO         1820    .text._ZN6Screen8TJC_SendEv  screen.o
    0x08005a62   0x08005a62   0x00000002   PAD
    0x08005a64   0x08005a64   0x00000288   Code   RO         1812    .text._ZN6Screen9MAJORPAGEEhhPh  screen.o
    0x08005cec   0x08005cec   0x000003c0   Code   RO         1814    .text._ZN6Screen9MINORPAGEEhhPh  screen.o
    0x080060ac   0x080060ac   0x000000ea   Code   RO         1840    .text._ZN6ScreenC2Ev  screen.o
    0x08006196   0x08006196   0x00000002   PAD
    0x08006198   0x08006198   0x0000001a   Code   RO         1915    .text._ZN7Battery10GetVoltageEj  battery.o
    0x080061b2   0x080061b2   0x00000002   PAD
    0x080061b4   0x080061b4   0x0000002c   Code   RO         1923    .text._ZN7Battery12Battery_initEv  battery.o
    0x080061e0   0x080061e0   0x0000004e   Code   RO         1925    .text._ZN7Battery12Task_BatteryEv  battery.o
    0x0800622e   0x0800622e   0x00000002   PAD
    0x08006230   0x08006230   0x0000010a   Code   RO         1919    .text._ZN7Battery14Battery_fliterEj  battery.o
    0x0800633a   0x0800633a   0x00000002   PAD
    0x0800633c   0x0800633c   0x00000012   Code   RO         1921    .text._ZN7Battery20DataReceivedCallbackEhhPKh  battery.o
    0x0800634e   0x0800634e   0x00000002   PAD
    0x08006350   0x08006350   0x000000b8   Code   RO         1917    .text._ZN7Battery27ReadBatteryVoltage_AveragedEv  battery.o
    0x08006408   0x08006408   0x0000002e   Code   RO         1943    .text._ZN7BatteryC2Ev  battery.o
    0x08006436   0x08006436   0x00000002   PAD
    0x08006438   0x08006438   0x00000036   Code   RO         1986    .text._ZN8DFPlayer12process_dataEhhPKh  dfplayer.o
    0x0800646e   0x0800646e   0x00000002   PAD
    0x08006470   0x08006470   0x00000078   Code   RO         1978    .text._ZN8DFPlayer13DFPlayer_initEv  dfplayer.o
    0x080064e8   0x080064e8   0x00000010   Code   RO         1990    .text._ZN8DFPlayer13Task_DFPlayerEv  dfplayer.o
    0x080064f8   0x080064f8   0x00000034   Code   RO         1984    .text._ZN8DFPlayer20DataReceivedCallbackEhhPKh  dfplayer.o
    0x0800652c   0x0800652c   0x00000066   Code   RO         1980    .text._ZN8DFPlayer7DF_packEhhh  dfplayer.o
    0x08006592   0x08006592   0x00000002   PAD
    0x08006594   0x08006594   0x00000036   Code   RO         1982    .text._ZN8DFPlayer7DF_playEv  dfplayer.o
    0x080065ca   0x080065ca   0x00000002   PAD
    0x080065cc   0x080065cc   0x0000002c   Code   RO         1988    .text._ZN8DFPlayer7DF_sendEv  dfplayer.o
    0x080065f8   0x080065f8   0x00000096   Code   RO         2006    .text._ZN8DFPlayerC2Ev  dfplayer.o
    0x0800668e   0x0800668e   0x00000002   PAD
    0x08006690   0x08006690   0x00000016   Code   RO         1908    .text._ZN8JOYStick16ControllerData_tC2Ev  joystick.o
    0x080066a6   0x080066a6   0x00000002   PAD
    0x080066a8   0x080066a8   0x00000012   Code   RO         1885    .text._ZN8JOYStick20DataReceivedCallbackEhhPKh  joystick.o
    0x080066ba   0x080066ba   0x00000002   PAD
    0x080066bc   0x080066bc   0x00000224   Code   RO         1906    .text._ZN8JOYStickC2Ev  joystick.o
    0x080068e0   0x080068e0   0x0000001e   Code   RO         1860    .text._ZN8WireLess13Task_WireLessEv  wireless.o
    0x080068fe   0x080068fe   0x00000002   PAD
    0x08006900   0x08006900   0x0000008a   Code   RO         1852    .text._ZN8WireLess13WireLess_initEv  wireless.o
    0x0800698a   0x0800698a   0x00000002   PAD
    0x0800698c   0x0800698c   0x00000060   Code   RO         1856    .text._ZN8WireLess18processData_ScreenEPKh  wireless.o
    0x080069ec   0x080069ec   0x00000032   Code   RO         1854    .text._ZN8WireLess20DataReceivedCallbackEhhPKh  wireless.o
    0x08006a1e   0x08006a1e   0x00000002   PAD
    0x08006a20   0x08006a20   0x00000008   Code   RO         1858    .text._ZN8WireLess20processData_JoystickEv  wireless.o
    0x08006a28   0x08006a28   0x00000072   Code   RO         1877    .text._ZN8WireLessC2Ev  wireless.o
    0x08006a9a   0x08006a9a   0x00000002   PAD
    0x08006a9c   0x08006a9c   0x0000009e   Code   RO         2048    .text._ZN8protocol12TransferDataEhhPKh  protocol.o
    0x08006b3a   0x08006b3a   0x00000002   PAD
    0x08006b3c   0x08006b3c   0x0000003a   Code   RO         2034    .text._ZN8protocol13addSubscriberEP10Subscriber  protocol.o
    0x08006b76   0x08006b76   0x00000002   PAD
    0x08006b78   0x08006b78   0x00000088   Code   RO         2040    .text._ZN8protocol15processSendDataEhhPKh  protocol.o
    0x08006c00   0x08006c00   0x000000c2   Code   RO         2038    .text._ZN8protocol17handleReceiveDataEv  protocol.o
    0x08006cc2   0x08006cc2   0x00000002   PAD
    0x08006cc4   0x08006cc4   0x000000b4   Code   RO         2042    .text._ZN8protocol8SendDataEv  protocol.o
    0x08006d78   0x08006d78   0x00000038   Code   RO         2032    .text._ZN8protocol9initQueueEv  protocol.o
    0x08006db0   0x08006db0   0x00000024   Code   RO         2030    .text._ZN8protocolC2EP20__UART_HandleTypeDef  protocol.o
    0x08006dd4   0x08006dd4   0x000000b2   Code   RO         2069    .text._ZN9ADCDevice13UpdateAverageEv  my_adc.o
    0x08006e86   0x08006e86   0x00000002   PAD
    0x08006e88   0x08006e88   0x0000001a   Code   RO         2067    .text._ZN9ADCDevice8ADC_initEv  my_adc.o
    0x08006ea2   0x08006ea2   0x00000002   PAD
    0x08006ea4   0x08006ea4   0x00000022   Code   RO         2071    .text._ZN9ADCDevice8Task_ADCEv  my_adc.o
    0x08006ec6   0x08006ec6   0x00000002   PAD
    0x08006ec8   0x08006ec8   0x0000000a   Code   RO         2085    .text._ZN9ADCDeviceC2Ev  my_adc.o
    0x08006ed2   0x08006ed2   0x00000002   PAD
    0x08006ed4   0x08006ed4   0x0000000a   Code   RO         1947    .text._ZNKSt3__25arrayIjLj5EE4sizeB8nn200000Ev  battery.o
    0x08006ede   0x08006ede   0x00000002   PAD
    0x08006ee0   0x08006ee0   0x000001be   Code   RO         2175    .text._ZNSt3__211__introsortINS_17_ClassicAlgPolicyENS_6ranges4lessEPjLb0EEEvT1_S5_T0_NS_15iterator_traitsIS5_E15difference_typeEb  libcpp_w.l(algorithm.cpp.o)
    0x0800709e   0x0800709e   0x00000002   PAD
    0x080070a0   0x080070a0   0x0000009c   Code   RO         2347    .text._ZNSt3__211__sift_downB8nn200000INS_17_ClassicAlgPolicyERNS_6ranges4lessEPjEEvT1_OT0_NS_15iterator_traitsIS6_E15difference_typeES6_  libcpp_w.l(algorithm.cpp.o)
    0x0800713c   0x0800713c   0x00000046   Code   RO         1959    .text._ZNSt3__211__sort_implB8nn200000INS_17_ClassicAlgPolicyEPjNS_6__lessIvvEEEEvT0_S5_RT1_  battery.o
    0x08007182   0x08007182   0x00000002   PAD
    0x08007184   0x08007184   0x0000000a   Code   RO         1971    .text._ZNSt3__212__to_addressB8nn200000IjEEPT_S2_  battery.o
    0x0800718e   0x0800718e   0x00000002   PAD
    0x08007190   0x08007190   0x00000010   Code   RO         1965    .text._ZNSt3__213__unwrap_iterB8nn200000IPjNS_18__unwrap_iter_implIS1_Lb1EEETnNS_9enable_ifIXsr21is_copy_constructibleIT_EE5valueEiE4typeELi0EEEDTclsrT0_8__unwrapclsr3stdE7declvalIS5_EEEES5_  battery.o
    0x080071a0   0x080071a0   0x0000001a   Code   RO         1963    .text._ZNSt3__215__sort_dispatchB8nn200000INS_17_ClassicAlgPolicyEjTnNS_9enable_ifIXsr32__sort_is_specialized_in_libraryIT0_EE5valueEiE4typeELi0EEEvPS3_S6_RNS_6__lessIvvEE  battery.o
    0x080071ba   0x080071ba   0x00000002   PAD
    0x080071bc   0x080071bc   0x0000004e   Code   RO         2331    .text._ZNSt3__216__insertion_sortB8nn200000INS_17_ClassicAlgPolicyENS_6ranges4lessEPjEEvT1_S5_T0_  libcpp_w.l(algorithm.cpp.o)
    0x0800720a   0x0800720a   0x00000002   PAD
    0x0800720c   0x0800720c   0x00000010   Code   RO         1969    .text._ZNSt3__218__unwrap_iter_implIPjLb1EE8__unwrapB8nn200000ES1_  battery.o
    0x0800721c   0x0800721c   0x0000012c   Code   RO         2345    .text._ZNSt3__219__partial_sort_implB8nn200000INS_17_ClassicAlgPolicyERNS_6ranges4lessEPjS5_EET1_S6_S6_T2_OT0_  libcpp_w.l(algorithm.cpp.o)
    0x08007348   0x08007348   0x0000000a   Code   RO         1961    .text._ZNSt3__223__debug_randomize_rangeB8nn200000INS_17_ClassicAlgPolicyEPjS2_EEvT0_T1_  battery.o
    0x08007352   0x08007352   0x00000002   PAD
    0x08007354   0x08007354   0x000000d8   Code   RO         2339    .text._ZNSt3__227__insertion_sort_incompleteB8nn200000INS_17_ClassicAlgPolicyENS_6ranges4lessEPjEEbT1_S5_T0_  libcpp_w.l(algorithm.cpp.o)
    0x0800742c   0x0800742c   0x00000074   Code   RO         2335    .text._ZNSt3__231__partition_with_equals_on_leftB8nn200000INS_17_ClassicAlgPolicyEPjRNS_6ranges4lessEEET0_S6_S6_T1_  libcpp_w.l(algorithm.cpp.o)
    0x080074a0   0x080074a0   0x00000078   Code   RO         2337    .text._ZNSt3__232__partition_with_equals_on_rightB8nn200000INS_17_ClassicAlgPolicyEPjNS_6ranges4lessEEENS_4pairIT0_bEES6_S6_T1_  libcpp_w.l(algorithm.cpp.o)
    0x08007518   0x08007518   0x0000000c   Code   RO         1967    .text._ZNSt3__235__check_strict_weak_ordering_sortedB8nn200000IPjNS_6__lessIvvEEEEvT_S4_RT0_  battery.o
    0x08007524   0x08007524   0x00000014   Code   RO         1949    .text._ZNSt3__24sortB8nn200000IPjEEvT_S2_  battery.o
    0x08007538   0x08007538   0x00000018   Code   RO         1957    .text._ZNSt3__24sortB8nn200000IPjNS_6__lessIvvEEEEvT_S4_T0_  battery.o
    0x08007550   0x08007550   0x00000012   Code   RO         1953    .text._ZNSt3__25arrayIjLj5EE3endB8nn200000Ev  battery.o
    0x08007562   0x08007562   0x00000002   PAD
    0x08007564   0x08007564   0x0000000a   Code   RO         1955    .text._ZNSt3__25arrayIjLj5EE4dataB8nn200000Ev  battery.o
    0x0800756e   0x0800756e   0x00000002   PAD
    0x08007570   0x08007570   0x00000010   Code   RO         1951    .text._ZNSt3__25arrayIjLj5EE5beginB8nn200000Ev  battery.o
    0x08007580   0x08007580   0x00000012   Code   RO         1945    .text._ZNSt3__25arrayIjLj5EEixB8nn200000Ej  battery.o
    0x08007592   0x08007592   0x00000014   Code   RO         2173    .text._ZNSt3__26__sortIRNS_6__lessIjjEEPjEEvT0_S5_T_  libcpp_w.l(algorithm.cpp.o)
    0x080075a6   0x080075a6   0x00000054   Code   RO         2333    .text._ZNSt3__27__sort3B8nn200000INS_17_ClassicAlgPolicyENS_6ranges4lessEPjEEjT1_S5_S5_T0_  libcpp_w.l(algorithm.cpp.o)
    0x080075fa   0x080075fa   0x00000038   Code   RO         2341    .text._ZNSt3__27__sort4B8nn200000INS_17_ClassicAlgPolicyENS_6ranges4lessEPjEEvT1_S5_S5_S5_T0_  libcpp_w.l(algorithm.cpp.o)
    0x08007632   0x08007632   0x00000050   Code   RO         2343    .text._ZNSt3__27__sort5B8nn200000INS_17_ClassicAlgPolicyENS_6ranges4lessEPjEEvT1_S5_S5_S5_S5_T0_  libcpp_w.l(algorithm.cpp.o)
    0x08007682   0x08007682   0x00000002   PAD
    0x08007684   0x08007684   0x00000030   Code   RO          795    .text.__NVIC_EnableIRQ  stm32f1xx_hal_cortex.o
    0x080076b4   0x080076b4   0x00000010   Code   RO          787    .text.__NVIC_GetPriorityGrouping  stm32f1xx_hal_cortex.o
    0x080076c4   0x080076c4   0x00000042   Code   RO          789    .text.__NVIC_SetPriority  stm32f1xx_hal_cortex.o
    0x08007706   0x08007706   0x00000002   PAD
    0x08007708   0x08007708   0x00000042   Code   RO         1756    .text.__NVIC_SetPriority  cmsis_os2.o
    0x0800774a   0x0800774a   0x00000002   PAD
    0x0800774c   0x0800774c   0x0000003c   Code   RO          783    .text.__NVIC_SetPriorityGrouping  stm32f1xx_hal_cortex.o
    0x08007788   0x08007788   0x00000028   Code   RO         2476    .text.__cxa_pure_virtual  libcppabi_w.l(cxa_virtual.cpp.o)
    0x080077b0   0x080077b0   0x00000018   Code   RO         1802    .text.__cxx_global_var_init  screen.o
    0x080077c8   0x080077c8   0x00000018   Code   RO         1848    .text.__cxx_global_var_init  wireless.o
    0x080077e0   0x080077e0   0x00000018   Code   RO         1881    .text.__cxx_global_var_init  joystick.o
    0x080077f8   0x080077f8   0x00000010   Code   RO         1911    .text.__cxx_global_var_init  battery.o
    0x08007808   0x08007808   0x00000018   Code   RO         1974    .text.__cxx_global_var_init  dfplayer.o
    0x08007820   0x08007820   0x00000010   Code   RO         2065    .text.__cxx_global_var_init  my_adc.o
    0x08007830   0x08007830   0x00000010   Code   RO         1804    .text.__cxx_global_var_init.1  screen.o
    0x08007840   0x08007840   0x00000010   Code   RO         1850    .text.__cxx_global_var_init.1  wireless.o
    0x08007850   0x08007850   0x00000010   Code   RO         1883    .text.__cxx_global_var_init.1  joystick.o
    0x08007860   0x08007860   0x00000018   Code   RO         1913    .text.__cxx_global_var_init.1  battery.o
    0x08007878   0x08007878   0x00000010   Code   RO         1976    .text.__cxx_global_var_init.1  dfplayer.o
    0x08007888   0x08007888   0x00000038   Code   RO           11    .text.main          main.o
    0x080078c0   0x080078c0   0x00000034   Code   RO         1660    .text.osDelay       cmsis_os2.o
    0x080078f4   0x080078f4   0x00000046   Code   RO         1594    .text.osKernelInitialize  cmsis_os2.o
    0x0800793a   0x0800793a   0x00000002   PAD
    0x0800793c   0x0800793c   0x00000052   Code   RO         1600    .text.osKernelStart  cmsis_os2.o
    0x0800798e   0x0800798e   0x00000002   PAD
    0x08007990   0x08007990   0x000000c0   Code   RO         1714    .text.osMessageQueueGet  cmsis_os2.o
    0x08007a50   0x08007a50   0x000000fe   Code   RO         1710    .text.osMessageQueueNew  cmsis_os2.o
    0x08007b4e   0x08007b4e   0x00000002   PAD
    0x08007b50   0x08007b50   0x000000c4   Code   RO         1712    .text.osMessageQueuePut  cmsis_os2.o
    0x08007c14   0x08007c14   0x00000040   Code   RO         1724    .text.osMessageQueueReset  cmsis_os2.o
    0x08007c54   0x08007c54   0x0000015a   Code   RO         1624    .text.osThreadNew   cmsis_os2.o
    0x08007dae   0x08007dae   0x00000002   PAD
    0x08007db0   0x08007db0   0x000000d4   Code   RO         1386    .text.prvAddCurrentTaskToDelayedList  tasks.o
    0x08007e84   0x08007e84   0x00000122   Code   RO         1372    .text.prvAddNewTaskToReadyList  tasks.o
    0x08007fa6   0x08007fa6   0x00000002   PAD
    0x08007fa8   0x08007fa8   0x000000a2   Code   RO         1523    .text.prvCheckForValidListAndQueue  timers.o
    0x0800804a   0x0800804a   0x00000002   PAD
    0x0800804c   0x0800804c   0x0000005a   Code   RO         1490    .text.prvCheckTasksWaitingTermination  tasks.o
    0x080080a6   0x080080a6   0x00000002   PAD
    0x080080a8   0x080080a8   0x00000042   Code   RO         1265    .text.prvCopyDataFromQueue  queue.o
    0x080080ea   0x080080ea   0x00000002   PAD
    0x080080ec   0x080080ec   0x000000cc   Code   RO         1253    .text.prvCopyDataToQueue  queue.o
    0x080081b8   0x080081b8   0x0000005e   Code   RO         1378    .text.prvDeleteTCB  tasks.o
    0x08008216   0x08008216   0x00000002   PAD
    0x08008218   0x08008218   0x00000040   Code   RO         1561    .text.prvGetNextExpireTime  timers.o
    0x08008258   0x08008258   0x000000bc   Code   RO         1773    .text.prvHeapInit   heap_4.o
    0x08008314   0x08008314   0x00000038   Code   RO         1412    .text.prvIdleTask   tasks.o
    0x0800834c   0x0800834c   0x00000048   Code   RO         1227    .text.prvInitialiseNewQueue  queue.o
    0x08008394   0x08008394   0x00000122   Code   RO         1370    .text.prvInitialiseNewTask  tasks.o
    0x080084b6   0x080084b6   0x00000002   PAD
    0x080084b8   0x080084b8   0x0000008e   Code   RO         1488    .text.prvInitialiseTaskLists  tasks.o
    0x08008546   0x08008546   0x00000002   PAD
    0x08008548   0x08008548   0x000000c6   Code   RO         1775    .text.prvInsertBlockIntoFreeList  heap_4.o
    0x0800860e   0x0800860e   0x00000002   PAD
    0x08008610   0x08008610   0x00000086   Code   RO         1573    .text.prvInsertTimerInActiveList  timers.o
    0x08008696   0x08008696   0x00000002   PAD
    0x08008698   0x08008698   0x00000028   Code   RO         1267    .text.prvIsQueueEmpty  queue.o
    0x080086c0   0x080086c0   0x0000002e   Code   RO         1255    .text.prvIsQueueFull  queue.o
    0x080086ee   0x080086ee   0x00000002   PAD
    0x080086f0   0x080086f0   0x00000020   Code   RO         1144    .text.prvPortStartFirstTask  port.o
    0x08008710   0x08008710   0x0000008e   Code   RO         1569    .text.prvProcessExpiredTimer  timers.o
    0x0800879e   0x0800879e   0x00000002   PAD
    0x080087a0   0x080087a0   0x00000192   Code   RO         1565    .text.prvProcessReceivedCommands  timers.o
    0x08008932   0x08008932   0x00000002   PAD
    0x08008934   0x08008934   0x0000009a   Code   RO         1563    .text.prvProcessTimerOrBlockTask  timers.o
    0x080089ce   0x080089ce   0x00000002   PAD
    0x080089d0   0x080089d0   0x00000046   Code   RO         1380    .text.prvResetNextTaskUnblockTime  tasks.o
    0x08008a16   0x08008a16   0x00000002   PAD
    0x08008a18   0x08008a18   0x00000044   Code   RO         1567    .text.prvSampleTimeNow  timers.o
    0x08008a5c   0x08008a5c   0x000000d4   Code   RO         1571    .text.prvSwitchTimerLists  timers.o
    0x08008b30   0x08008b30   0x0000004c   Code   RO         1136    .text.prvTaskExitError  port.o
    0x08008b7c   0x08008b7c   0x0000001e   Code   RO         1525    .text.prvTimerTask  timers.o
    0x08008b9a   0x08008b9a   0x00000002   PAD
    0x08008b9c   0x08008b9c   0x000000ae   Code   RO         1257    .text.prvUnlockQueue  queue.o
    0x08008c4a   0x08008c4a   0x00000002   PAD
    0x08008c4c   0x08008c4c   0x000001ec   Code   RO         1771    .text.pvPortMalloc  heap_4.o
    0x08008e38   0x08008e38   0x00000050   Code   RO         1134    .text.pxPortInitialiseStack  port.o
    0x08008e88   0x08008e88   0x00000004   Code   RO         2648    .text.unlikely.abort_message  libcppabi_w.l(abort_message.cpp.o)
    0x08008e8c   0x08008e8c   0x00000048   Code   RO         1214    .text.uxListRemove  list.o
    0x08008ed4   0x08008ed4   0x0000002a   Code   RO         1752    .text.vApplicationGetIdleTaskMemory  cmsis_os2.o
    0x08008efe   0x08008efe   0x00000002   PAD
    0x08008f00   0x08008f00   0x0000002c   Code   RO         1754    .text.vApplicationGetTimerTaskMemory  cmsis_os2.o
    0x08008f2c   0x08008f2c   0x0000002e   Code   RO         1206    .text.vListInitialise  list.o
    0x08008f5a   0x08008f5a   0x00000002   PAD
    0x08008f5c   0x08008f5c   0x0000000e   Code   RO         1208    .text.vListInitialiseItem  list.o
    0x08008f6a   0x08008f6a   0x00000002   PAD
    0x08008f6c   0x08008f6c   0x0000006a   Code   RO         1212    .text.vListInsert   list.o
    0x08008fd6   0x08008fd6   0x00000002   PAD
    0x08008fd8   0x08008fd8   0x0000003a   Code   RO         1210    .text.vListInsertEnd  list.o
    0x08009012   0x08009012   0x00000002   PAD
    0x08009014   0x08009014   0x00000056   Code   RO         1148    .text.vPortEnterCritical  port.o
    0x0800906a   0x0800906a   0x00000002   PAD
    0x0800906c   0x0800906c   0x0000004a   Code   RO         1150    .text.vPortExitCritical  port.o
    0x080090b6   0x080090b6   0x00000002   PAD
    0x080090b8   0x080090b8   0x000000ce   Code   RO         1777    .text.vPortFree     heap_4.o
    0x08009186   0x08009186   0x00000002   PAD
    0x08009188   0x08009188   0x00000044   Code   RO         1142    .text.vPortSetupTimerInterrupt  port.o
    0x080091cc   0x080091cc   0x00000084   Code   RO         1156    .text.vPortValidateInterruptPriority  port.o
    0x08009250   0x08009250   0x00000052   Code   RO         1297    .text.vQueueAddToRegistry  queue.o
    0x080092a2   0x080092a2   0x00000002   PAD
    0x080092a4   0x080092a4   0x00000064   Code   RO         1301    .text.vQueueWaitForMessageRestricted  queue.o
    0x08009308   0x08009308   0x0000006e   Code   RO         1390    .text.vTaskDelay    tasks.o
    0x08009376   0x08009376   0x00000002   PAD
    0x08009378   0x08009378   0x00000024   Code   RO         1444    .text.vTaskInternalSetTimeOutState  tasks.o
    0x0800939c   0x0800939c   0x0000000e   Code   RO         1448    .text.vTaskMissedYield  tasks.o
    0x080093aa   0x080093aa   0x00000002   PAD
    0x080093ac   0x080093ac   0x00000042   Code   RO         1432    .text.vTaskPlaceOnEventList  tasks.o
    0x080093ee   0x080093ee   0x00000002   PAD
    0x080093f0   0x080093f0   0x00000052   Code   RO         1436    .text.vTaskPlaceOnEventListRestricted  tasks.o
    0x08009442   0x08009442   0x00000002   PAD
    0x08009444   0x08009444   0x000000e0   Code   RO         1410    .text.vTaskStartScheduler  tasks.o
    0x08009524   0x08009524   0x00000010   Code   RO         1384    .text.vTaskSuspendAll  tasks.o
    0x08009534   0x08009534   0x000000c6   Code   RO         1402    .text.vTaskSwitchContext  tasks.o
    0x080095fa   0x080095fa   0x00000002   PAD
    0x080095fc   0x080095fc   0x000000e6   Code   RO         1140    .text.xPortStartScheduler  port.o
    0x080096e2   0x080096e2   0x00000002   PAD
    0x080096e4   0x080096e4   0x0000003c   Code   RO         1154    .text.xPortSysTickHandler  port.o
    0x08009720   0x08009720   0x00000074   Code   RO         1229    .text.xQueueGenericCreate  queue.o
    0x08009794   0x08009794   0x0000010e   Code   RO         1225    .text.xQueueGenericCreateStatic  queue.o
    0x080098a2   0x080098a2   0x00000002   PAD
    0x080098a4   0x080098a4   0x000000ba   Code   RO         1223    .text.xQueueGenericReset  queue.o
    0x0800995e   0x0800995e   0x00000002   PAD
    0x08009960   0x08009960   0x0000022c   Code   RO         1243    .text.xQueueGenericSend  queue.o
    0x08009b8c   0x08009b8c   0x0000014c   Code   RO         1259    .text.xQueueGenericSendFromISR  queue.o
    0x08009cd8   0x08009cd8   0x000001dc   Code   RO         1263    .text.xQueueReceive  queue.o
    0x08009eb4   0x08009eb4   0x00000108   Code   RO         1273    .text.xQueueReceiveFromISR  queue.o
    0x08009fbc   0x08009fbc   0x000000cc   Code   RO         1446    .text.xTaskCheckForTimeOut  tasks.o
    0x0800a088   0x0800a088   0x0000009e   Code   RO         1374    .text.xTaskCreate   tasks.o
    0x0800a126   0x0800a126   0x00000002   PAD
    0x0800a128   0x0800a128   0x000000ce   Code   RO         1368    .text.xTaskCreateStatic  tasks.o
    0x0800a1f6   0x0800a1f6   0x00000002   PAD
    0x0800a1f8   0x0800a1f8   0x00000038   Code   RO         1462    .text.xTaskGetSchedulerState  tasks.o
    0x0800a230   0x0800a230   0x00000014   Code   RO         1418    .text.xTaskGetTickCount  tasks.o
    0x0800a244   0x0800a244   0x000001c4   Code   RO         1416    .text.xTaskIncrementTick  tasks.o
    0x0800a408   0x0800a408   0x000000ec   Code   RO         1466    .text.xTaskPriorityDisinherit  tasks.o
    0x0800a4f4   0x0800a4f4   0x000000ce   Code   RO         1438    .text.xTaskRemoveFromEventList  tasks.o
    0x0800a5c2   0x0800a5c2   0x00000002   PAD
    0x0800a5c4   0x0800a5c4   0x00000186   Code   RO         1388    .text.xTaskResumeAll  tasks.o
    0x0800a74a   0x0800a74a   0x00000002   PAD
    0x0800a74c   0x0800a74c   0x00000094   Code   RO         1521    .text.xTimerCreateTimerTask  timers.o
    0x0800a7e0   0x0800a7e0   0x000000b0   Code   RO         1533    .text.xTimerGenericCommand  timers.o
    0x0800a890   0x0800a890   0x0000003e   Code   RO         2718    CL$$btod_d2e        c_w.l(btod.o)
    0x0800a8ce   0x0800a8ce   0x00000046   Code   RO         2720    CL$$btod_d2e_denorm_low  c_w.l(btod.o)
    0x0800a914   0x0800a914   0x00000060   Code   RO         2719    CL$$btod_d2e_norm_op1  c_w.l(btod.o)
    0x0800a974   0x0800a974   0x00000338   Code   RO         2728    CL$$btod_div_common  c_w.l(btod.o)
    0x0800acac   0x0800acac   0x000000dc   Code   RO         2725    CL$$btod_e2e        c_w.l(btod.o)
    0x0800ad88   0x0800ad88   0x0000002a   Code   RO         2722    CL$$btod_ediv       c_w.l(btod.o)
    0x0800adb2   0x0800adb2   0x0000002a   Code   RO         2721    CL$$btod_emul       c_w.l(btod.o)
    0x0800addc   0x0800addc   0x00000244   Code   RO         2727    CL$$btod_mult_common  c_w.l(btod.o)
    0x0800b020   0x0800b020   0x00000028   Code   RO         2767    i.__ARM_fpclassify  m_ws.l(fpclassify.o)
    0x0800b048   0x0800b048   0x0000000e   Code   RO         2540    i._is_digit         c_w.l(__printf_wp.o)
    0x0800b056   0x0800b056   0x00000002   PAD
    0x0800b058   0x0800b058   0x0000002c   Code   RO         2743    locale$$code        c_w.l(lc_numeric_c.o)
    0x0800b084   0x0800b084   0x0000002c   Code   RO         2788    locale$$code        c_w.l(lc_ctype_c.o)
    0x0800b0b0   0x0800b0b0   0x000000c4   Code   RO         2115    x$fpl$fadd          fz_ws.l(faddsub_clz.o)
    0x0800b174   0x0800b174   0x00000054   Code   RO         2121    x$fpl$fcmp          fz_ws.l(fcmp.o)
    0x0800b1c8   0x0800b1c8   0x00000018   Code   RO         2696    x$fpl$fcmpinf       fz_ws.l(fcmpi.o)
    0x0800b1e0   0x0800b1e0   0x00000184   Code   RO         2124    x$fpl$fdiv          fz_ws.l(fdiv.o)
    0x0800b364   0x0800b364   0x00000068   Code   RO         2628    x$fpl$feqf          fz_ws.l(feqf.o)
    0x0800b3cc   0x0800b3cc   0x00000036   Code   RO         2127    x$fpl$ffix          fz_ws.l(ffix.o)
    0x0800b402   0x0800b402   0x00000002   PAD
    0x0800b404   0x0800b404   0x0000003e   Code   RO         2131    x$fpl$ffixu         fz_ws.l(ffixu.o)
    0x0800b442   0x0800b442   0x00000002   PAD
    0x0800b444   0x0800b444   0x00000026   Code   RO         2135    x$fpl$ffltu         fz_ws.l(fflt_clz.o)
    0x0800b46a   0x0800b46a   0x00000002   PAD
    0x0800b46c   0x0800b46c   0x00000068   Code   RO         2630    x$fpl$fgeqf         fz_ws.l(fgeqf.o)
    0x0800b4d4   0x0800b4d4   0x00000068   Code   RO         2632    x$fpl$fleqf         fz_ws.l(fleqf.o)
    0x0800b53c   0x0800b53c   0x00000102   Code   RO         2141    x$fpl$fmul          fz_ws.l(fmul.o)
    0x0800b63e   0x0800b63e   0x0000008c   Code   RO         2634    x$fpl$fnaninf       fz_ws.l(fnaninf.o)
    0x0800b6ca   0x0800b6ca   0x0000000a   Code   RO         2636    x$fpl$fretinf       fz_ws.l(fretinf.o)
    0x0800b6d4   0x0800b6d4   0x000000ea   Code   RO         2117    x$fpl$fsub          fz_ws.l(faddsub_clz.o)
    0x0800b7be   0x0800b7be   0x00000004   Code   RO         2638    x$fpl$printf1       fz_ws.l(printf1.o)
    0x0800b7c2   0x0800b7c2   0x00000004   Code   RO         2640    x$fpl$printf2       fz_ws.l(printf2.o)
    0x0800b7c6   0x0800b7c6   0x00000000   Code   RO         2646    x$fpl$usenofp       fz_ws.l(usenofp.o)
    0x0800b7c6   0x0800b7c6   0x00000002   PAD
    0x0800b7c8   0x0800b7c8   0x00000008   Data   RO         2499    .constdata          c_w.l(_printf_wctomb.o)
    0x0800b7d0   0x0800b7d0   0x00000028   Data   RO         2528    .constdata          c_w.l(_printf_hex_int_ll_ptr.o)
    0x0800b7f8   0x0800b7f8   0x00000011   Data   RO         2548    .constdata          c_w.l(__printf_flags_ss_wp.o)
    0x0800b809   0x0800b809   0x00000026   Data   RO         2675    .constdata          c_w.l(_printf_fp_hex.o)
    0x0800b82f   0x0800b82f   0x00000001   PAD
    0x0800b830   0x0800b830   0x00000094   Data   RO         2716    .constdata          c_w.l(bigflt0.o)
    0x0800b8c4   0x0800b8c4   0x00000024   Data   RO           52    .rodata.ADC_attributes  freertos.o
    0x0800b8e8   0x0800b8e8   0x00000010   Data   RO         1125    .rodata.AHBPrescTable  system_stm32f1xx.o
    0x0800b8f8   0x0800b8f8   0x00000008   Data   RO         1126    .rodata.APBPrescTable  system_stm32f1xx.o
    0x0800b900   0x0800b900   0x00000024   Data   RO           51    .rodata.DFPlayer_attributes  freertos.o
    0x0800b924   0x0800b924   0x00000010   Data   RO          701    .rodata.HAL_RCC_GetSysClockFreq.aPLLMULFactorTable  stm32f1xx_hal_rcc.o
    0x0800b934   0x0800b934   0x00000002   Data   RO          702    .rodata.HAL_RCC_GetSysClockFreq.aPredivFactorTable  stm32f1xx_hal_rcc.o
    0x0800b936   0x0800b936   0x00000002   PAD
    0x0800b938   0x0800b938   0x00000024   Data   RO           49    .rodata.Screen_attributes  freertos.o
    0x0800b95c   0x0800b95c   0x00000024   Data   RO           50    .rodata.Wireless_attributes  freertos.o
    0x0800b980   0x0800b980   0x0000000c   Data   RO         1846    .rodata._ZTV10Subscriber  screen.o
    0x0800b98c   0x0800b98c   0x00000014   Data   RO         2028    .rodata._ZTV12SerialDevice  my_uart.o
    0x0800b9a0   0x0800b9a0   0x0000000c   Data   RO         1832    .rodata._ZTV6Screen  screen.o
    0x0800b9ac   0x0800b9ac   0x0000000c   Data   RO         1935    .rodata._ZTV7Battery  battery.o
    0x0800b9b8   0x0800b9b8   0x0000000c   Data   RO         1998    .rodata._ZTV8DFPlayer  dfplayer.o
    0x0800b9c4   0x0800b9c4   0x0000000c   Data   RO         1898    .rodata._ZTV8JOYStick  joystick.o
    0x0800b9d0   0x0800b9d0   0x0000000c   Data   RO         1869    .rodata._ZTV8WireLess  wireless.o
    0x0800b9dc   0x0800b9dc   0x00000014   Data   RO         2054    .rodata._ZTV8protocol  protocol.o
    0x0800b9f0   0x0800b9f0   0x00000024   Data   RO           48    .rodata.defaultTask_attributes  freertos.o
    0x0800ba14   0x0800ba14   0x00000029   Data   RO           47    .rodata.str1.1      freertos.o
    0x0800ba3d   0x0800ba3d   0x00000005   Data   RO         1506    .rodata.str1.1      tasks.o
    0x0800ba42   0x0800ba42   0x0000000d   Data   RO         1576    .rodata.str1.1      timers.o
    0x0800ba4f   0x0800ba4f   0x0000002c   Data   RO         1831    .rodata.str1.1      screen.o
    0x0800ba7b   0x0800ba7b   0x00000001   PAD
    0x0800ba7c   0x0800ba7c   0x00000020   Data   RO         2854    Region$$Table       anon$$obj.o
    0x0800ba9c   0x0800ba9c   0x0000001c   Data   RO         2742    locale$$data        c_w.l(lc_numeric_c.o)
    0x0800bab8   0x0800bab8   0x00000110   Data   RO         2787    locale$$data        c_w.l(lc_ctype_c.o)
    0x0800bbc8   0x0800bbc8   0x00000004   Data   RO         1833    .init_array         screen.o
    0x0800bbcc   0x0800bbc8   0x00000004   Data   RO         1870    .init_array         wireless.o
    0x0800bbd0   0x0800bbc8   0x00000004   Data   RO         1899    .init_array         joystick.o
    0x0800bbd4   0x0800bbc8   0x00000004   Data   RO         1936    .init_array         battery.o
    0x0800bbd8   0x0800bbc8   0x00000004   Data   RO         1999    .init_array         dfplayer.o
    0x0800bbdc   0x0800bbc8   0x00000004   Data   RO         2078    .init_array         my_adc.o
    0x0800bbe0   0x0800bbc8   0x00000000   Data   RO         2110    .init_array         c_w.l(init_aeabi.o)


    Execution Region RW_IRAM1 (Exec base: 0x20000000, Load base: 0x0800bbe0, Size: 0x00004030, Max: 0x00005000, ABSOLUTE)

    Exec Addr    Load Addr    Size         Type   Attr      Idx    E Section Name        Object

    0x20000000   0x0800bbe0   0x00000004   Data   RW         1124    .data.SystemCoreClock  system_stm32f1xx.o
    0x20000004   0x0800bbe4   0x00000001   Data   RW          662    .data.uwTickFreq    stm32f1xx_hal.o
    0x20000005   0x0800bbe5   0x00000003   PAD
    0x20000008   0x0800bbe8   0x00000004   Data   RW          661    .data.uwTickPrio    stm32f1xx_hal.o
    0x2000000c   0x0800bbec   0x00000004   Data   RW         1160    .data.uxCriticalNesting  port.o
    0x20000010   0x0800bbf0   0x00000018   Data   RW         2055    dma_buffer_section  protocol.o
    0x20000028        -       0x00000060   Zero   RW         2774    .bss                c_w.l(libspace.o)
    0x20000088        -       0x00000004   Zero   RW           57    .bss.ADCHandle      freertos.o
    0x2000008c        -       0x00000094   Zero   RW         1931    .bss.BatteryProtocol  battery.o
    0x20000120        -       0x00000004   Zero   RW           56    .bss.DFPlayerHandle  freertos.o
    0x20000124        -       0x00000094   Zero   RW         1996    .bss.DFPlayerProtocol  dfplayer.o
    0x200001b8        -       0x00000004   Zero   RW         1758    .bss.KernelState    cmsis_os2.o
    0x200001bc        -       0x00000004   Zero   RW           54    .bss.ScreenHandle   freertos.o
    0x200001c0        -       0x00000094   Zero   RW         1828    .bss.ScreenProtocol  screen.o
    0x20000254        -       0x00000094   Zero   RW         1866    .bss.WireLessProtocol  wireless.o
    0x200002e8        -       0x00000004   Zero   RW           55    .bss.WirelessHandle  freertos.o
    0x200002ec        -       0x00000004   Zero   RW         1932    .bss._ZL15smoothedVoltage  battery.o
    0x200002f0        -       0x00000010   Zero   RW         2019    .bss._ZN12SerialDevice5obArrE  my_uart.o
    0x20000300        -       0x00000004   Zero   RW         2020    .bss._ZN12SerialDevice9Ins_CountE  my_uart.o
    0x20000304        -       0x00000018   Zero   RW         2052    .bss._ZN8protocol11subscribersE  protocol.o
    0x2000031c        -       0x00000004   Zero   RW         2053    .bss._ZN8protocol16subscriberCount_E  protocol.o
    0x20000320        -       0x00000001   Zero   RW         1934    .bss._ZZN7Battery14Battery_fliterEjE5index  battery.o
    0x20000321   0x0800bc08   0x00000003   PAD
    0x20000324        -       0x00000014   Zero   RW         1933    .bss._ZZN7Battery14Battery_fliterEjE6window  battery.o
    0x20000338        -       0x00000030   Zero   RW         2077    .bss.adcDevice      my_adc.o
    0x20000368        -       0x00000030   Zero   RW         1930    .bss.battery        battery.o
    0x20000398        -       0x00000004   Zero   RW           53    .bss.defaultTaskHandle  freertos.o
    0x2000039c        -       0x00000030   Zero   RW         1997    .bss.dfplayer       dfplayer.o
    0x200003cc        -       0x00000030   Zero   RW           71    .bss.hadc1          adc.o
    0x200003fc        -       0x00000044   Zero   RW           72    .bss.hdma_adc1      adc.o
    0x20000440        -       0x00000044   Zero   RW          101    .bss.hdma_usart1_tx  usart.o
    0x20000484        -       0x00000044   Zero   RW          102    .bss.hdma_usart2_tx  usart.o
    0x200004c8        -       0x00000044   Zero   RW          103    .bss.hdma_usart3_tx  usart.o
    0x2000050c        -       0x00000048   Zero   RW          160    .bss.htim1          stm32f1xx_hal_timebase_tim.o
    0x20000554        -       0x00000048   Zero   RW           98    .bss.huart1         usart.o
    0x2000059c        -       0x00000048   Zero   RW           99    .bss.huart2         usart.o
    0x200005e4        -       0x00000048   Zero   RW          100    .bss.huart3         usart.o
    0x2000062c        -       0x000001d8   Zero   RW         1897    .bss.joystick       joystick.o
    0x20000804        -       0x00000094   Zero   RW         1896    .bss.joystick_protocol  joystick.o
    0x20000898        -       0x000000a0   Zero   RW         1584    .bss.prvCheckForValidListAndQueue.ucStaticTimerQueueStorage  timers.o
    0x20000938        -       0x00000050   Zero   RW         1583    .bss.prvCheckForValidListAndQueue.xStaticTimerQueue  timers.o
    0x20000988        -       0x00000004   Zero   RW         1580    .bss.prvSampleTimeNow.xLastTime  timers.o
    0x2000098c        -       0x00000004   Zero   RW         1492    .bss.pxCurrentTCB   tasks.o
    0x20000990        -       0x00000004   Zero   RW         1578    .bss.pxCurrentTimerList  timers.o
    0x20000994        -       0x00000004   Zero   RW         1500    .bss.pxDelayedTaskList  tasks.o
    0x20000998        -       0x00000004   Zero   RW         1787    .bss.pxEnd          heap_4.o
    0x2000099c        -       0x00000004   Zero   RW         1501    .bss.pxOverflowDelayedTaskList  tasks.o
    0x200009a0        -       0x00000004   Zero   RW         1579    .bss.pxOverflowTimerList  timers.o
    0x200009a4        -       0x00000460   Zero   RW         1503    .bss.pxReadyTasksLists  tasks.o
    0x20000e04        -       0x00000084   Zero   RW         1829    .bss.screen         screen.o
    0x20000e88        -       0x00000004   Zero   RW         2021    .bss.status         my_uart.o
    0x20000e8c        -       0x00000004   Zero   RW         2057    .bss.test_status    protocol.o
    0x20000e90        -       0x00000004   Zero   RW         2056    .bss.test_status2   protocol.o
    0x20000e94        -       0x00000004   Zero   RW         1830    .bss.test_temp      screen.o
    0x20000e98        -       0x00000004   Zero   RW         1868    .bss.test_temp2     wireless.o
    0x20000e9c        -       0x000022b8   Zero   RW         1794    .bss.ucHeap         heap_4.o
    0x20003154        -       0x00000001   Zero   RW         1158    .bss.ucMaxSysCallPriority  port.o
    0x20003155   0x0800bc08   0x00000003   PAD
    0x20003158        -       0x00000004   Zero   RW         1159    .bss.ulMaxPRIGROUPValue  port.o
    0x2000315c        -       0x00000004   Zero   RW          663    .bss.uwTick         stm32f1xx_hal.o
    0x20003160        -       0x00000004   Zero   RW         1496    .bss.uxCurrentNumberOfTasks  tasks.o
    0x20003164        -       0x00000004   Zero   RW         1495    .bss.uxDeletedTasksWaitingCleanUp  tasks.o
    0x20003168        -       0x00000004   Zero   RW         1498    .bss.uxSchedulerSuspended  tasks.o
    0x2000316c        -       0x00000004   Zero   RW         1493    .bss.uxTaskNumber   tasks.o
    0x20003170        -       0x00000004   Zero   RW         1504    .bss.uxTopReadyPriority  tasks.o
    0x20003174        -       0x00000200   Zero   RW         1761    .bss.vApplicationGetIdleTaskMemory.Idle_Stack  cmsis_os2.o
    0x20003374        -       0x0000005c   Zero   RW         1760    .bss.vApplicationGetIdleTaskMemory.Idle_TCB  cmsis_os2.o
    0x200033d0        -       0x00000400   Zero   RW         1763    .bss.vApplicationGetTimerTaskMemory.Timer_Stack  cmsis_os2.o
    0x200037d0        -       0x0000005c   Zero   RW         1762    .bss.vApplicationGetTimerTaskMemory.Timer_TCB  cmsis_os2.o
    0x2000382c        -       0x00000048   Zero   RW         1929    .bss.virtual_huart_battery  battery.o
    0x20003874        -       0x00000048   Zero   RW         1895    .bss.virtual_huart_joystick  joystick.o
    0x200038bc        -       0x00000064   Zero   RW         1867    .bss.wireless       wireless.o
    0x20003920        -       0x00000014   Zero   RW         1581    .bss.xActiveTimerList1  timers.o
    0x20003934        -       0x00000014   Zero   RW         1582    .bss.xActiveTimerList2  timers.o
    0x20003948        -       0x00000004   Zero   RW         1788    .bss.xBlockAllocatedBit  heap_4.o
    0x2000394c        -       0x00000014   Zero   RW         1512    .bss.xDelayedTaskList1  tasks.o
    0x20003960        -       0x00000014   Zero   RW         1513    .bss.xDelayedTaskList2  tasks.o
    0x20003974        -       0x00000004   Zero   RW         1789    .bss.xFreeBytesRemaining  heap_4.o
    0x20003978        -       0x00000004   Zero   RW         1507    .bss.xIdleTaskHandle  tasks.o
    0x2000397c        -       0x00000004   Zero   RW         1791    .bss.xMinimumEverFreeBytesRemaining  heap_4.o
    0x20003980        -       0x00000004   Zero   RW         1508    .bss.xNextTaskUnblockTime  tasks.o
    0x20003984        -       0x00000004   Zero   RW         1511    .bss.xNumOfOverflows  tasks.o
    0x20003988        -       0x00000004   Zero   RW         1792    .bss.xNumberOfSuccessfulAllocations  heap_4.o
    0x2000398c        -       0x00000004   Zero   RW         1793    .bss.xNumberOfSuccessfulFrees  heap_4.o
    0x20003990        -       0x00000004   Zero   RW         1510    .bss.xPendedTicks   tasks.o
    0x20003994        -       0x00000014   Zero   RW         1505    .bss.xPendingReadyList  tasks.o
    0x200039a8        -       0x00000040   Zero   RW         1303    .bss.xQueueRegistry  queue.o
    0x200039e8        -       0x00000004   Zero   RW         1497    .bss.xSchedulerRunning  tasks.o
    0x200039ec        -       0x00000008   Zero   RW         1790    .bss.xStart         heap_4.o
    0x200039f4        -       0x00000014   Zero   RW         1502    .bss.xSuspendedTaskList  tasks.o
    0x20003a08        -       0x00000014   Zero   RW         1494    .bss.xTasksWaitingTermination  tasks.o
    0x20003a1c        -       0x00000004   Zero   RW         1499    .bss.xTickCount     tasks.o
    0x20003a20        -       0x00000004   Zero   RW         1575    .bss.xTimerQueue    timers.o
    0x20003a24        -       0x00000004   Zero   RW         1577    .bss.xTimerTaskHandle  timers.o
    0x20003a28        -       0x00000004   Zero   RW         1509    .bss.xYieldPending  tasks.o
    0x20003a2c   0x0800bc08   0x00000004   PAD
    0x20003a30        -       0x00000200   Zero   RW            2    HEAP                startup_stm32f103xb.o
    0x20003c30        -       0x00000400   Zero   RW            1    STACK               startup_stm32f103xb.o


==============================================================================

Image component sizes


      Code (inc. data)   RO Data    RW Data    ZI Data      Debug   Object Name

       466          0          0          0        116       4116   adc.o
       990          0         16          0        293      35549   battery.o
      1452          0          0          0       1724      33909   cmsis_os2.o
       684          0         16          0        196      20785   dfplayer.o
       114          0          0          0          0       1993   dma.o
       186          0        221          0         20       3510   freertos.o
       238          0          0          0          0       1545   gpio.o
      1084          0          0          0       8920       4349   heap_4.o
       640          0         16          0        692      23030   joystick.o
       296          0          0          0          0       2153   list.o
       248          0          0          0          0       4758   main.o
       336          0          4          0         48      25749   my_adc.o
       916          0         20          0         24      20154   my_uart.o
       942         12          0          4          5       3497   port.o
      1018          0         20         24         36      21187   protocol.o
      2984          0          0          0         64      17209   queue.o
      3140          0         72          0        284      23410   screen.o
        64         26        236          0       1536        792   startup_stm32f103xb.o
        76          0          0          5          4       5549   stm32f1xx_hal.o
      2216          0          0          0          0       9388   stm32f1xx_hal_adc.o
       384          0          0          0          0       7535   stm32f1xx_hal_cortex.o
      1510          0          0          0          0       6288   stm32f1xx_hal_dma.o
       844          0          0          0          0       4213   stm32f1xx_hal_gpio.o
       114          0          0          0          0       2290   stm32f1xx_hal_msp.o
      2666          0         18          0          0       7414   stm32f1xx_hal_rcc.o
       456          0          0          0          0       3111   stm32f1xx_hal_rcc_ex.o
      1172          0          0          0          0      35651   stm32f1xx_hal_tim.o
        16          0          0          0          0      15096   stm32f1xx_hal_tim_ex.o
       218          0          0          0         72       5609   stm32f1xx_hal_timebase_tim.o
      2906          0          0          0          0      20040   stm32f1xx_hal_uart.o
       150          0          0          0          0       1553   stm32f1xx_it.o
         2          0         24          4          0       1556   system_stm32f1xx.o
      3918          0          5          0       1280      24063   tasks.o
      1692         10         13          0        300      11516   timers.o
       884          0          0          0        420       6104   usart.o
       528          0         16          0        252      20369   wireless.o

    ----------------------------------------------------------------------
     35802         48        732         40      16296     435040   Object Totals
         0          0         32          0          0          0   (incl. Generated)
       252          0          3          3         10          0   (incl. Padding)

    ----------------------------------------------------------------------

      Code (inc. data)   RO Data    RW Data    ZI Data      Debug   Library Member Name

         8          0          0          0          0         68   __main.o
       392          4         17          0          0         92   __printf_flags_ss_wp.o
        14          0          0          0          0         68   __printf_wp.o
         0          0          0          0          0          0   __rtentry.o
        12          0          0          0          0          0   __rtentry2.o
         6          0          0          0          0          0   __rtentry4.o
        94          8          0          0          0          0   __scatter.o
        26          0          0          0          0          0   __scatter_copy.o
        28          0          0          0          0          0   __scatter_zi.o
        72          0          0          0          0         96   _c16rtomb.o
         6          0          0          0          0          0   _printf_a.o
         6          0          0          0          0          0   _printf_c.o
        44          0          0          0          0        108   _printf_char.o
        48          6          0          0          0         96   _printf_char_common.o
        40          0          0          0          0         68   _printf_charcount.o
         6          0          0          0          0          0   _printf_d.o
       120         16          0          0          0         92   _printf_dec.o
         6          0          0          0          0          0   _printf_e.o
         6          0          0          0          0          0   _printf_f.o
      1052          0          0          0          0        148   _printf_fp_dec.o
       764          8         38          0          0        100   _printf_fp_hex.o
       128         16          0          0          0         84   _printf_fp_infnan.o
         6          0          0          0          0          0   _printf_g.o
       148          4         40          0          0        160   _printf_hex_int_ll_ptr.o
         6          0          0          0          0          0   _printf_i.o
       178          0          0          0          0         88   _printf_intcommon.o
        10          0          0          0          0          0   _printf_l.o
         6          0          0          0          0          0   _printf_lc.o
        10          0          0          0          0          0   _printf_ll.o
         6          0          0          0          0          0   _printf_lld.o
         6          0          0          0          0          0   _printf_lli.o
         6          0          0          0          0          0   _printf_llo.o
         6          0          0          0          0          0   _printf_llu.o
         6          0          0          0          0          0   _printf_llx.o
       124         16          0          0          0         92   _printf_longlong_dec.o
         6          0          0          0          0          0   _printf_ls.o
         6          0          0          0          0          0   _printf_n.o
         6          0          0          0          0          0   _printf_o.o
       112          8          0          0          0        124   _printf_oct_int_ll.o
         6          0          0          0          0          0   _printf_p.o
        78          0          0          0          0        108   _printf_pad.o
         0          0          0          0          0          0   _printf_percent.o
         4          0          0          0          0          0   _printf_percent_end.o
         6          0          0          0          0          0   _printf_s.o
        82          0          0          0          0         80   _printf_str.o
        36          0          0          0          0         84   _printf_truncate.o
         6          0          0          0          0          0   _printf_u.o
        44          0          0          0          0        108   _printf_wchar.o
       188          6          8          0          0         92   _printf_wctomb.o
         6          0          0          0          0          0   _printf_x.o
        10          0          0          0          0         68   _sputc.o
        22          0          0          0          0         80   abort.o
        16          0          0          0          0         68   aeabi_memset4.o
       228          4        148          0          0         96   bigflt0.o
      1936        128          0          0          0        668   btod.o
        48         34          0          0          0         76   defsig_abrt_inner.o
        14          0          0          0          0         80   defsig_abrt_outer.o
        10          0          0          0          0         68   defsig_exit.o
        50          0          0          0          0         88   defsig_general.o
        18          0          0          0          0         80   exit.o
         6          0          0          0          0        152   heapauxi.o
         0          0          0          0          0          0   indicate_semi.o
        44          8          0          0          0         80   init_aeabi.o
        44         10        272          0          0         76   lc_ctype_c.o
        44         10         28          0          0         76   lc_numeric_c.o
         2          0          0          0          0          0   libinit.o
        34          0          0          0          0          0   libinit2.o
         2          0          0          0          0          0   libshutdown.o
         2          0          0          0          0          0   libshutdown2.o
         8          4          0          0         96         68   libspace.o
       138          0          0          0          0         80   lludiv10.o
        16          4          0          0          0         76   rt_ctype_table.o
         8          4          0          0          0         68   rt_locale_intlibspace.o
        78          0          0          0          0         80   rt_memclr_w.o
       138          0          0          0          0         68   rt_memcpy_v6.o
       100          0          0          0          0         80   rt_memcpy_w.o
         2          0          0          0          0          0   rtexit.o
        10          0          0          0          0          0   rtexit2.o
        44          6          0          0          0         84   sprintf.o
       128          0          0          0          0         68   strcmpv7m.o
        72          0          0          0          0         80   strcpy.o
        62          0          0          0          0         76   strlen.o
        12          4          0          0          0         68   sys_exit.o
        74          0          0          0          0         80   sys_stackheap_outer.o
        14          0          0          0          0         76   sys_wrch.o
         2          0          0          0          0         68   use_no_semi.o
       430          8          0          0          0        168   faddsub_clz.o
        84          0          0          0          0        196   fcmp.o
        24          0          0          0          0         68   fcmpi.o
       388         76          0          0          0         96   fdiv.o
       104          4          0          0          0         84   feqf.o
        54          4          0          0          0         84   ffix.o
        62          4          0          0          0         84   ffixu.o
        38          0          0          0          0         68   fflt_clz.o
       104          4          0          0          0         84   fgeqf.o
       104          4          0          0          0         84   fleqf.o
       258          4          0          0          0         84   fmul.o
       140          4          0          0          0         84   fnaninf.o
        10          0          0          0          0         68   fretinf.o
         4          0          0          0          0         68   printf1.o
         4          0          0          0          0         68   printf2.o
         0          0          0          0          0          0   usenofp.o
      1672         12          0          0          0       5312   algorithm.cpp.o
         4          0          0          0          0         36   abort_message.cpp.o
        40         32          0          0          0         52   cxa_virtual.cpp.o
        40          0          0          0          0         68   fpclassify.o

    ----------------------------------------------------------------------
     11010        464        552          0         96      11688   Library Totals
        28          0          1          0          0          0   (incl. Padding)

    ----------------------------------------------------------------------

      Code (inc. data)   RO Data    RW Data    ZI Data      Debug   Library Name

      7418        308        551          0         96       4832   c_w.l
      1808        112          0          0          0       1388   fz_ws.l
      1672         12          0          0          0       5312   libcpp_w.l
        44         32          0          0          0         88   libcppabi_w.l
        40          0          0          0          0         68   m_ws.l

    ----------------------------------------------------------------------
     11010        464        552          0         96      11688   Library Totals

    ----------------------------------------------------------------------

==============================================================================


      Code (inc. data)   RO Data    RW Data    ZI Data      Debug   

     46812        512       1284         40      16392     442516   Grand Totals
     46812        512       1284         40      16392     442516   ELF Image Totals
     46812        512       1284         40          0          0   ROM Totals

==============================================================================

    Total RO  Size (Code + RO Data)                48096 (  46.97kB)
    Total RW  Size (RW Data + ZI Data)             16432 (  16.05kB)
    Total ROM Size (Code + RO Data + RW Data)      48136 (  47.01kB)

==============================================================================

