Component: Arm Compiler for Embedded 6.23 Tool: armlink [5f102400]

==============================================================================

Section Cross References

    startup_stm32f103xb.o(STACK) refers (Special) to heapauxi.o(.text) for __use_two_region_memory
    startup_stm32f103xb.o(HEAP) refers (Special) to heapauxi.o(.text) for __use_two_region_memory
    startup_stm32f103xb.o(RESET) refers (Special) to heapauxi.o(.text) for __use_two_region_memory
    startup_stm32f103xb.o(RESET) refers to startup_stm32f103xb.o(STACK) for __initial_sp
    startup_stm32f103xb.o(RESET) refers to startup_stm32f103xb.o(.text) for Reset_Handler
    startup_stm32f103xb.o(RESET) refers to stm32f1xx_it.o(.text.NMI_Handler) for NMI_Handler
    startup_stm32f103xb.o(RESET) refers to stm32f1xx_it.o(.text.HardFault_Handler) for HardFault_Handler
    startup_stm32f103xb.o(RESET) refers to stm32f1xx_it.o(.text.MemManage_Handler) for MemManage_Handler
    startup_stm32f103xb.o(RESET) refers to stm32f1xx_it.o(.text.BusFault_Handler) for BusFault_Handler
    startup_stm32f103xb.o(RESET) refers to stm32f1xx_it.o(.text.UsageFault_Handler) for UsageFault_Handler
    startup_stm32f103xb.o(RESET) refers to port.o(.text.SVC_Handler) for SVC_Handler
    startup_stm32f103xb.o(RESET) refers to stm32f1xx_it.o(.text.DebugMon_Handler) for DebugMon_Handler
    startup_stm32f103xb.o(RESET) refers to port.o(.text.PendSV_Handler) for PendSV_Handler
    startup_stm32f103xb.o(RESET) refers to cmsis_os2.o(.text.SysTick_Handler) for SysTick_Handler
    startup_stm32f103xb.o(RESET) refers to stm32f1xx_it.o(.text.DMA1_Channel2_IRQHandler) for DMA1_Channel2_IRQHandler
    startup_stm32f103xb.o(RESET) refers to stm32f1xx_it.o(.text.DMA1_Channel4_IRQHandler) for DMA1_Channel4_IRQHandler
    startup_stm32f103xb.o(RESET) refers to stm32f1xx_it.o(.text.DMA1_Channel7_IRQHandler) for DMA1_Channel7_IRQHandler
    startup_stm32f103xb.o(RESET) refers to stm32f1xx_it.o(.text.TIM1_UP_IRQHandler) for TIM1_UP_IRQHandler
    startup_stm32f103xb.o(RESET) refers to stm32f1xx_it.o(.text.USART1_IRQHandler) for USART1_IRQHandler
    startup_stm32f103xb.o(RESET) refers to stm32f1xx_it.o(.text.USART2_IRQHandler) for USART2_IRQHandler
    startup_stm32f103xb.o(RESET) refers to stm32f1xx_it.o(.text.USART3_IRQHandler) for USART3_IRQHandler
    startup_stm32f103xb.o(.text) refers (Special) to heapauxi.o(.text) for __use_two_region_memory
    startup_stm32f103xb.o(.text) refers to system_stm32f1xx.o(.text.SystemInit) for SystemInit
    startup_stm32f103xb.o(.text) refers to __main.o(!!!main) for __main
    startup_stm32f103xb.o(.text) refers to startup_stm32f103xb.o(HEAP) for Heap_Mem
    startup_stm32f103xb.o(.text) refers to startup_stm32f103xb.o(STACK) for Stack_Mem
    main.o(.text.main) refers to stm32f1xx_hal.o(.text.HAL_Init) for HAL_Init
    main.o(.text.main) refers to main.o(.text.SystemClock_Config) for SystemClock_Config
    main.o(.text.main) refers to gpio.o(.text.MX_GPIO_Init) for MX_GPIO_Init
    main.o(.text.main) refers to dma.o(.text.MX_DMA_Init) for MX_DMA_Init
    main.o(.text.main) refers to usart.o(.text.MX_USART2_UART_Init) for MX_USART2_UART_Init
    main.o(.text.main) refers to usart.o(.text.MX_USART1_UART_Init) for MX_USART1_UART_Init
    main.o(.text.main) refers to usart.o(.text.MX_USART3_UART_Init) for MX_USART3_UART_Init
    main.o(.text.main) refers to cmsis_os2.o(.text.osKernelInitialize) for osKernelInitialize
    main.o(.text.main) refers to freertos.o(.text.MX_FREERTOS_Init) for MX_FREERTOS_Init
    main.o(.text.main) refers to cmsis_os2.o(.text.osKernelStart) for osKernelStart
    main.o(.ARM.exidx.text.main) refers to main.o(.text.main) for [Anonymous Symbol]
    main.o(.text.SystemClock_Config) refers to rt_memclr_w.o(.text) for __aeabi_memclr4
    main.o(.text.SystemClock_Config) refers to stm32f1xx_hal_rcc.o(.text.HAL_RCC_OscConfig) for HAL_RCC_OscConfig
    main.o(.text.SystemClock_Config) refers to main.o(.text.Error_Handler) for Error_Handler
    main.o(.text.SystemClock_Config) refers to stm32f1xx_hal_rcc.o(.text.HAL_RCC_ClockConfig) for HAL_RCC_ClockConfig
    main.o(.ARM.exidx.text.SystemClock_Config) refers to main.o(.text.SystemClock_Config) for [Anonymous Symbol]
    main.o(.ARM.exidx.text.Error_Handler) refers to main.o(.text.Error_Handler) for [Anonymous Symbol]
    main.o(.text.HAL_TIM_PeriodElapsedCallback) refers to stm32f1xx_hal.o(.text.HAL_IncTick) for HAL_IncTick
    main.o(.ARM.exidx.text.HAL_TIM_PeriodElapsedCallback) refers to main.o(.text.HAL_TIM_PeriodElapsedCallback) for [Anonymous Symbol]
    gpio.o(.text.MX_GPIO_Init) refers to stm32f1xx_hal_gpio.o(.text.HAL_GPIO_WritePin) for HAL_GPIO_WritePin
    gpio.o(.text.MX_GPIO_Init) refers to stm32f1xx_hal_gpio.o(.text.HAL_GPIO_Init) for HAL_GPIO_Init
    gpio.o(.ARM.exidx.text.MX_GPIO_Init) refers to gpio.o(.text.MX_GPIO_Init) for [Anonymous Symbol]
    freertos.o(.text.MX_FREERTOS_Init) refers to freertos.o(.text.StartDefaultTask) for StartDefaultTask
[...]
    __rt_lib_init                            0x0800018d   Thumb Code     0  libinit.o(.ARM.Collect$$libinit$$00000000)
    __rt_lib_init_alloca_1                   0x0800018f   Thumb Code     0  libinit2.o(.ARM.Collect$$libinit$$00000030)
    __rt_lib_init_argv_1                     0x0800018f   Thumb Code     0  libinit2.o(.ARM.Collect$$libinit$$0000002E)
    __rt_lib_init_atexit_1                   0x0800018f   Thumb Code     0  libinit2.o(.ARM.Collect$$libinit$$0000001D)
    __rt_lib_init_clock_1                    0x0800018f   Thumb Code     0  libinit2.o(.ARM.Collect$$libinit$$00000023)
    __rt_lib_init_cpp_2                      0x0800018f   Thumb Code     0  libinit2.o(.ARM.Collect$$libinit$$00000033)
    __rt_lib_init_exceptions_1               0x0800018f   Thumb Code     0  libinit2.o(.ARM.Collect$$libinit$$00000032)
    __rt_lib_init_fp_1                       0x0800018f   Thumb Code     0  libinit2.o(.ARM.Collect$$libinit$$00000002)
    __rt_lib_init_fp_trap_1                  0x0800018f   Thumb Code     0  libinit2.o(.ARM.Collect$$libinit$$00000021)
    __rt_lib_init_getenv_1                   0x0800018f   Thumb Code     0  libinit2.o(.ARM.Collect$$libinit$$00000025)
    __rt_lib_init_heap_1                     0x0800018f   Thumb Code     0  libinit2.o(.ARM.Collect$$libinit$$0000000C)
    __rt_lib_init_lc_collate_1               0x0800018f   Thumb Code     0  libinit2.o(.ARM.Collect$$libinit$$00000013)
    __rt_lib_init_lc_ctype_1                 0x0800018f   Thumb Code     0  libinit2.o(.ARM.Collect$$libinit$$00000015)
    __rt_lib_init_lc_monetary_1              0x0800018f   Thumb Code     0  libinit2.o(.ARM.Collect$$libinit$$00000017)
    __rt_lib_init_lc_numeric_1               0x0800018f   Thumb Code     0  libinit2.o(.ARM.Collect$$libinit$$00000019)
    __rt_lib_init_lc_time_1                  0x0800018f   Thumb Code     0  libinit2.o(.ARM.Collect$$libinit$$0000001B)
    __rt_lib_init_preinit_1                  0x0800018f   Thumb Code     0  libinit2.o(.ARM.Collect$$libinit$$00000006)
    __rt_lib_init_rand_1                     0x0800018f   Thumb Code     0  libinit2.o(.ARM.Collect$$libinit$$00000010)
    __rt_lib_init_relocate_pie_1             0x0800018f   Thumb Code     0  libinit2.o(.ARM.Collect$$libinit$$00000004)
    __rt_lib_init_signal_1                   0x0800018f   Thumb Code     0  libinit2.o(.ARM.Collect$$libinit$$0000001F)
    __rt_lib_init_stdio_1                    0x0800018f   Thumb Code     0  libinit2.o(.ARM.Collect$$libinit$$00000027)
    __rt_lib_init_user_alloc_1               0x0800018f   Thumb Code     0  libinit2.o(.ARM.Collect$$libinit$$0000000E)
    __rt_lib_init_cpp_1                      0x08000193   Thumb Code     0  libinit2.o(.ARM.Collect$$libinit$$00000034)
    __rt_lib_init_return                     0x08000193   Thumb Code     0  libinit2.o(.ARM.Collect$$libinit$$00000035)
    __rt_lib_shutdown                        0x08000195   Thumb Code     0  libshutdown.o(.ARM.Collect$$libshutdown$$00000000)
    __rt_lib_shutdown_cpp_1                  0x08000197   Thumb Code     0  libshutdown2.o(.ARM.Collect$$libshutdown$$00000002)
    __rt_lib_shutdown_fp_trap_1              0x08000197   Thumb Code     0  libshutdown2.o(.ARM.Collect$$libshutdown$$00000007)
    __rt_lib_shutdown_heap_1                 0x08000197   Thumb Code     0  libshutdown2.o(.ARM.Collect$$libshutdown$$0000000F)
    __rt_lib_shutdown_return                 0x08000197   Thumb Code     0  libshutdown2.o(.ARM.Collect$$libshutdown$$00000010)
    __rt_lib_shutdown_signal_1               0x08000197   Thumb Code     0  libshutdown2.o(.ARM.Collect$$libshutdown$$0000000A)
    __rt_lib_shutdown_stdio_1                0x08000197   Thumb Code     0  libshutdown2.o(.ARM.Collect$$libshutdown$$00000004)
    __rt_lib_shutdown_user_alloc_1           0x08000197   Thumb Code     0  libshutdown2.o(.ARM.Collect$$libshutdown$$0000000C)
    __rt_entry                               0x08000199   Thumb Code     0  __rtentry.o(.ARM.Collect$$rtentry$$00000000)
    __rt_entry_presh_1                       0x08000199   Thumb Code     0  __rtentry2.o(.ARM.Collect$$rtentry$$00000002)
    __rt_entry_sh                            0x08000199   Thumb Code     0  __rtentry4.o(.ARM.Collect$$rtentry$$00000004)
    __rt_entry_li                            0x0800019f   Thumb Code     0  __rtentry2.o(.ARM.Collect$$rtentry$$0000000A)
    __rt_entry_postsh_1                      0x0800019f   Thumb Code     0  __rtentry2.o(.ARM.Collect$$rtentry$$00000009)
    __rt_entry_main                          0x080001a3   Thumb Code     0  __rtentry2.o(.ARM.Collect$$rtentry$$0000000D)
    __rt_entry_postli_1                      0x080001a3   Thumb Code     0  __rtentry2.o(.ARM.Collect$$rtentry$$0000000C)
    __rt_exit                                0x080001ab   Thumb Code     0  rtexit.o(.ARM.Collect$$rtexit$$00000000)
    __rt_exit_ls                             0x080001ad   Thumb Code     0  rtexit2.o(.ARM.Collect$$rtexit$$00000003)
    __rt_exit_prels_1                        0x080001ad   Thumb Code     0  rtexit2.o(.ARM.Collect$$rtexit$$00000002)
    __rt_exit_exit                           0x080001b1   Thumb Code     0  rtexit2.o(.ARM.Collect$$rtexit$$00000004)
    Reset_Handler                            0x080001b9   Thumb Code     8  startup_stm32f103xb.o(.text)
    ADC1_2_IRQHandler                        0x080001d3   Thumb Code     0  startup_stm32f103xb.o(.text)
    CAN1_RX1_IRQHandler                      0x080001d3   Thumb Code     0  startup_stm32f103xb.o(.text)
    CAN1_SCE_IRQHandler                      0x080001d3   Thumb Code     0  startup_stm32f103xb.o(.text)
    DMA1_Channel1_IRQHandler                 0x080001d3   Thumb Code     0  startup_stm32f103xb.o(.text)
    DMA1_Channel3_IRQHandler                 0x080001d3   Thumb Code     0  startup_stm32f103xb.o(.text)
    DMA1_Channel5_IRQHandler                 0x080001d3   Thumb Code     0  startup_stm32f103xb.o(.text)
    DMA1_Channel6_IRQHandler                 0x080001d3   Thumb Code     0  startup_stm32f103xb.o(.text)
    EXTI0_IRQHandler                         0x080001d3   Thumb Code     0  startup_stm32f103xb.o(.text)
    EXTI15_10_IRQHandler                     0x080001d3   Thumb Code     0  startup_stm32f103xb.o(.text)
    EXTI1_IRQHandler                         0x080001d3   Thumb Code     0  startup_stm32f103xb.o(.text)
    EXTI2_IRQHandler                         0x080001d3   Thumb Code     0  startup_stm32f103xb.o(.text)
    EXTI3_IRQHandler                         0x080001d3   Thumb Code     0  startup_stm32f103xb.o(.text)
    EXTI4_IRQHandler                         0x080001d3   Thumb Code     0  startup_stm32f103xb.o(.text)
    EXTI9_5_IRQHandler                       0x080001d3   Thumb Code     0  startup_stm32f103xb.o(.text)
    FLASH_IRQHandler                         0x080001d3   Thumb Code     0  startup_stm32f103xb.o(.text)
    I2C1_ER_IRQHandler                       0x080001d3   Thumb Code     0  startup_stm32f103xb.o(.text)
    I2C1_EV_IRQHandler                       0x080001d3   Thumb Code     0  startup_stm32f103xb.o(.text)
    I2C2_ER_IRQHandler                       0x080001d3   Thumb Code     0  startup_stm32f103xb.o(.text)
    I2C2_EV_IRQHandler                       0x080001d3   Thumb Code     0  startup_stm32f103xb.o(.text)
    PVD_IRQHandler                           0x080001d3   Thumb Code     0  startup_stm32f103xb.o(.text)
    RCC_IRQHandler                           0x080001d3   Thumb Code     0  startup_stm32f103xb.o(.text)
    RTC_Alarm_IRQHandler                     0x080001d3   Thumb Code     0  startup_stm32f103xb.o(.text)
    RTC_IRQHandler                           0x080001d3   Thumb Code     0  startup_stm32f103xb.o(.text)
    SPI1_IRQHandler                          0x080001d3   Thumb Code     0  startup_stm32f103xb.o(.text)
    SPI2_IRQHandler                          0x080001d3   Thumb Code     0  startup_stm32f103xb.o(.text)
    TAMPER_IRQHandler                        0x080001d3   Thumb Code     0  startup_stm32f103xb.o(.text)
    TIM1_BRK_IRQHandler                      0x080001d3   Thumb Code     0  startup_stm32f103xb.o(.text)
    TIM1_CC_IRQHandler                       0x080001d3   Thumb Code     0  startup_stm32f103xb.o(.text)
    TIM1_TRG_COM_IRQHandler                  0x080001d3   Thumb Code     0  startup_stm32f103xb.o(.text)
    TIM2_IRQHandler                          0x080001d3   Thumb Code     0  startup_stm32f103xb.o(.text)
    TIM3_IRQHandler                          0x080001d3   Thumb Code     0  startup_stm32f103xb.o(.text)
    TIM4_IRQHandler                          0x080001d3   Thumb Code     0  startup_stm32f103xb.o(.text)
    USBWakeUp_IRQHandler                     0x080001d3   Thumb Code     0  startup_stm32f103xb.o(.text)
    USB_HP_CAN1_TX_IRQHandler                0x080001d3   Thumb Code     0  startup_stm32f103xb.o(.text)
    USB_LP_CAN1_RX0_IRQHandler               0x080001d3   Thumb Code     0  startup_stm32f103xb.o(.text)
    WWDG_IRQHandler                          0x080001d3   Thumb Code     0  startup_stm32f103xb.o(.text)
    __user_initial_stackheap                 0x080001d5   Thumb Code     0  startup_stm32f103xb.o(.text)
    strcpy                                   0x080001f9   Thumb Code    72  strcpy.o(.text)
    strlen                                   0x08000241   Thumb Code    62  strlen.o(.text)
    __aeabi_memcpy                           0x0800027f   Thumb Code     0  rt_memcpy_v6.o(.text)
    __rt_memcpy                              0x0800027f   Thumb Code   138  rt_memcpy_v6.o(.text)
    _memcpy_lastbytes                        0x080002e5   Thumb Code     0  rt_memcpy_v6.o(.text)
    __aeabi_memset4                          0x08000309   Thumb Code    16  aeabi_memset4.o(.text)
    __aeabi_memset8                          0x08000309   Thumb Code     0  aeabi_memset4.o(.text)
    __aeabi_memclr4                          0x08000319   Thumb Code     0  rt_memclr_w.o(.text)
    __aeabi_memclr8                          0x08000319   Thumb Code     0  rt_memclr_w.o(.text)
    __rt_memclr_w                            0x08000319   Thumb Code     0  rt_memclr_w.o(.text)
    _memset_w                                0x0800031d   Thumb Code    74  rt_memclr_w.o(.text)
    __use_two_region_memory                  0x08000367   Thumb Code     2  heapauxi.o(.text)
    __rt_heap_escrow$2region                 0x08000369   Thumb Code     2  heapauxi.o(.text)
    __rt_heap_expand$2region                 0x0800036b   Thumb Code     2  heapauxi.o(.text)
    __cpp_initialize__aeabi_                 0x0800036d   Thumb Code    36  init_aeabi.o(.text)
    __aeabi_memcpy4                          0x08000399   Thumb Code     0  rt_memcpy_w.o(.text)
    __aeabi_memcpy8                          0x08000399   Thumb Code     0  rt_memcpy_w.o(.text)
    __rt_memcpy_w                            0x08000399   Thumb Code   100  rt_memcpy_w.o(.text)
    _memcpy_lastbytes_aligned                0x080003e1   Thumb Code     0  rt_memcpy_w.o(.text)
    abort                                    0x080003fd   Thumb Code    22  abort.o(.text)
    _sys_exit                                0x08000415   Thumb Code     8  sys_exit.o(.text)
    __user_setup_stackheap                   0x08000421   Thumb Code    74  sys_stackheap_outer.o(.text)
    exit                                     0x0800046b   Thumb Code    18  exit.o(.text)
    __rt_SIGABRT                             0x0800047d   Thumb Code    14  defsig_abrt_outer.o(.text)
    __user_libspace                          0x0800048d   Thumb Code     8  libspace.o(.text)
    __user_perproc_libspace                  0x0800048d   Thumb Code     0  libspace.o(.text)
    __user_perthread_libspace                0x0800048d   Thumb Code     0  libspace.o(.text)
    __I$use$semihosting                      0x08000495   Thumb Code     0  use_no_semi.o(.text)
    __use_no_semihosting_swi                 0x08000495   Thumb Code     2  use_no_semi.o(.text)
    __semihosting_library_function           0x08000497   Thumb Code     0  indicate_semi.o(.text)
    __sig_exit                               0x08000497   Thumb Code    10  defsig_exit.o(.text)
    __rt_SIGABRT_inner                       0x080004a1   Thumb Code    14  defsig_abrt_inner.o(.text)
    __default_signal_display                 0x080004d1   Thumb Code    50  defsig_general.o(.text)
    _ttywrch                                 0x08000503   Thumb Code    14  sys_wrch.o(.text)
    BusFault_Handler                         0x08000511   Thumb Code     4  stm32f1xx_it.o(.text.BusFault_Handler)
    DMA1_Channel2_IRQHandler                 0x08000515   Thumb Code    16  stm32f1xx_it.o(.text.DMA1_Channel2_IRQHandler)
    DMA1_Channel4_IRQHandler                 0x08000525   Thumb Code    16  stm32f1xx_it.o(.text.DMA1_Channel4_IRQHandler)
    DMA1_Channel7_IRQHandler                 0x08000535   Thumb Code    16  stm32f1xx_it.o(.text.DMA1_Channel7_IRQHandler)
    DebugMon_Handler                         0x08000595   Thumb Code     2  stm32f1xx_it.o(.text.DebugMon_Handler)
    Error_Handler                            0x08000599   Thumb Code    14  main.o(.text.Error_Handler)
    HAL_DMA_Abort                            0x080005a9   Thumb Code   124  stm32f1xx_hal_dma.o(.text.HAL_DMA_Abort)
    HAL_DMA_Abort_IT                         0x08000625   Thumb Code   284  stm32f1xx_hal_dma.o(.text.HAL_DMA_Abort_IT)
    HAL_DMA_IRQHandler                       0x08000741   Thumb Code   646  stm32f1xx_hal_dma.o(.text.HAL_DMA_IRQHandler)
    HAL_DMA_Init                             0x080009c9   Thumb Code   174  stm32f1xx_hal_dma.o(.text.HAL_DMA_Init)
    HAL_DMA_Start_IT                         0x08000a79   Thumb Code   202  stm32f1xx_hal_dma.o(.text.HAL_DMA_Start_IT)
    HAL_GPIO_Init                            0x08000b45   Thumb Code   798  stm32f1xx_hal_gpio.o(.text.HAL_GPIO_Init)
    HAL_GPIO_TogglePin                       0x08000e65   Thumb Code    38  stm32f1xx_hal_gpio.o(.text.HAL_GPIO_TogglePin)
    HAL_GPIO_WritePin                        0x08000e8d   Thumb Code    46  stm32f1xx_hal_gpio.o(.text.HAL_GPIO_WritePin)
    HAL_GetTick                              0x08000ebd   Thumb Code    12  stm32f1xx_hal.o(.text.HAL_GetTick)
    HAL_IncTick                              0x08000ec9   Thumb Code    26  stm32f1xx_hal.o(.text.HAL_IncTick)
    HAL_Init                                 0x08000ee5   Thumb Code    38  stm32f1xx_hal.o(.text.HAL_Init)
    HAL_InitTick                             0x08000f0d   Thumb Code   218  stm32f1xx_hal_timebase_tim.o(.text.HAL_InitTick)
    HAL_MspInit                              0x08000fe9   Thumb Code   114  stm32f1xx_hal_msp.o(.text.HAL_MspInit)
    HAL_NVIC_EnableIRQ                       0x0800105d   Thumb Code    20  stm32f1xx_hal_cortex.o(.text.HAL_NVIC_EnableIRQ)
    HAL_NVIC_SetPriority                     0x08001071   Thumb Code    50  stm32f1xx_hal_cortex.o(.text.HAL_NVIC_SetPriority)
    HAL_NVIC_SetPriorityGrouping             0x080010a5   Thumb Code    16  stm32f1xx_hal_cortex.o(.text.HAL_NVIC_SetPriorityGrouping)
    HAL_RCC_ClockConfig                      0x080010b5   Thumb Code   598  stm32f1xx_hal_rcc.o(.text.HAL_RCC_ClockConfig)
    HAL_RCC_GetClockConfig                   0x0800130d   Thumb Code    84  stm32f1xx_hal_rcc.o(.text.HAL_RCC_GetClockConfig)
    HAL_RCC_GetHCLKFreq                      0x08001361   Thumb Code    12  stm32f1xx_hal_rcc.o(.text.HAL_RCC_GetHCLKFreq)
    HAL_RCC_GetPCLK1Freq                     0x0800136d   Thumb Code    34  stm32f1xx_hal_rcc.o(.text.HAL_RCC_GetPCLK1Freq)
    HAL_RCC_GetPCLK2Freq                     0x08001391   Thumb Code    34  stm32f1xx_hal_rcc.o(.text.HAL_RCC_GetPCLK2Freq)
    HAL_RCC_GetSysClockFreq                  0x080013b5   Thumb Code   188  stm32f1xx_hal_rcc.o(.text.HAL_RCC_GetSysClockFreq)
    HAL_RCC_OscConfig                        0x08001471   Thumb Code  1658  stm32f1xx_hal_rcc.o(.text.HAL_RCC_OscConfig)
    HAL_TIMEx_BreakCallback                  0x08001aed   Thumb Code     8  stm32f1xx_hal_tim_ex.o(.text.HAL_TIMEx_BreakCallback)
    HAL_TIMEx_CommutCallback                 0x08001af5   Thumb Code     8  stm32f1xx_hal_tim_ex.o(.text.HAL_TIMEx_CommutCallback)
    HAL_TIM_Base_Init                        0x08001afd   Thumb Code   156  stm32f1xx_hal_tim.o(.text.HAL_TIM_Base_Init)
    HAL_TIM_Base_MspInit                     0x08001b99   Thumb Code     8  stm32f1xx_hal_tim.o(.text.HAL_TIM_Base_MspInit)
    HAL_TIM_Base_Start_IT                    0x08001ba1   Thumb Code   176  stm32f1xx_hal_tim.o(.text.HAL_TIM_Base_Start_IT)
    HAL_TIM_IC_CaptureCallback               0x08001c51   Thumb Code     8  stm32f1xx_hal_tim.o(.text.HAL_TIM_IC_CaptureCallback)
    HAL_TIM_IRQHandler                       0x08001c59   Thumb Code   538  stm32f1xx_hal_tim.o(.text.HAL_TIM_IRQHandler)
    HAL_TIM_OC_DelayElapsedCallback          0x08001e75   Thumb Code     8  stm32f1xx_hal_tim.o(.text.HAL_TIM_OC_DelayElapsedCallback)
    HAL_TIM_PWM_PulseFinishedCallback        0x08001e7d   Thumb Code     8  stm32f1xx_hal_tim.o(.text.HAL_TIM_PWM_PulseFinishedCallback)
    HAL_TIM_PeriodElapsedCallback            0x08001e85   Thumb Code    34  main.o(.text.HAL_TIM_PeriodElapsedCallback)
    HAL_TIM_TriggerCallback                  0x08001ea9   Thumb Code     8  stm32f1xx_hal_tim.o(.text.HAL_TIM_TriggerCallback)
    HAL_UARTEx_RxEventCallback               0x08001eb1   Thumb Code    12  stm32f1xx_hal_uart.o(.text.HAL_UARTEx_RxEventCallback)
    HAL_UART_ErrorCallback                   0x08001ebd   Thumb Code     8  stm32f1xx_hal_uart.o(.text.HAL_UART_ErrorCallback)
    HAL_UART_IRQHandler                      0x08001ec5   Thumb Code  1066  stm32f1xx_hal_uart.o(.text.HAL_UART_IRQHandler)
    HAL_UART_Init                            0x080022f1   Thumb Code   158  stm32f1xx_hal_uart.o(.text.HAL_UART_Init)
    HAL_UART_MspInit                         0x08002391   Thumb Code   692  usart.o(.text.HAL_UART_MspInit)
    HAL_UART_Receive_IT                      0x08002645   Thumb Code    86  stm32f1xx_hal_uart.o(.text.HAL_UART_Receive_IT)
    HAL_UART_RxCpltCallback                  0x0800269d   Thumb Code   720  my_uart.o(.text.HAL_UART_RxCpltCallback)
    HAL_UART_Transmit_DMA                    0x0800296d   Thumb Code   226  stm32f1xx_hal_uart.o(.text.HAL_UART_Transmit_DMA)
    HAL_UART_TxCpltCallback                  0x08002a51   Thumb Code     8  stm32f1xx_hal_uart.o(.text.HAL_UART_TxCpltCallback)
    HAL_UART_TxHalfCpltCallback              0x08002a59   Thumb Code     8  stm32f1xx_hal_uart.o(.text.HAL_UART_TxHalfCpltCallback)
    HardFault_Handler                        0x08002a61   Thumb Code     4  stm32f1xx_it.o(.text.HardFault_Handler)
    MX_DMA_Init                              0x08002a65   Thumb Code    96  dma.o(.text.MX_DMA_Init)
    MX_FREERTOS_Init                         0x08002ac5   Thumb Code   138  freertos.o(.text.MX_FREERTOS_Init)
    MX_GPIO_Init                             0x08002b51   Thumb Code   238  gpio.o(.text.MX_GPIO_Init)
    MX_USART1_UART_Init                      0x08002c41   Thumb Code    64  usart.o(.text.MX_USART1_UART_Init)
    MX_USART2_UART_Init                      0x08002c81   Thumb Code    64  usart.o(.text.MX_USART2_UART_Init)
    MX_USART3_UART_Init                      0x08002cc1   Thumb Code    64  usart.o(.text.MX_USART3_UART_Init)
    MemManage_Handler                        0x08002d01   Thumb Code     4  stm32f1xx_it.o(.text.MemManage_Handler)
    NMI_Handler                              0x08002d05   Thumb Code     4  stm32f1xx_it.o(.text.NMI_Handler)
    PendSV_Handler                           0x08002d81   Thumb Code    68  port.o(.text.PendSV_Handler)
    SVC_Handler                              0x08002e01   Thumb Code    36  port.o(.text.SVC_Handler)
    StartDefaultTask                         0x08002e35   Thumb Code    16  freertos.o(.text.StartDefaultTask)
    SysTick_Handler                          0x08002e45   Thumb Code    30  cmsis_os2.o(.text.SysTick_Handler)
    SystemClock_Config                       0x08002e65   Thumb Code   108  main.o(.text.SystemClock_Config)
    SystemInit                               0x08002ed1   Thumb Code     2  system_stm32f1xx.o(.text.SystemInit)
    TIM1_UP_IRQHandler                       0x08002ed5   Thumb Code    16  stm32f1xx_it.o(.text.TIM1_UP_IRQHandler)
    TIM_Base_SetConfig                       0x08002ee5   Thumb Code   262  stm32f1xx_hal_tim.o(.text.TIM_Base_SetConfig)
    Task_asrpro                              0x08002fed   Thumb Code    40  asrpro.o(.text.Task_asrpro)
    Task_screen                              0x08003015   Thumb Code    40  screen.o(.text.Task_screen)
    Task_wireless                            0x0800303d   Thumb Code    40  wireless.o(.text.Task_wireless)
    UART_Start_Receive_IT                    0x080034b1   Thumb Code    98  stm32f1xx_hal_uart.o(.text.UART_Start_Receive_IT)
    USART1_IRQHandler                        0x080035a9   Thumb Code    16  stm32f1xx_it.o(.text.USART1_IRQHandler)
    USART2_IRQHandler                        0x080035b9   Thumb Code    16  stm32f1xx_it.o(.text.USART2_IRQHandler)
    USART3_IRQHandler                        0x080035c9   Thumb Code    16  stm32f1xx_it.o(.text.USART3_IRQHandler)
    UsageFault_Handler                       0x080035d9   Thumb Code     4  stm32f1xx_it.o(.text.UsageFault_Handler)
    Subscriber::transferData(unsigned char, unsigned char, unsigned char const*) 0x08003601   Thumb Code    66  protocol.o(.text._ZN10Subscriber12transferDataEhhPKh)
    Subscriber::DataReceivedCallback(unsigned char, unsigned char, unsigned char const*) 0x08003645   Thumb Code    18  screen.o(.text._ZN10Subscriber20DataReceivedCallbackEhhPKh)
    Subscriber::addport(protocol*)           0x08003659   Thumb Code    24  protocol.o(.text._ZN10Subscriber7addportEP8protocol)
    Subscriber::sendData(unsigned char, unsigned char, unsigned char const*) 0x08003671   Thumb Code    72  protocol.o(.text._ZN10Subscriber8sendDataEhhPKh)
    Subscriber::Subscriber__sub_object()     0x080036b9   Thumb Code    26  screen.o(.text._ZN10SubscriberC2Ev)
    SerialDevice::initReceiveQueue()         0x080036d5   Thumb Code    28  my_uart.o(.text._ZN12SerialDevice16initReceiveQueueEv)
    SerialDevice::Instance_Register(SerialDevice*) 0x080036f1   Thumb Code    36  my_uart.o(.text._ZN12SerialDevice17Instance_RegisterEPS_)
    SerialDevice::startUartReceiveIT()       0x08003715   Thumb Code    66  my_uart.o(.text._ZN12SerialDevice18startUartReceiveITEv)
    SerialDevice::SerialDevice__sub_object(__UART_HandleTypeDef*) 0x08003759   Thumb Code    66  my_uart.o(.text._ZN12SerialDeviceC2EP20__UART_HandleTypeDef)
    ASRPro::ASRPro_init()                    0x0800379d   Thumb Code   132  asrpro.o(.text._ZN6ASRPro11ASRPro_initEv)
    ASRPro::Task_ASRPro()                    0x08003821   Thumb Code    42  asrpro.o(.text._ZN6ASRPro11Task_ASRProEv)
    ASRPro::processData(unsigned char, unsigned char, unsigned char const*) 0x0800384d   Thumb Code   154  asrpro.o(.text._ZN6ASRPro11processDataEhhPKh)
    ASRPro::DataReceivedCallback(unsigned char, unsigned char, unsigned char const*) 0x080038e9   Thumb Code    62  asrpro.o(.text._ZN6ASRPro20DataReceivedCallbackEhhPKh)
    ASRPro::ASR_send(bool, char*)            0x08003929   Thumb Code    64  asrpro.o(.text._ZN6ASRPro8ASR_sendEbPc)
    ASRPro::ASRPro__sub_object()             0x08003969   Thumb Code   118  asrpro.o(.text._ZN6ASRProC2Ev)
    Screen::ScreenInit()                     0x080039e1   Thumb Code   192  screen.o(.text._ZN6Screen10ScreenInitEv)
    Screen::Task_screen()                    0x08003aa1   Thumb Code    22  screen.o(.text._ZN6Screen11Task_screenEv)
    Screen::processData(unsigned char, unsigned char*, unsigned char, unsigned char*) 0x08003ab9   Thumb Code   176  screen.o(.text._ZN6Screen11processDataEhPhhS0_)
    Screen::SETTINGSPAGE(unsigned char, unsigned char, unsigned char*) 0x08003b69   Thumb Code   438  screen.o(.text._ZN6Screen12SETTINGSPAGEEhhPh)
    Screen::DataReceivedCallback(unsigned char, unsigned char, unsigned char const*) 0x08003d21   Thumb Code   192  screen.o(.text._ZN6Screen20DataReceivedCallbackEhhPKh)
    Screen::MAJORPAGE(unsigned char, unsigned char, unsigned char*) 0x08003de1   Thumb Code   624  screen.o(.text._ZN6Screen9MAJORPAGEEhhPh)
    Screen::MINORPAGE(unsigned char, unsigned char, unsigned char*) 0x08004051   Thumb Code   976  screen.o(.text._ZN6Screen9MINORPAGEEhhPh)
    Screen::Screen__sub_object()             0x08004421   Thumb Code   234  screen.o(.text._ZN6ScreenC2Ev)
    WireLess::Task_WireLess()                0x0800450d   Thumb Code    30  wireless.o(.text._ZN8WireLess13Task_WireLessEv)
    WireLess::WireLess_init()                0x0800452d   Thumb Code   132  wireless.o(.text._ZN8WireLess13WireLess_initEv)
    WireLess::processData_Screen(unsigned char const*) 0x080045b1   Thumb Code    96  wireless.o(.text._ZN8WireLess18processData_ScreenEPKh)
    WireLess::DataReceivedCallback(unsigned char, unsigned char, unsigned char const*) 0x08004611   Thumb Code    50  wireless.o(.text._ZN8WireLess20DataReceivedCallbackEhhPKh)
    WireLess::processData_Joystick()         0x08004645   Thumb Code     8  wireless.o(.text._ZN8WireLess20processData_JoystickEv)
    WireLess::WireLess__sub_object()         0x0800464d   Thumb Code   114  wireless.o(.text._ZN8WireLessC2Ev)
    protocol::TransferData(unsigned char, unsigned char, unsigned char const*) 0x080046c1   Thumb Code   158  protocol.o(.text._ZN8protocol12TransferDataEhhPKh)
    protocol::addSubscriber(Subscriber*)     0x08004761   Thumb Code    58  protocol.o(.text._ZN8protocol13addSubscriberEP10Subscriber)
    protocol::processSendData(unsigned char, unsigned char, unsigned char const*) 0x0800479d   Thumb Code   136  protocol.o(.text._ZN8protocol15processSendDataEhhPKh)
    protocol::handleReceiveData()            0x08004825   Thumb Code   194  protocol.o(.text._ZN8protocol17handleReceiveDataEv)
    protocol::SendData()                     0x080048e9   Thumb Code   170  protocol.o(.text._ZN8protocol8SendDataEv)
    protocol::initQueue()                    0x08004995   Thumb Code    56  protocol.o(.text._ZN8protocol9initQueueEv)
    protocol::protocol(__UART_HandleTypeDef*) 0x080049cd   Thumb Code    36  protocol.o(.text._ZN8protocolC2EP20__UART_HandleTypeDef)
    protocol::protocol__sub_object(__UART_HandleTypeDef*) 0x080049cd   Thumb Code    36  protocol.o(.text._ZN8protocolC2EP20__UART_HandleTypeDef)
    __cxa_pure_virtual                       0x08004af5   Thumb Code     8  cxa_virtual.cpp.o(.text.__cxa_pure_virtual)
    main                                     0x08004b95   Thumb Code    52  main.o(.text.main)
    osDelay                                  0x08004bc9   Thumb Code    52  cmsis_os2.o(.text.osDelay)
    osKernelInitialize                       0x08004bfd   Thumb Code    70  cmsis_os2.o(.text.osKernelInitialize)
    osKernelStart                            0x08004c45   Thumb Code    82  cmsis_os2.o(.text.osKernelStart)
    osMessageQueueGet                        0x08004c99   Thumb Code   192  cmsis_os2.o(.text.osMessageQueueGet)
    osMessageQueueNew                        0x08004d59   Thumb Code   254  cmsis_os2.o(.text.osMessageQueueNew)
    osMessageQueuePut                        0x08004e59   Thumb Code   196  cmsis_os2.o(.text.osMessageQueuePut)
    osMessageQueueReset                      0x08004f1d   Thumb Code    64  cmsis_os2.o(.text.osMessageQueueReset)
    osThreadNew                              0x08004f5d   Thumb Code   346  cmsis_os2.o(.text.osThreadNew)
    pvPortMalloc                             0x08005f55   Thumb Code   492  heap_4.o(.text.pvPortMalloc)
    pxPortInitialiseStack                    0x08006141   Thumb Code    80  port.o(.text.pxPortInitialiseStack)
    abort_message                            0x08006191   Thumb Code     4  abort_message.cpp.o(.text.unlikely.abort_message)
    uxListRemove                             0x08006195   Thumb Code    72  list.o(.text.uxListRemove)
    vApplicationGetIdleTaskMemory            0x080061dd   Thumb Code    42  cmsis_os2.o(.text.vApplicationGetIdleTaskMemory)
    vApplicationGetTimerTaskMemory           0x08006209   Thumb Code    44  cmsis_os2.o(.text.vApplicationGetTimerTaskMemory)
    vListInitialise                          0x08006235   Thumb Code    46  list.o(.text.vListInitialise)
    vListInitialiseItem                      0x08006265   Thumb Code    14  list.o(.text.vListInitialiseItem)
    vListInsert                              0x08006275   Thumb Code   106  list.o(.text.vListInsert)
    vListInsertEnd                           0x080062e1   Thumb Code    58  list.o(.text.vListInsertEnd)
    vPortEnterCritical                       0x0800631d   Thumb Code    86  port.o(.text.vPortEnterCritical)
    vPortExitCritical                        0x08006375   Thumb Code    74  port.o(.text.vPortExitCritical)
    vPortFree                                0x080063c1   Thumb Code   206  heap_4.o(.text.vPortFree)
    vPortSetupTimerInterrupt                 0x08006491   Thumb Code    68  port.o(.text.vPortSetupTimerInterrupt)
    vPortValidateInterruptPriority           0x080064d5   Thumb Code   132  port.o(.text.vPortValidateInterruptPriority)
    vQueueAddToRegistry                      0x08006559   Thumb Code    82  queue.o(.text.vQueueAddToRegistry)
    vQueueWaitForMessageRestricted           0x080065ad   Thumb Code   100  queue.o(.text.vQueueWaitForMessageRestricted)
    vTaskDelay                               0x08006611   Thumb Code   110  tasks.o(.text.vTaskDelay)
    vTaskInternalSetTimeOutState             0x08006681   Thumb Code    36  tasks.o(.text.vTaskInternalSetTimeOutState)
    vTaskMissedYield                         0x080066a5   Thumb Code    14  tasks.o(.text.vTaskMissedYield)
    vTaskPlaceOnEventList                    0x080066b5   Thumb Code    66  tasks.o(.text.vTaskPlaceOnEventList)
    vTaskPlaceOnEventListRestricted          0x080066f9   Thumb Code    82  tasks.o(.text.vTaskPlaceOnEventListRestricted)
    vTaskStartScheduler                      0x0800674d   Thumb Code   224  tasks.o(.text.vTaskStartScheduler)
    vTaskSuspendAll                          0x0800682d   Thumb Code    16  tasks.o(.text.vTaskSuspendAll)
    vTaskSwitchContext                       0x0800683d   Thumb Code   198  tasks.o(.text.vTaskSwitchContext)
    xPortStartScheduler                      0x08006905   Thumb Code   230  port.o(.text.xPortStartScheduler)
    xPortSysTickHandler                      0x080069ed   Thumb Code    60  port.o(.text.xPortSysTickHandler)
    xQueueGenericCreate                      0x08006a29   Thumb Code   116  queue.o(.text.xQueueGenericCreate)
    xQueueGenericCreateStatic                0x08006a9d   Thumb Code   270  queue.o(.text.xQueueGenericCreateStatic)
    xQueueGenericReset                       0x08006bad   Thumb Code   186  queue.o(.text.xQueueGenericReset)
    xQueueGenericSend                        0x08006c69   Thumb Code   556  queue.o(.text.xQueueGenericSend)
    xQueueGenericSendFromISR                 0x08006e95   Thumb Code   332  queue.o(.text.xQueueGenericSendFromISR)
    xQueueReceive                            0x08006fe1   Thumb Code   476  queue.o(.text.xQueueReceive)
    xQueueReceiveFromISR                     0x080071bd   Thumb Code   264  queue.o(.text.xQueueReceiveFromISR)
    xTaskCheckForTimeOut                     0x080072c5   Thumb Code   204  tasks.o(.text.xTaskCheckForTimeOut)
    xTaskCreate                              0x08007391   Thumb Code   158  tasks.o(.text.xTaskCreate)
    xTaskCreateStatic                        0x08007431   Thumb Code   206  tasks.o(.text.xTaskCreateStatic)
    xTaskGetSchedulerState                   0x08007501   Thumb Code    56  tasks.o(.text.xTaskGetSchedulerState)
    xTaskGetTickCount                        0x08007539   Thumb Code    20  tasks.o(.text.xTaskGetTickCount)
    xTaskIncrementTick                       0x0800754d   Thumb Code   452  tasks.o(.text.xTaskIncrementTick)
    xTaskPriorityDisinherit                  0x08007711   Thumb Code   236  tasks.o(.text.xTaskPriorityDisinherit)
    xTaskRemoveFromEventList                 0x080077fd   Thumb Code   206  tasks.o(.text.xTaskRemoveFromEventList)
    xTaskResumeAll                           0x080078cd   Thumb Code   390  tasks.o(.text.xTaskResumeAll)
    xTimerCreateTimerTask                    0x08007a55   Thumb Code   148  timers.o(.text.xTimerCreateTimerTask)
    xTimerGenericCommand                     0x08007ae9   Thumb Code   176  timers.o(.text.xTimerGenericCommand)
    AHBPrescTable                            0x08007b98   Data          16  system_stm32f1xx.o(.rodata.AHBPrescTable)
    APBPrescTable                            0x08007ba8   Data           8  system_stm32f1xx.o(.rodata.APBPrescTable)
    AsrPro_attributes                        0x08007bb0   Data          36  freertos.o(.rodata.AsrPro_attributes)
    Screen_attributes                        0x08007be8   Data          36  freertos.o(.rodata.Screen_attributes)
    Wireless_attributes                      0x08007c0c   Data          36  freertos.o(.rodata.Wireless_attributes)
    vtable for Subscriber                    0x08007c30   Data          12  screen.o(.rodata._ZTV10Subscriber)
    vtable for SerialDevice                  0x08007c3c   Data          20  my_uart.o(.rodata._ZTV12SerialDevice)
    vtable for ASRPro                        0x08007c50   Data          12  asrpro.o(.rodata._ZTV6ASRPro)
    vtable for Screen                        0x08007c5c   Data          12  screen.o(.rodata._ZTV6Screen)
    vtable for WireLess                      0x08007c68   Data          12  wireless.o(.rodata._ZTV8WireLess)
    vtable for protocol                      0x08007c74   Data          20  protocol.o(.rodata._ZTV8protocol)
    defaultTask_attributes                   0x08007c88   Data          36  freertos.o(.rodata.defaultTask_attributes)
    Region$$Table$$Base                      0x08007d10   Number         0  anon$$obj.o(Region$$Table)
    Region$$Table$$Limit                     0x08007d30   Number         0  anon$$obj.o(Region$$Table)
    SHT$$INIT_ARRAY$$Base                    0x08007d30   Number         0  screen.o(.init_array)
    SHT$$INIT_ARRAY$$Limit                   0x08007d3c   Number         0  init_aeabi.o(.init_array)
    SystemCoreClock                          0x20000000   Data           4  system_stm32f1xx.o(.data.SystemCoreClock)
    uwTickFreq                               0x20000004   Data           1  stm32f1xx_hal.o(.data.uwTickFreq)
    uwTickPrio                               0x20000008   Data           4  stm32f1xx_hal.o(.data.uwTickPrio)
    sendBuffer_                              0x20000010   Data          24  protocol.o(dma_buffer_section)
    __libspace_start                         0x20000028   Data          96  libspace.o(.bss)
    ASRProProtocol                           0x20000088   Data         148  asrpro.o(.bss.ASRProProtocol)
    __temporary_stack_top$libspace           0x20000088   Data           0  libspace.o(.bss)
    AsrProHandle                             0x2000011c   Data           4  freertos.o(.bss.AsrProHandle)
    ScreenHandle                             0x20000124   Data           4  freertos.o(.bss.ScreenHandle)
    ScreenProtocol                           0x20000128   Data         148  screen.o(.bss.ScreenProtocol)
    WireLessProtocol                         0x200001bc   Data         148  wireless.o(.bss.WireLessProtocol)
    WirelessHandle                           0x20000250   Data           4  freertos.o(.bss.WirelessHandle)
    SerialDevice::obArr                      0x20000254   Data          16  my_uart.o(.bss._ZN12SerialDevice5obArrE)
    SerialDevice::Ins_Count                  0x20000264   Data           4  my_uart.o(.bss._ZN12SerialDevice9Ins_CountE)
    protocol::subscribers                    0x20000268   Data          16  protocol.o(.bss._ZN8protocol11subscribersE)
    protocol::subscriberCount_               0x20000278   Data           4  protocol.o(.bss._ZN8protocol16subscriberCount_E)
    asrpro                                   0x2000027c   Data          96  asrpro.o(.bss.asrpro)
    defaultTaskHandle                        0x200002dc   Data           4  freertos.o(.bss.defaultTaskHandle)
    hdma_usart1_tx                           0x200002e0   Data          68  usart.o(.bss.hdma_usart1_tx)
    hdma_usart2_tx                           0x20000324   Data          68  usart.o(.bss.hdma_usart2_tx)
    hdma_usart3_tx                           0x20000368   Data          68  usart.o(.bss.hdma_usart3_tx)
    htim1                                    0x200003ac   Data          72  stm32f1xx_hal_timebase_tim.o(.bss.htim1)
    huart1                                   0x200003f4   Data          72  usart.o(.bss.huart1)
    huart2                                   0x2000043c   Data          72  usart.o(.bss.huart2)
    huart3                                   0x20000484   Data          72  usart.o(.bss.huart3)
    pxCurrentTCB                             0x200005c0   Data           4  tasks.o(.bss.pxCurrentTCB)
    screen                                   0x20000a38   Data         128  screen.o(.bss.screen)
    status                                   0x20000ab8   Data           4  my_uart.o(.bss.status)
    test_status2                             0x20000abc   Data           4  protocol.o(.bss.test_status2)
    test_temp                                0x20000ac0   Data           4  screen.o(.bss.test_temp)
    test_temp2                               0x20000ac4   Data           4  wireless.o(.bss.test_temp2)
    uwTick                                   0x20002d88   Data           4  stm32f1xx_hal.o(.bss.uwTick)
    wireless                                 0x20003458   Data          96  wireless.o(.bss.wireless)
    xQueueRegistry                           0x20003540   Data          64  queue.o(.bss.xQueueRegistry)



==============================================================================

Memory Map of the image

  Image Entry point : 0x080000ed

  Load Region LR_IROM1 (Base: 0x08000000, Size: 0x00007d68, Max: 0x00010000, ABSOLUTE)

    Execution Region ER_IROM1 (Exec base: 0x08000000, Load base: 0x08000000, Size: 0x00007d3c, Max: 0x00010000, ABSOLUTE)

    Exec Addr    Load Addr    Size         Type   Attr      Idx    E Section Name        Object

    0x08000000   0x08000000   0x000000ec   Data   RO            3    RESET               startup_stm32f103xb.o
    0x080000ec   0x080000ec   0x00000008   Code   RO         1885  * !!!main             c_w.l(__main.o)
    0x080000f4   0x080000f4   0x0000005c   Code   RO         2249    !!!scatter          c_w.l(__scatter.o)
    0x08000150   0x08000150   0x0000001a   Code   RO         2253    !!handler_copy      c_w.l(__scatter_copy.o)
    0x0800016a   0x0800016a   0x00000002   PAD
    0x0800016c   0x0800016c   0x00000002   Code   RO         2250    !!handler_null      c_w.l(__scatter.o)
    0x0800016e   0x0800016e   0x00000002   PAD
    0x08000170   0x08000170   0x0000001c   Code   RO         2255    !!handler_zi        c_w.l(__scatter_zi.o)
    0x0800018c   0x0800018c   0x00000002   Code   RO         2157    .ARM.Collect$$libinit$$00000000  c_w.l(libinit.o)
    0x0800018e   0x0800018e   0x00000000   Code   RO         1994    .ARM.Collect$$libinit$$00000002  c_w.l(libinit2.o)
    0x0800018e   0x0800018e   0x00000000   Code   RO         1996    .ARM.Collect$$libinit$$00000004  c_w.l(libinit2.o)
    0x0800018e   0x0800018e   0x00000000   Code   RO         1998    .ARM.Collect$$libinit$$00000006  c_w.l(libinit2.o)
    0x0800018e   0x0800018e   0x00000000   Code   RO         2001    .ARM.Collect$$libinit$$0000000C  c_w.l(libinit2.o)
    0x0800018e   0x0800018e   0x00000000   Code   RO         2003    .ARM.Collect$$libinit$$0000000E  c_w.l(libinit2.o)
    0x0800018e   0x0800018e   0x00000000   Code   RO         2005    .ARM.Collect$$libinit$$00000010  c_w.l(libinit2.o)
    0x0800018e   0x0800018e   0x00000000   Code   RO         2008    .ARM.Collect$$libinit$$00000013  c_w.l(libinit2.o)
    0x0800018e   0x0800018e   0x00000000   Code   RO         2010    .ARM.Collect$$libinit$$00000015  c_w.l(libinit2.o)
    0x0800018e   0x0800018e   0x00000000   Code   RO         2012    .ARM.Collect$$libinit$$00000017  c_w.l(libinit2.o)
    0x0800018e   0x0800018e   0x00000000   Code   RO         2014    .ARM.Collect$$libinit$$00000019  c_w.l(libinit2.o)
    0x0800018e   0x0800018e   0x00000000   Code   RO         2016    .ARM.Collect$$libinit$$0000001B  c_w.l(libinit2.o)
    0x0800018e   0x0800018e   0x00000000   Code   RO         2018    .ARM.Collect$$libinit$$0000001D  c_w.l(libinit2.o)
    0x0800018e   0x0800018e   0x00000000   Code   RO         2020    .ARM.Collect$$libinit$$0000001F  c_w.l(libinit2.o)
    0x0800018e   0x0800018e   0x00000000   Code   RO         2022    .ARM.Collect$$libinit$$00000021  c_w.l(libinit2.o)
    0x0800018e   0x0800018e   0x00000000   Code   RO         2024    .ARM.Collect$$libinit$$00000023  c_w.l(libinit2.o)
    0x0800018e   0x0800018e   0x00000000   Code   RO         2026    .ARM.Collect$$libinit$$00000025  c_w.l(libinit2.o)
    0x0800018e   0x0800018e   0x00000000   Code   RO         2028    .ARM.Collect$$libinit$$00000027  c_w.l(libinit2.o)
    0x0800018e   0x0800018e   0x00000000   Code   RO         2032    .ARM.Collect$$libinit$$0000002E  c_w.l(libinit2.o)
    0x0800018e   0x0800018e   0x00000000   Code   RO         2034    .ARM.Collect$$libinit$$00000030  c_w.l(libinit2.o)
    0x0800018e   0x0800018e   0x00000000   Code   RO         2036    .ARM.Collect$$libinit$$00000032  c_w.l(libinit2.o)
    0x0800018e   0x0800018e   0x00000004   Code   RO         2037    .ARM.Collect$$libinit$$00000033  c_w.l(libinit2.o)
    0x08000192   0x08000192   0x00000000   Code   RO         2038    .ARM.Collect$$libinit$$00000034  c_w.l(libinit2.o)
    0x08000192   0x08000192   0x00000002   Code   RO         2039    .ARM.Collect$$libinit$$00000035  c_w.l(libinit2.o)
    0x08000194   0x08000194   0x00000002   Code   RO         2217    .ARM.Collect$$libshutdown$$00000000  c_w.l(libshutdown.o)
    0x08000196   0x08000196   0x00000000   Code   RO         2233    .ARM.Collect$$libshutdown$$00000002  c_w.l(libshutdown2.o)
    0x08000196   0x08000196   0x00000000   Code   RO         2235    .ARM.Collect$$libshutdown$$00000004  c_w.l(libshutdown2.o)
    0x08000196   0x08000196   0x00000000   Code   RO         2238    .ARM.Collect$$libshutdown$$00000007  c_w.l(libshutdown2.o)
    0x08000196   0x08000196   0x00000000   Code   RO         2241    .ARM.Collect$$libshutdown$$0000000A  c_w.l(libshutdown2.o)
    0x08000196   0x08000196   0x00000000   Code   RO         2243    .ARM.Collect$$libshutdown$$0000000C  c_w.l(libshutdown2.o)
    0x08000196   0x08000196   0x00000000   Code   RO         2246    .ARM.Collect$$libshutdown$$0000000F  c_w.l(libshutdown2.o)
    0x08000196   0x08000196   0x00000002   Code   RO         2247    .ARM.Collect$$libshutdown$$00000010  c_w.l(libshutdown2.o)
    0x08000198   0x08000198   0x00000000   Code   RO         1899    .ARM.Collect$$rtentry$$00000000  c_w.l(__rtentry.o)
    0x08000198   0x08000198   0x00000000   Code   RO         2057    .ARM.Collect$$rtentry$$00000002  c_w.l(__rtentry2.o)
    0x08000198   0x08000198   0x00000006   Code   RO         2069    .ARM.Collect$$rtentry$$00000004  c_w.l(__rtentry4.o)
    0x0800019e   0x0800019e   0x00000000   Code   RO         2059    .ARM.Collect$$rtentry$$00000009  c_w.l(__rtentry2.o)
    0x0800019e   0x0800019e   0x00000004   Code   RO         2060    .ARM.Collect$$rtentry$$0000000A  c_w.l(__rtentry2.o)
    0x080001a2   0x080001a2   0x00000000   Code   RO         2062    .ARM.Collect$$rtentry$$0000000C  c_w.l(__rtentry2.o)
    0x080001a2   0x080001a2   0x00000008   Code   RO         2063    .ARM.Collect$$rtentry$$0000000D  c_w.l(__rtentry2.o)
    0x080001aa   0x080001aa   0x00000002   Code   RO         2173    .ARM.Collect$$rtexit$$00000000  c_w.l(rtexit.o)
    0x080001ac   0x080001ac   0x00000000   Code   RO         2195    .ARM.Collect$$rtexit$$00000002  c_w.l(rtexit2.o)
    0x080001ac   0x080001ac   0x00000004   Code   RO         2196    .ARM.Collect$$rtexit$$00000003  c_w.l(rtexit2.o)
    0x080001b0   0x080001b0   0x00000006   Code   RO         2197    .ARM.Collect$$rtexit$$00000004  c_w.l(rtexit2.o)
    0x080001b6   0x080001b6   0x00000002   PAD
    0x080001b8   0x080001b8   0x00000040   Code   RO            4    .text               startup_stm32f103xb.o
    0x080001f8   0x080001f8   0x00000048   Code   RO         1869    .text               c_w.l(strcpy.o)
    0x08000240   0x08000240   0x0000003e   Code   RO         1871    .text               c_w.l(strlen.o)
    0x0800027e   0x0800027e   0x0000008a   Code   RO         1873    .text               c_w.l(rt_memcpy_v6.o)
    0x08000308   0x08000308   0x00000010   Code   RO         1877    .text               c_w.l(aeabi_memset4.o)
    0x08000318   0x08000318   0x0000004e   Code   RO         1881    .text               c_w.l(rt_memclr_w.o)
    0x08000366   0x08000366   0x00000006   Code   RO         1883    .text               c_w.l(heapauxi.o)
    0x0800036c   0x0800036c   0x0000002c   Code   RO         1890    .text               c_w.l(init_aeabi.o)
    0x08000398   0x08000398   0x00000064   Code   RO         1991    .text               c_w.l(rt_memcpy_w.o)
    0x080003fc   0x080003fc   0x00000016   Code   RO         2091    .text               c_w.l(abort.o)
    0x08000412   0x08000412   0x00000002   PAD
    0x08000414   0x08000414   0x0000000c   Code   RO         2097    .text               c_w.l(sys_exit.o)
    0x08000420   0x08000420   0x0000004a   Code   RO         2101    .text               c_w.l(sys_stackheap_outer.o)
    0x0800046a   0x0800046a   0x00000012   Code   RO         2142    .text               c_w.l(exit.o)
    0x0800047c   0x0800047c   0x0000000e   Code   RO         2144    .text               c_w.l(defsig_abrt_outer.o)
    0x0800048a   0x0800048a   0x00000002   PAD
    0x0800048c   0x0800048c   0x00000008   Code   RO         2167    .text               c_w.l(libspace.o)
    0x08000494   0x08000494   0x00000002   Code   RO         2170    .text               c_w.l(use_no_semi.o)
    0x08000496   0x08000496   0x00000000   Code   RO         2172    .text               c_w.l(indicate_semi.o)
    0x08000496   0x08000496   0x0000000a   Code   RO         2184    .text               c_w.l(defsig_exit.o)
    0x080004a0   0x080004a0   0x00000030   Code   RO         2186    .text               c_w.l(defsig_abrt_inner.o)
    0x080004d0   0x080004d0   0x00000032   Code   RO         2205    .text               c_w.l(defsig_general.o)
    0x08000502   0x08000502   0x0000000e   Code   RO         2209    .text               c_w.l(sys_wrch.o)
    0x08000510   0x08000510   0x00000004   Code   RO           98    .text.BusFault_Handler  stm32f1xx_it.o
    0x08000514   0x08000514   0x00000010   Code   RO          104    .text.DMA1_Channel2_IRQHandler  stm32f1xx_it.o
    0x08000524   0x08000524   0x00000010   Code   RO          106    .text.DMA1_Channel4_IRQHandler  stm32f1xx_it.o
    0x08000534   0x08000534   0x00000010   Code   RO          108    .text.DMA1_Channel7_IRQHandler  stm32f1xx_it.o
    0x08000544   0x08000544   0x00000050   Code   RO          639    .text.DMA_SetConfig  stm32f1xx_hal_dma.o
    0x08000594   0x08000594   0x00000002   Code   RO          102    .text.DebugMon_Handler  stm32f1xx_it.o
    0x08000596   0x08000596   0x00000002   PAD
    0x08000598   0x08000598   0x0000000e   Code   RO           15    .text.Error_Handler  main.o
    0x080005a6   0x080005a6   0x00000002   PAD
    0x080005a8   0x080005a8   0x0000007c   Code   RO          643    .text.HAL_DMA_Abort  stm32f1xx_hal_dma.o
    0x08000624   0x08000624   0x0000011c   Code   RO          645    .text.HAL_DMA_Abort_IT  stm32f1xx_hal_dma.o
    0x08000740   0x08000740   0x00000286   Code   RO          649    .text.HAL_DMA_IRQHandler  stm32f1xx_hal_dma.o
    0x080009c6   0x080009c6   0x00000002   PAD
    0x080009c8   0x080009c8   0x000000ae   Code   RO          633    .text.HAL_DMA_Init  stm32f1xx_hal_dma.o
    0x08000a76   0x08000a76   0x00000002   PAD
    0x08000a78   0x08000a78   0x000000ca   Code   RO          641    .text.HAL_DMA_Start_IT  stm32f1xx_hal_dma.o
    0x08000b42   0x08000b42   0x00000002   PAD
    0x08000b44   0x08000b44   0x0000031e   Code   RO          610    .text.HAL_GPIO_Init  stm32f1xx_hal_gpio.o
    0x08000e62   0x08000e62   0x00000002   PAD
    0x08000e64   0x08000e64   0x00000026   Code   RO          618    .text.HAL_GPIO_TogglePin  stm32f1xx_hal_gpio.o
    0x08000e8a   0x08000e8a   0x00000002   PAD
    0x08000e8c   0x08000e8c   0x0000002e   Code   RO          616    .text.HAL_GPIO_WritePin  stm32f1xx_hal_gpio.o
    0x08000eba   0x08000eba   0x00000002   PAD
    0x08000ebc   0x08000ebc   0x0000000c   Code   RO          508    .text.HAL_GetTick   stm32f1xx_hal.o
    0x08000ec8   0x08000ec8   0x0000001a   Code   RO          506    .text.HAL_IncTick   stm32f1xx_hal.o
    0x08000ee2   0x08000ee2   0x00000002   PAD
    0x08000ee4   0x08000ee4   0x00000026   Code   RO          496    .text.HAL_Init      stm32f1xx_hal.o
    0x08000f0a   0x08000f0a   0x00000002   PAD
    0x08000f0c   0x08000f0c   0x000000da   Code   RO          133    .text.HAL_InitTick  stm32f1xx_hal_timebase_tim.o
    0x08000fe6   0x08000fe6   0x00000002   PAD
    0x08000fe8   0x08000fe8   0x00000072   Code   RO          125    .text.HAL_MspInit   stm32f1xx_hal_msp.o
    0x0800105a   0x0800105a   0x00000002   PAD
    0x0800105c   0x0800105c   0x00000014   Code   RO          678    .text.HAL_NVIC_EnableIRQ  stm32f1xx_hal_cortex.o
    0x08001070   0x08001070   0x00000032   Code   RO          670    .text.HAL_NVIC_SetPriority  stm32f1xx_hal_cortex.o
    0x080010a2   0x080010a2   0x00000002   PAD
    0x080010a4   0x080010a4   0x00000010   Code   RO          666    .text.HAL_NVIC_SetPriorityGrouping  stm32f1xx_hal_cortex.o
    0x080010b4   0x080010b4   0x00000256   Code   RO          562    .text.HAL_RCC_ClockConfig  stm32f1xx_hal_rcc.o
    0x0800130a   0x0800130a   0x00000002   PAD
    0x0800130c   0x0800130c   0x00000054   Code   RO          580    .text.HAL_RCC_GetClockConfig  stm32f1xx_hal_rcc.o
    0x08001360   0x08001360   0x0000000c   Code   RO          572    .text.HAL_RCC_GetHCLKFreq  stm32f1xx_hal_rcc.o
    0x0800136c   0x0800136c   0x00000022   Code   RO          574    .text.HAL_RCC_GetPCLK1Freq  stm32f1xx_hal_rcc.o
    0x0800138e   0x0800138e   0x00000002   PAD
    0x08001390   0x08001390   0x00000022   Code   RO          576    .text.HAL_RCC_GetPCLK2Freq  stm32f1xx_hal_rcc.o
    0x080013b2   0x080013b2   0x00000002   PAD
    0x080013b4   0x080013b4   0x000000bc   Code   RO          564    .text.HAL_RCC_GetSysClockFreq  stm32f1xx_hal_rcc.o
    0x08001470   0x08001470   0x0000067a   Code   RO          558    .text.HAL_RCC_OscConfig  stm32f1xx_hal_rcc.o
    0x08001aea   0x08001aea   0x00000002   PAD
    0x08001aec   0x08001aec   0x00000008   Code   RO          483    .text.HAL_TIMEx_BreakCallback  stm32f1xx_hal_tim_ex.o
    0x08001af4   0x08001af4   0x00000008   Code   RO          479    .text.HAL_TIMEx_CommutCallback  stm32f1xx_hal_tim_ex.o
    0x08001afc   0x08001afc   0x0000009c   Code   RO          160    .text.HAL_TIM_Base_Init  stm32f1xx_hal_tim.o
    0x08001b98   0x08001b98   0x00000008   Code   RO          162    .text.HAL_TIM_Base_MspInit  stm32f1xx_hal_tim.o
    0x08001ba0   0x08001ba0   0x000000b0   Code   RO          174    .text.HAL_TIM_Base_Start_IT  stm32f1xx_hal_tim.o
    0x08001c50   0x08001c50   0x00000008   Code   RO          296    .text.HAL_TIM_IC_CaptureCallback  stm32f1xx_hal_tim.o
    0x08001c58   0x08001c58   0x0000021a   Code   RO          294    .text.HAL_TIM_IRQHandler  stm32f1xx_hal_tim.o
    0x08001e72   0x08001e72   0x00000002   PAD
    0x08001e74   0x08001e74   0x00000008   Code   RO          298    .text.HAL_TIM_OC_DelayElapsedCallback  stm32f1xx_hal_tim.o
    0x08001e7c   0x08001e7c   0x00000008   Code   RO          300    .text.HAL_TIM_PWM_PulseFinishedCallback  stm32f1xx_hal_tim.o
    0x08001e84   0x08001e84   0x00000022   Code   RO           17    .text.HAL_TIM_PeriodElapsedCallback  main.o
    0x08001ea6   0x08001ea6   0x00000002   PAD
    0x08001ea8   0x08001ea8   0x00000008   Code   RO          304    .text.HAL_TIM_TriggerCallback  stm32f1xx_hal_tim.o
    0x08001eb0   0x08001eb0   0x0000000c   Code   RO          966    .text.HAL_UARTEx_RxEventCallback  stm32f1xx_hal_uart.o
    0x08001ebc   0x08001ebc   0x00000008   Code   RO          964    .text.HAL_UART_ErrorCallback  stm32f1xx_hal_uart.o
    0x08001ec4   0x08001ec4   0x0000042a   Code   RO          958    .text.HAL_UART_IRQHandler  stm32f1xx_hal_uart.o
    0x080022ee   0x080022ee   0x00000002   PAD
    0x080022f0   0x080022f0   0x0000009e   Code   RO          874    .text.HAL_UART_Init  stm32f1xx_hal_uart.o
    0x0800238e   0x0800238e   0x00000002   PAD
    0x08002390   0x08002390   0x000002b4   Code   RO           75    .text.HAL_UART_MspInit  usart.o
    0x08002644   0x08002644   0x00000056   Code   RO          898    .text.HAL_UART_Receive_IT  stm32f1xx_hal_uart.o
    0x0800269a   0x0800269a   0x00000002   PAD
    0x0800269c   0x0800269c   0x000002d0   Code   RO         1820    .text.HAL_UART_RxCpltCallback  my_uart.o
    0x0800296c   0x0800296c   0x000000e2   Code   RO          902    .text.HAL_UART_Transmit_DMA  stm32f1xx_hal_uart.o
    0x08002a4e   0x08002a4e   0x00000002   PAD
    0x08002a50   0x08002a50   0x00000008   Code   RO          972    .text.HAL_UART_TxCpltCallback  stm32f1xx_hal_uart.o
    0x08002a58   0x08002a58   0x00000008   Code   RO          974    .text.HAL_UART_TxHalfCpltCallback  stm32f1xx_hal_uart.o
    0x08002a60   0x08002a60   0x00000004   Code   RO           94    .text.HardFault_Handler  stm32f1xx_it.o
    0x08002a64   0x08002a64   0x00000060   Code   RO           61    .text.MX_DMA_Init   dma.o
    0x08002ac4   0x08002ac4   0x0000008a   Code   RO           35    .text.MX_FREERTOS_Init  freertos.o
    0x08002b4e   0x08002b4e   0x00000002   PAD
    0x08002b50   0x08002b50   0x000000ee   Code   RO           27    .text.MX_GPIO_Init  gpio.o
    0x08002c3e   0x08002c3e   0x00000002   PAD
    0x08002c40   0x08002c40   0x00000040   Code   RO           69    .text.MX_USART1_UART_Init  usart.o
    0x08002c80   0x08002c80   0x00000040   Code   RO           71    .text.MX_USART2_UART_Init  usart.o
    0x08002cc0   0x08002cc0   0x00000040   Code   RO           73    .text.MX_USART3_UART_Init  usart.o
    0x08002d00   0x08002d00   0x00000004   Code   RO           96    .text.MemManage_Handler  stm32f1xx_it.o
    0x08002d04   0x08002d04   0x00000004   Code   RO           92    .text.NMI_Handler   stm32f1xx_it.o
    0x08002d08   0x08002d08   0x0000006c   Code   RO          676    .text.NVIC_EncodePriority  stm32f1xx_hal_cortex.o
    0x08002d74   0x08002d74   0x0000000c   PAD
    0x08002d80   0x08002d80   0x00000044   Code   RO         1037    .text.PendSV_Handler  port.o
    0x08002dc4   0x08002dc4   0x0000003a   Code   RO          560    .text.RCC_Delay     stm32f1xx_hal_rcc.o
    0x08002dfe   0x08002dfe   0x00000002   PAD
    0x08002e00   0x08002e00   0x00000024   Code   RO         1023    .text.SVC_Handler   port.o
    0x08002e24   0x08002e24   0x0000000e   Code   RO         1487    .text.SVC_Setup     cmsis_os2.o
    0x08002e32   0x08002e32   0x00000002   PAD
    0x08002e34   0x08002e34   0x00000010   Code   RO           37    .text.StartDefaultTask  freertos.o
    0x08002e44   0x08002e44   0x0000001e   Code   RO         1477    .text.SysTick_Handler  cmsis_os2.o
    0x08002e62   0x08002e62   0x00000002   PAD
    0x08002e64   0x08002e64   0x0000006c   Code   RO           13    .text.SystemClock_Config  main.o
    0x08002ed0   0x08002ed0   0x00000002   Code   RO         1005    .text.SystemInit    system_stm32f1xx.o
    0x08002ed2   0x08002ed2   0x00000002   PAD
    0x08002ed4   0x08002ed4   0x00000010   Code   RO          110    .text.TIM1_UP_IRQHandler  stm32f1xx_it.o
    0x08002ee4   0x08002ee4   0x00000106   Code   RO          164    .text.TIM_Base_SetConfig  stm32f1xx_hal_tim.o
    0x08002fea   0x08002fea   0x00000002   PAD
    0x08002fec   0x08002fec   0x00000028   Code   RO         1780    .text.Task_asrpro   asrpro.o
    0x08003014   0x08003014   0x00000028   Code   RO         1709    .text.Task_screen   screen.o
    0x0800303c   0x0800303c   0x00000028   Code   RO         1747    .text.Task_wireless  wireless.o
    0x08003064   0x08003064   0x00000020   Code   RO          962    .text.UART_DMAAbortOnError  stm32f1xx_hal_uart.o
    0x08003084   0x08003084   0x0000007c   Code   RO          908    .text.UART_DMAError  stm32f1xx_hal_uart.o
    0x08003100   0x08003100   0x0000007a   Code   RO          904    .text.UART_DMATransmitCplt  stm32f1xx_hal_uart.o
    0x0800317a   0x0800317a   0x00000002   PAD
    0x0800317c   0x0800317c   0x00000016   Code   RO          906    .text.UART_DMATxHalfCplt  stm32f1xx_hal_uart.o
    0x08003192   0x08003192   0x00000002   PAD
    0x08003194   0x08003194   0x00000094   Code   RO          922    .text.UART_EndRxTransfer  stm32f1xx_hal_uart.o
    0x08003228   0x08003228   0x00000026   Code   RO          970    .text.UART_EndTransmit_IT  stm32f1xx_hal_uart.o
    0x0800324e   0x0800324e   0x00000002   PAD
    0x08003250   0x08003250   0x00000036   Code   RO          920    .text.UART_EndTxTransfer  stm32f1xx_hal_uart.o
    0x08003286   0x08003286   0x00000002   PAD
    0x08003288   0x08003288   0x0000016a   Code   RO          960    .text.UART_Receive_IT  stm32f1xx_hal_uart.o
    0x080033f2   0x080033f2   0x00000002   PAD
    0x080033f4   0x080033f4   0x000000ba   Code   RO          878    .text.UART_SetConfig  stm32f1xx_hal_uart.o
    0x080034ae   0x080034ae   0x00000002   PAD
    0x080034b0   0x080034b0   0x00000062   Code   RO          900    .text.UART_Start_Receive_IT  stm32f1xx_hal_uart.o
    0x08003512   0x08003512   0x00000002   PAD
    0x08003514   0x08003514   0x00000094   Code   RO          968    .text.UART_Transmit_IT  stm32f1xx_hal_uart.o
    0x080035a8   0x080035a8   0x00000010   Code   RO          112    .text.USART1_IRQHandler  stm32f1xx_it.o
    0x080035b8   0x080035b8   0x00000010   Code   RO          114    .text.USART2_IRQHandler  stm32f1xx_it.o
    0x080035c8   0x080035c8   0x00000010   Code   RO          116    .text.USART3_IRQHandler  stm32f1xx_it.o
    0x080035d8   0x080035d8   0x00000004   Code   RO          100    .text.UsageFault_Handler  stm32f1xx_it.o
    0x080035dc   0x080035dc   0x0000000c   Code   RO         1711    .text._GLOBAL__sub_I_Screen.cpp  screen.o
    0x080035e8   0x080035e8   0x0000000c   Code   RO         1749    .text._GLOBAL__sub_I_WireLess.cpp  wireless.o
    0x080035f4   0x080035f4   0x0000000c   Code   RO         1782    .text._GLOBAL__sub_I_asrpro.cpp  asrpro.o
    0x08003600   0x08003600   0x00000042   Code   RO         1849    .text._ZN10Subscriber12transferDataEhhPKh  protocol.o
    0x08003642   0x08003642   0x00000002   PAD
    0x08003644   0x08003644   0x00000012   Code   RO         1729    .text._ZN10Subscriber20DataReceivedCallbackEhhPKh  screen.o
    0x08003656   0x08003656   0x00000002   PAD
    0x08003658   0x08003658   0x00000018   Code   RO         1839    .text._ZN10Subscriber7addportEP8protocol  protocol.o
    0x08003670   0x08003670   0x00000048   Code   RO         1847    .text._ZN10Subscriber8sendDataEhhPKh  protocol.o
    0x080036b8   0x080036b8   0x0000001a   Code   RO         1727    .text._ZN10SubscriberC2Ev  screen.o
    0x080036d2   0x080036d2   0x00000002   PAD
    0x080036d4   0x080036d4   0x0000001c   Code   RO         1812    .text._ZN12SerialDevice16initReceiveQueueEv  my_uart.o
    0x080036f0   0x080036f0   0x00000024   Code   RO         1816    .text._ZN12SerialDevice17Instance_RegisterEPS_  my_uart.o
    0x08003714   0x08003714   0x00000042   Code   RO         1818    .text._ZN12SerialDevice18startUartReceiveITEv  my_uart.o
    0x08003756   0x08003756   0x00000002   PAD
    0x08003758   0x08003758   0x00000042   Code   RO         1814    .text._ZN12SerialDeviceC2EP20__UART_HandleTypeDef  my_uart.o
    0x0800379a   0x0800379a   0x00000002   PAD
    0x0800379c   0x0800379c   0x00000084   Code   RO         1770    .text._ZN6ASRPro11ASRPro_initEv  asrpro.o
    0x08003820   0x08003820   0x0000002a   Code   RO         1778    .text._ZN6ASRPro11Task_ASRProEv  asrpro.o
    0x0800384a   0x0800384a   0x00000002   PAD
    0x0800384c   0x0800384c   0x0000009a   Code   RO         1774    .text._ZN6ASRPro11processDataEhhPKh  asrpro.o
    0x080038e6   0x080038e6   0x00000002   PAD
    0x080038e8   0x080038e8   0x0000003e   Code   RO         1772    .text._ZN6ASRPro20DataReceivedCallbackEhhPKh  asrpro.o
    0x08003926   0x08003926   0x00000002   PAD
    0x08003928   0x08003928   0x00000040   Code   RO         1776    .text._ZN6ASRPro8ASR_sendEbPc  asrpro.o
    0x08003968   0x08003968   0x00000076   Code   RO         1795    .text._ZN6ASRProC2Ev  asrpro.o
    0x080039de   0x080039de   0x00000002   PAD
    0x080039e0   0x080039e0   0x000000c0   Code   RO         1695    .text._ZN6Screen10ScreenInitEv  screen.o
    0x08003aa0   0x08003aa0   0x00000016   Code   RO         1707    .text._ZN6Screen11Task_screenEv  screen.o
    0x08003ab6   0x08003ab6   0x00000002   PAD
    0x08003ab8   0x08003ab8   0x000000b0   Code   RO         1693    .text._ZN6Screen11processDataEhPhhS0_  screen.o
    0x08003b68   0x08003b68   0x000001b6   Code   RO         1701    .text._ZN6Screen12SETTINGSPAGEEhhPh  screen.o
    0x08003d1e   0x08003d1e   0x00000002   PAD
    0x08003d20   0x08003d20   0x000000c0   Code   RO         1691    .text._ZN6Screen20DataReceivedCallbackEhhPKh  screen.o
    0x08003de0   0x08003de0   0x00000270   Code   RO         1697    .text._ZN6Screen9MAJORPAGEEhhPh  screen.o
    0x08004050   0x08004050   0x000003d0   Code   RO         1699    .text._ZN6Screen9MINORPAGEEhhPh  screen.o
    0x08004420   0x08004420   0x000000ea   Code   RO         1725    .text._ZN6ScreenC2Ev  screen.o
    0x0800450a   0x0800450a   0x00000002   PAD
    0x0800450c   0x0800450c   0x0000001e   Code   RO         1745    .text._ZN8WireLess13Task_WireLessEv  wireless.o
    0x0800452a   0x0800452a   0x00000002   PAD
    0x0800452c   0x0800452c   0x00000084   Code   RO         1737    .text._ZN8WireLess13WireLess_initEv  wireless.o
    0x080045b0   0x080045b0   0x00000060   Code   RO         1741    .text._ZN8WireLess18processData_ScreenEPKh  wireless.o
    0x08004610   0x08004610   0x00000032   Code   RO         1739    .text._ZN8WireLess20DataReceivedCallbackEhhPKh  wireless.o
    0x08004642   0x08004642   0x00000002   PAD
    0x08004644   0x08004644   0x00000008   Code   RO         1743    .text._ZN8WireLess20processData_JoystickEv  wireless.o
    0x0800464c   0x0800464c   0x00000072   Code   RO         1762    .text._ZN8WireLessC2Ev  wireless.o
    0x080046be   0x080046be   0x00000002   PAD
    0x080046c0   0x080046c0   0x0000009e   Code   RO         1851    .text._ZN8protocol12TransferDataEhhPKh  protocol.o
    0x0800475e   0x0800475e   0x00000002   PAD
    0x08004760   0x08004760   0x0000003a   Code   RO         1837    .text._ZN8protocol13addSubscriberEP10Subscriber  protocol.o
    0x0800479a   0x0800479a   0x00000002   PAD
    0x0800479c   0x0800479c   0x00000088   Code   RO         1843    .text._ZN8protocol15processSendDataEhhPKh  protocol.o
    0x08004824   0x08004824   0x000000c2   Code   RO         1841    .text._ZN8protocol17handleReceiveDataEv  protocol.o
    0x080048e6   0x080048e6   0x00000002   PAD
    0x080048e8   0x080048e8   0x000000aa   Code   RO         1845    .text._ZN8protocol8SendDataEv  protocol.o
    0x08004992   0x08004992   0x00000002   PAD
    0x08004994   0x08004994   0x00000038   Code   RO         1835    .text._ZN8protocol9initQueueEv  protocol.o
    0x080049cc   0x080049cc   0x00000024   Code   RO         1833    .text._ZN8protocolC2EP20__UART_HandleTypeDef  protocol.o
    0x080049f0   0x080049f0   0x00000030   Code   RO          680    .text.__NVIC_EnableIRQ  stm32f1xx_hal_cortex.o
    0x08004a20   0x08004a20   0x00000010   Code   RO          672    .text.__NVIC_GetPriorityGrouping  stm32f1xx_hal_cortex.o
    0x08004a30   0x08004a30   0x00000042   Code   RO          674    .text.__NVIC_SetPriority  stm32f1xx_hal_cortex.o
    0x08004a72   0x08004a72   0x00000002   PAD
    0x08004a74   0x08004a74   0x00000042   Code   RO         1641    .text.__NVIC_SetPriority  cmsis_os2.o
    0x08004ab6   0x08004ab6   0x00000002   PAD
    0x08004ab8   0x08004ab8   0x0000003c   Code   RO          668    .text.__NVIC_SetPriorityGrouping  stm32f1xx_hal_cortex.o
    0x08004af4   0x08004af4   0x00000028   Code   RO         1894    .text.__cxa_pure_virtual  libcppabi_w.l(cxa_virtual.cpp.o)
    0x08004b1c   0x08004b1c   0x00000018   Code   RO         1687    .text.__cxx_global_var_init  screen.o
    0x08004b34   0x08004b34   0x00000018   Code   RO         1733    .text.__cxx_global_var_init  wireless.o
    0x08004b4c   0x08004b4c   0x00000018   Code   RO         1766    .text.__cxx_global_var_init  asrpro.o
    0x08004b64   0x08004b64   0x00000010   Code   RO         1689    .text.__cxx_global_var_init.1  screen.o
    0x08004b74   0x08004b74   0x00000010   Code   RO         1735    .text.__cxx_global_var_init.1  wireless.o
    0x08004b84   0x08004b84   0x00000010   Code   RO         1768    .text.__cxx_global_var_init.1  asrpro.o
    0x08004b94   0x08004b94   0x00000034   Code   RO           11    .text.main          main.o
    0x08004bc8   0x08004bc8   0x00000034   Code   RO         1545    .text.osDelay       cmsis_os2.o
    0x08004bfc   0x08004bfc   0x00000046   Code   RO         1479    .text.osKernelInitialize  cmsis_os2.o
    0x08004c42   0x08004c42   0x00000002   PAD
    0x08004c44   0x08004c44   0x00000052   Code   RO         1485    .text.osKernelStart  cmsis_os2.o
    0x08004c96   0x08004c96   0x00000002   PAD
    0x08004c98   0x08004c98   0x000000c0   Code   RO         1599    .text.osMessageQueueGet  cmsis_os2.o
    0x08004d58   0x08004d58   0x000000fe   Code   RO         1595    .text.osMessageQueueNew  cmsis_os2.o
    0x08004e56   0x08004e56   0x00000002   PAD
    0x08004e58   0x08004e58   0x000000c4   Code   RO         1597    .text.osMessageQueuePut  cmsis_os2.o
    0x08004f1c   0x08004f1c   0x00000040   Code   RO         1609    .text.osMessageQueueReset  cmsis_os2.o
    0x08004f5c   0x08004f5c   0x0000015a   Code   RO         1509    .text.osThreadNew   cmsis_os2.o
    0x080050b6   0x080050b6   0x00000002   PAD
    0x080050b8   0x080050b8   0x000000d4   Code   RO         1271    .text.prvAddCurrentTaskToDelayedList  tasks.o
    0x0800518c   0x0800518c   0x00000122   Code   RO         1257    .text.prvAddNewTaskToReadyList  tasks.o
    0x080052ae   0x080052ae   0x00000002   PAD
    0x080052b0   0x080052b0   0x000000a2   Code   RO         1408    .text.prvCheckForValidListAndQueue  timers.o
    0x08005352   0x08005352   0x00000002   PAD
    0x08005354   0x08005354   0x0000005a   Code   RO         1375    .text.prvCheckTasksWaitingTermination  tasks.o
    0x080053ae   0x080053ae   0x00000002   PAD
    0x080053b0   0x080053b0   0x00000042   Code   RO         1150    .text.prvCopyDataFromQueue  queue.o
    0x080053f2   0x080053f2   0x00000002   PAD
    0x080053f4   0x080053f4   0x000000cc   Code   RO         1138    .text.prvCopyDataToQueue  queue.o
    0x080054c0   0x080054c0   0x0000005e   Code   RO         1263    .text.prvDeleteTCB  tasks.o
    0x0800551e   0x0800551e   0x00000002   PAD
    0x08005520   0x08005520   0x00000040   Code   RO         1446    .text.prvGetNextExpireTime  timers.o
    0x08005560   0x08005560   0x000000bc   Code   RO         1658    .text.prvHeapInit   heap_4.o
    0x0800561c   0x0800561c   0x00000038   Code   RO         1297    .text.prvIdleTask   tasks.o
    0x08005654   0x08005654   0x00000048   Code   RO         1112    .text.prvInitialiseNewQueue  queue.o
    0x0800569c   0x0800569c   0x00000122   Code   RO         1255    .text.prvInitialiseNewTask  tasks.o
    0x080057be   0x080057be   0x00000002   PAD
    0x080057c0   0x080057c0   0x0000008e   Code   RO         1373    .text.prvInitialiseTaskLists  tasks.o
    0x0800584e   0x0800584e   0x00000002   PAD
    0x08005850   0x08005850   0x000000c6   Code   RO         1660    .text.prvInsertBlockIntoFreeList  heap_4.o
    0x08005916   0x08005916   0x00000002   PAD
    0x08005918   0x08005918   0x00000086   Code   RO         1458    .text.prvInsertTimerInActiveList  timers.o
    0x0800599e   0x0800599e   0x00000002   PAD
    0x080059a0   0x080059a0   0x00000028   Code   RO         1152    .text.prvIsQueueEmpty  queue.o
    0x080059c8   0x080059c8   0x0000002e   Code   RO         1140    .text.prvIsQueueFull  queue.o
    0x080059f6   0x080059f6   0x00000002   PAD
    0x080059f8   0x080059f8   0x00000020   Code   RO         1029    .text.prvPortStartFirstTask  port.o
    0x08005a18   0x08005a18   0x0000008e   Code   RO         1454    .text.prvProcessExpiredTimer  timers.o
    0x08005aa6   0x08005aa6   0x00000002   PAD
    0x08005aa8   0x08005aa8   0x00000192   Code   RO         1450    .text.prvProcessReceivedCommands  timers.o
    0x08005c3a   0x08005c3a   0x00000002   PAD
    0x08005c3c   0x08005c3c   0x0000009a   Code   RO         1448    .text.prvProcessTimerOrBlockTask  timers.o
    0x08005cd6   0x08005cd6   0x00000002   PAD
    0x08005cd8   0x08005cd8   0x00000046   Code   RO         1265    .text.prvResetNextTaskUnblockTime  tasks.o
    0x08005d1e   0x08005d1e   0x00000002   PAD
    0x08005d20   0x08005d20   0x00000044   Code   RO         1452    .text.prvSampleTimeNow  timers.o
    0x08005d64   0x08005d64   0x000000d4   Code   RO         1456    .text.prvSwitchTimerLists  timers.o
    0x08005e38   0x08005e38   0x0000004c   Code   RO         1021    .text.prvTaskExitError  port.o
    0x08005e84   0x08005e84   0x0000001e   Code   RO         1410    .text.prvTimerTask  timers.o
    0x08005ea2   0x08005ea2   0x00000002   PAD
    0x08005ea4   0x08005ea4   0x000000ae   Code   RO         1142    .text.prvUnlockQueue  queue.o
    0x08005f52   0x08005f52   0x00000002   PAD
    0x08005f54   0x08005f54   0x000001ec   Code   RO         1656    .text.pvPortMalloc  heap_4.o
    0x08006140   0x08006140   0x00000050   Code   RO         1019    .text.pxPortInitialiseStack  port.o
    0x08006190   0x08006190   0x00000004   Code   RO         2053    .text.unlikely.abort_message  libcppabi_w.l(abort_message.cpp.o)
    0x08006194   0x08006194   0x00000048   Code   RO         1099    .text.uxListRemove  list.o
    0x080061dc   0x080061dc   0x0000002a   Code   RO         1637    .text.vApplicationGetIdleTaskMemory  cmsis_os2.o
    0x08006206   0x08006206   0x00000002   PAD
    0x08006208   0x08006208   0x0000002c   Code   RO         1639    .text.vApplicationGetTimerTaskMemory  cmsis_os2.o
    0x08006234   0x08006234   0x0000002e   Code   RO         1091    .text.vListInitialise  list.o
    0x08006262   0x08006262   0x00000002   PAD
    0x08006264   0x08006264   0x0000000e   Code   RO         1093    .text.vListInitialiseItem  list.o
    0x08006272   0x08006272   0x00000002   PAD
    0x08006274   0x08006274   0x0000006a   Code   RO         1097    .text.vListInsert   list.o
    0x080062de   0x080062de   0x00000002   PAD
    0x080062e0   0x080062e0   0x0000003a   Code   RO         1095    .text.vListInsertEnd  list.o
    0x0800631a   0x0800631a   0x00000002   PAD
    0x0800631c   0x0800631c   0x00000056   Code   RO         1033    .text.vPortEnterCritical  port.o
    0x08006372   0x08006372   0x00000002   PAD
    0x08006374   0x08006374   0x0000004a   Code   RO         1035    .text.vPortExitCritical  port.o
    0x080063be   0x080063be   0x00000002   PAD
    0x080063c0   0x080063c0   0x000000ce   Code   RO         1662    .text.vPortFree     heap_4.o
    0x0800648e   0x0800648e   0x00000002   PAD
    0x08006490   0x08006490   0x00000044   Code   RO         1027    .text.vPortSetupTimerInterrupt  port.o
    0x080064d4   0x080064d4   0x00000084   Code   RO         1041    .text.vPortValidateInterruptPriority  port.o
    0x08006558   0x08006558   0x00000052   Code   RO         1182    .text.vQueueAddToRegistry  queue.o
    0x080065aa   0x080065aa   0x00000002   PAD
    0x080065ac   0x080065ac   0x00000064   Code   RO         1186    .text.vQueueWaitForMessageRestricted  queue.o
    0x08006610   0x08006610   0x0000006e   Code   RO         1275    .text.vTaskDelay    tasks.o
    0x0800667e   0x0800667e   0x00000002   PAD
    0x08006680   0x08006680   0x00000024   Code   RO         1329    .text.vTaskInternalSetTimeOutState  tasks.o
    0x080066a4   0x080066a4   0x0000000e   Code   RO         1333    .text.vTaskMissedYield  tasks.o
    0x080066b2   0x080066b2   0x00000002   PAD
    0x080066b4   0x080066b4   0x00000042   Code   RO         1317    .text.vTaskPlaceOnEventList  tasks.o
    0x080066f6   0x080066f6   0x00000002   PAD
    0x080066f8   0x080066f8   0x00000052   Code   RO         1321    .text.vTaskPlaceOnEventListRestricted  tasks.o
    0x0800674a   0x0800674a   0x00000002   PAD
    0x0800674c   0x0800674c   0x000000e0   Code   RO         1295    .text.vTaskStartScheduler  tasks.o
    0x0800682c   0x0800682c   0x00000010   Code   RO         1269    .text.vTaskSuspendAll  tasks.o
    0x0800683c   0x0800683c   0x000000c6   Code   RO         1287    .text.vTaskSwitchContext  tasks.o
    0x08006902   0x08006902   0x00000002   PAD
    0x08006904   0x08006904   0x000000e6   Code   RO         1025    .text.xPortStartScheduler  port.o
    0x080069ea   0x080069ea   0x00000002   PAD
    0x080069ec   0x080069ec   0x0000003c   Code   RO         1039    .text.xPortSysTickHandler  port.o
    0x08006a28   0x08006a28   0x00000074   Code   RO         1114    .text.xQueueGenericCreate  queue.o
    0x08006a9c   0x08006a9c   0x0000010e   Code   RO         1110    .text.xQueueGenericCreateStatic  queue.o
    0x08006baa   0x08006baa   0x00000002   PAD
    0x08006bac   0x08006bac   0x000000ba   Code   RO         1108    .text.xQueueGenericReset  queue.o
    0x08006c66   0x08006c66   0x00000002   PAD
    0x08006c68   0x08006c68   0x0000022c   Code   RO         1128    .text.xQueueGenericSend  queue.o
    0x08006e94   0x08006e94   0x0000014c   Code   RO         1144    .text.xQueueGenericSendFromISR  queue.o
    0x08006fe0   0x08006fe0   0x000001dc   Code   RO         1148    .text.xQueueReceive  queue.o
    0x080071bc   0x080071bc   0x00000108   Code   RO         1158    .text.xQueueReceiveFromISR  queue.o
    0x080072c4   0x080072c4   0x000000cc   Code   RO         1331    .text.xTaskCheckForTimeOut  tasks.o
    0x08007390   0x08007390   0x0000009e   Code   RO         1259    .text.xTaskCreate   tasks.o
    0x0800742e   0x0800742e   0x00000002   PAD
    0x08007430   0x08007430   0x000000ce   Code   RO         1253    .text.xTaskCreateStatic  tasks.o
    0x080074fe   0x080074fe   0x00000002   PAD
    0x08007500   0x08007500   0x00000038   Code   RO         1347    .text.xTaskGetSchedulerState  tasks.o
    0x08007538   0x08007538   0x00000014   Code   RO         1303    .text.xTaskGetTickCount  tasks.o
    0x0800754c   0x0800754c   0x000001c4   Code   RO         1301    .text.xTaskIncrementTick  tasks.o
    0x08007710   0x08007710   0x000000ec   Code   RO         1351    .text.xTaskPriorityDisinherit  tasks.o
    0x080077fc   0x080077fc   0x000000ce   Code   RO         1323    .text.xTaskRemoveFromEventList  tasks.o
    0x080078ca   0x080078ca   0x00000002   PAD
    0x080078cc   0x080078cc   0x00000186   Code   RO         1273    .text.xTaskResumeAll  tasks.o
    0x08007a52   0x08007a52   0x00000002   PAD
    0x08007a54   0x08007a54   0x00000094   Code   RO         1406    .text.xTimerCreateTimerTask  timers.o
    0x08007ae8   0x08007ae8   0x000000b0   Code   RO         1418    .text.xTimerGenericCommand  timers.o
    0x08007b98   0x08007b98   0x00000010   Data   RO         1010    .rodata.AHBPrescTable  system_stm32f1xx.o
    0x08007ba8   0x08007ba8   0x00000008   Data   RO         1011    .rodata.APBPrescTable  system_stm32f1xx.o
    0x08007bb0   0x08007bb0   0x00000024   Data   RO           49    .rodata.AsrPro_attributes  freertos.o
    0x08007bd4   0x08007bd4   0x00000010   Data   RO          586    .rodata.HAL_RCC_GetSysClockFreq.aPLLMULFactorTable  stm32f1xx_hal_rcc.o
    0x08007be4   0x08007be4   0x00000002   Data   RO          587    .rodata.HAL_RCC_GetSysClockFreq.aPredivFactorTable  stm32f1xx_hal_rcc.o
    0x08007be6   0x08007be6   0x00000002   PAD
    0x08007be8   0x08007be8   0x00000024   Data   RO           47    .rodata.Screen_attributes  freertos.o
    0x08007c0c   0x08007c0c   0x00000024   Data   RO           48    .rodata.Wireless_attributes  freertos.o
    0x08007c30   0x08007c30   0x0000000c   Data   RO         1731    .rodata._ZTV10Subscriber  screen.o
    0x08007c3c   0x08007c3c   0x00000014   Data   RO         1831    .rodata._ZTV12SerialDevice  my_uart.o
    0x08007c50   0x08007c50   0x0000000c   Data   RO         1787    .rodata._ZTV6ASRPro  asrpro.o
    0x08007c5c   0x08007c5c   0x0000000c   Data   RO         1717    .rodata._ZTV6Screen  screen.o
    0x08007c68   0x08007c68   0x0000000c   Data   RO         1754    .rodata._ZTV8WireLess  wireless.o
    0x08007c74   0x08007c74   0x00000014   Data   RO         1855    .rodata._ZTV8protocol  protocol.o
    0x08007c88   0x08007c88   0x00000024   Data   RO           46    .rodata.defaultTask_attributes  freertos.o
    0x08007cac   0x08007cac   0x00000023   Data   RO           45    .rodata.str1.1      freertos.o
    0x08007ccf   0x08007ccf   0x00000005   Data   RO         1391    .rodata.str1.1      tasks.o
    0x08007cd4   0x08007cd4   0x0000000d   Data   RO         1461    .rodata.str1.1      timers.o
    0x08007ce1   0x08007ce1   0x00000026   Data   RO         1716    .rodata.str1.1      screen.o
    0x08007d07   0x08007d07   0x00000008   Data   RO         1786    .rodata.str1.1      asrpro.o
    0x08007d0f   0x08007d0f   0x00000001   PAD
    0x08007d10   0x08007d10   0x00000020   Data   RO         2248    Region$$Table       anon$$obj.o
    0x08007d30   0x08007d30   0x00000004   Data   RO         1718    .init_array         screen.o
    0x08007d34   0x08007d30   0x00000004   Data   RO         1755    .init_array         wireless.o
    0x08007d38   0x08007d30   0x00000004   Data   RO         1788    .init_array         asrpro.o
    0x08007d3c   0x08007d30   0x00000000   Data   RO         1888    .init_array         c_w.l(init_aeabi.o)


    Execution Region RW_IRAM1 (Exec base: 0x20000000, Load base: 0x08007d40, Size: 0x00003bc8, Max: 0x00005000, ABSOLUTE)

    Exec Addr    Load Addr    Size         Type   Attr      Idx    E Section Name        Object

    0x20000000   0x08007d40   0x00000004   Data   RW         1009    .data.SystemCoreClock  system_stm32f1xx.o
    0x20000004   0x08007d44   0x00000001   Data   RW          547    .data.uwTickFreq    stm32f1xx_hal.o
    0x20000005   0x08007d45   0x00000003   PAD
    0x20000008   0x08007d48   0x00000004   Data   RW          546    .data.uwTickPrio    stm32f1xx_hal.o
    0x2000000c   0x08007d4c   0x00000004   Data   RW         1045    .data.uxCriticalNesting  port.o
    0x20000010   0x08007d50   0x00000018   Data   RW         1856    dma_buffer_section  protocol.o
    0x20000028        -       0x00000060   Zero   RW         2168    .bss                c_w.l(libspace.o)
    0x20000088        -       0x00000094   Zero   RW         1784    .bss.ASRProProtocol  asrpro.o
    0x2000011c        -       0x00000004   Zero   RW           53    .bss.AsrProHandle   freertos.o
    0x20000120        -       0x00000004   Zero   RW         1643    .bss.KernelState    cmsis_os2.o
    0x20000124        -       0x00000004   Zero   RW           51    .bss.ScreenHandle   freertos.o
    0x20000128        -       0x00000094   Zero   RW         1713    .bss.ScreenProtocol  screen.o
    0x200001bc        -       0x00000094   Zero   RW         1751    .bss.WireLessProtocol  wireless.o
    0x20000250        -       0x00000004   Zero   RW           52    .bss.WirelessHandle  freertos.o
    0x20000254        -       0x00000010   Zero   RW         1822    .bss._ZN12SerialDevice5obArrE  my_uart.o
    0x20000264        -       0x00000004   Zero   RW         1823    .bss._ZN12SerialDevice9Ins_CountE  my_uart.o
    0x20000268        -       0x00000010   Zero   RW         1853    .bss._ZN8protocol11subscribersE  protocol.o
    0x20000278        -       0x00000004   Zero   RW         1854    .bss._ZN8protocol16subscriberCount_E  protocol.o
    0x2000027c        -       0x00000060   Zero   RW         1785    .bss.asrpro         asrpro.o
    0x200002dc        -       0x00000004   Zero   RW           50    .bss.defaultTaskHandle  freertos.o
    0x200002e0        -       0x00000044   Zero   RW           82    .bss.hdma_usart1_tx  usart.o
    0x20000324        -       0x00000044   Zero   RW           83    .bss.hdma_usart2_tx  usart.o
    0x20000368        -       0x00000044   Zero   RW           84    .bss.hdma_usart3_tx  usart.o
    0x200003ac        -       0x00000048   Zero   RW          139    .bss.htim1          stm32f1xx_hal_timebase_tim.o
    0x200003f4        -       0x00000048   Zero   RW           79    .bss.huart1         usart.o
    0x2000043c        -       0x00000048   Zero   RW           80    .bss.huart2         usart.o
    0x20000484        -       0x00000048   Zero   RW           81    .bss.huart3         usart.o
    0x200004cc        -       0x000000a0   Zero   RW         1469    .bss.prvCheckForValidListAndQueue.ucStaticTimerQueueStorage  timers.o
    0x2000056c        -       0x00000050   Zero   RW         1468    .bss.prvCheckForValidListAndQueue.xStaticTimerQueue  timers.o
    0x200005bc        -       0x00000004   Zero   RW         1465    .bss.prvSampleTimeNow.xLastTime  timers.o
    0x200005c0        -       0x00000004   Zero   RW         1377    .bss.pxCurrentTCB   tasks.o
    0x200005c4        -       0x00000004   Zero   RW         1463    .bss.pxCurrentTimerList  timers.o
    0x200005c8        -       0x00000004   Zero   RW         1385    .bss.pxDelayedTaskList  tasks.o
    0x200005cc        -       0x00000004   Zero   RW         1672    .bss.pxEnd          heap_4.o
    0x200005d0        -       0x00000004   Zero   RW         1386    .bss.pxOverflowDelayedTaskList  tasks.o
    0x200005d4        -       0x00000004   Zero   RW         1464    .bss.pxOverflowTimerList  timers.o
    0x200005d8        -       0x00000460   Zero   RW         1388    .bss.pxReadyTasksLists  tasks.o
    0x20000a38        -       0x00000080   Zero   RW         1714    .bss.screen         screen.o
    0x20000ab8        -       0x00000004   Zero   RW         1824    .bss.status         my_uart.o
    0x20000abc        -       0x00000004   Zero   RW         1857    .bss.test_status2   protocol.o
    0x20000ac0        -       0x00000004   Zero   RW         1715    .bss.test_temp      screen.o
    0x20000ac4        -       0x00000004   Zero   RW         1753    .bss.test_temp2     wireless.o
    0x20000ac8        -       0x000022b8   Zero   RW         1679    .bss.ucHeap         heap_4.o
    0x20002d80        -       0x00000001   Zero   RW         1043    .bss.ucMaxSysCallPriority  port.o
    0x20002d81   0x08007d68   0x00000003   PAD
    0x20002d84        -       0x00000004   Zero   RW         1044    .bss.ulMaxPRIGROUPValue  port.o
    0x20002d88        -       0x00000004   Zero   RW          548    .bss.uwTick         stm32f1xx_hal.o
    0x20002d8c        -       0x00000004   Zero   RW         1381    .bss.uxCurrentNumberOfTasks  tasks.o
    0x20002d90        -       0x00000004   Zero   RW         1380    .bss.uxDeletedTasksWaitingCleanUp  tasks.o
    0x20002d94        -       0x00000004   Zero   RW         1383    .bss.uxSchedulerSuspended  tasks.o
    0x20002d98        -       0x00000004   Zero   RW         1378    .bss.uxTaskNumber   tasks.o
    0x20002d9c        -       0x00000004   Zero   RW         1389    .bss.uxTopReadyPriority  tasks.o
    0x20002da0        -       0x00000200   Zero   RW         1646    .bss.vApplicationGetIdleTaskMemory.Idle_Stack  cmsis_os2.o
    0x20002fa0        -       0x0000005c   Zero   RW         1645    .bss.vApplicationGetIdleTaskMemory.Idle_TCB  cmsis_os2.o
    0x20002ffc        -       0x00000400   Zero   RW         1648    .bss.vApplicationGetTimerTaskMemory.Timer_Stack  cmsis_os2.o
    0x200033fc        -       0x0000005c   Zero   RW         1647    .bss.vApplicationGetTimerTaskMemory.Timer_TCB  cmsis_os2.o
    0x20003458        -       0x00000060   Zero   RW         1752    .bss.wireless       wireless.o
    0x200034b8        -       0x00000014   Zero   RW         1466    .bss.xActiveTimerList1  timers.o
    0x200034cc        -       0x00000014   Zero   RW         1467    .bss.xActiveTimerList2  timers.o
    0x200034e0        -       0x00000004   Zero   RW         1673    .bss.xBlockAllocatedBit  heap_4.o
    0x200034e4        -       0x00000014   Zero   RW         1397    .bss.xDelayedTaskList1  tasks.o
    0x200034f8        -       0x00000014   Zero   RW         1398    .bss.xDelayedTaskList2  tasks.o
    0x2000350c        -       0x00000004   Zero   RW         1674    .bss.xFreeBytesRemaining  heap_4.o
    0x20003510        -       0x00000004   Zero   RW         1392    .bss.xIdleTaskHandle  tasks.o
    0x20003514        -       0x00000004   Zero   RW         1676    .bss.xMinimumEverFreeBytesRemaining  heap_4.o
    0x20003518        -       0x00000004   Zero   RW         1393    .bss.xNextTaskUnblockTime  tasks.o
    0x2000351c        -       0x00000004   Zero   RW         1396    .bss.xNumOfOverflows  tasks.o
    0x20003520        -       0x00000004   Zero   RW         1677    .bss.xNumberOfSuccessfulAllocations  heap_4.o
    0x20003524        -       0x00000004   Zero   RW         1678    .bss.xNumberOfSuccessfulFrees  heap_4.o
    0x20003528        -       0x00000004   Zero   RW         1395    .bss.xPendedTicks   tasks.o
    0x2000352c        -       0x00000014   Zero   RW         1390    .bss.xPendingReadyList  tasks.o
    0x20003540        -       0x00000040   Zero   RW         1188    .bss.xQueueRegistry  queue.o
    0x20003580        -       0x00000004   Zero   RW         1382    .bss.xSchedulerRunning  tasks.o
    0x20003584        -       0x00000008   Zero   RW         1675    .bss.xStart         heap_4.o
    0x2000358c        -       0x00000014   Zero   RW         1387    .bss.xSuspendedTaskList  tasks.o
    0x200035a0        -       0x00000014   Zero   RW         1379    .bss.xTasksWaitingTermination  tasks.o
    0x200035b4        -       0x00000004   Zero   RW         1384    .bss.xTickCount     tasks.o
    0x200035b8        -       0x00000004   Zero   RW         1460    .bss.xTimerQueue    timers.o
    0x200035bc        -       0x00000004   Zero   RW         1462    .bss.xTimerTaskHandle  timers.o
    0x200035c0        -       0x00000004   Zero   RW         1394    .bss.xYieldPending  tasks.o
    0x200035c4   0x08007d68   0x00000004   PAD
    0x200035c8        -       0x00000200   Zero   RW            2    HEAP                startup_stm32f103xb.o
    0x200037c8        -       0x00000400   Zero   RW            1    STACK               startup_stm32f103xb.o


==============================================================================

Image component sizes


      Code (inc. data)   RO Data    RW Data    ZI Data      Debug   Object Name

       664          0         24          0        244       9995   asrpro.o
      1452          0          0          0       1724      33909   cmsis_os2.o
        96          0          0          0          0       1991   dma.o
       154          0        179          0         16       3297   freertos.o
       238          0          0          0          0       1545   gpio.o
      1084          0          0          0       8920       4349   heap_4.o
       296          0          0          0          0       2153   list.o
       208          0          0          0          0       4529   main.o
       916          0         20          0         24       9954   my_uart.o
       942         12          0          4          5       3497   port.o
       970          0         20         24         24      10815   protocol.o
      2984          0          0          0         64      17209   queue.o
      2990          0         66          0        280      12961   screen.o
        64         26        236          0       1536        792   startup_stm32f103xb.o
        76          0          0          5          4       5549   stm32f1xx_hal.o
       384          0          0          0          0       7535   stm32f1xx_hal_cortex.o
      1510          0          0          0          0       6288   stm32f1xx_hal_dma.o
       882          0          0          0          0       4213   stm32f1xx_hal_gpio.o
       114          0          0          0          0       2290   stm32f1xx_hal_msp.o
      2666          0         18          0          0       7414   stm32f1xx_hal_rcc.o
      1172          0          0          0          0      35651   stm32f1xx_hal_tim.o
        16          0          0          0          0      15096   stm32f1xx_hal_tim_ex.o
       218          0          0          0         72       5609   stm32f1xx_hal_timebase_tim.o
      2906          0          0          0          0      20040   stm32f1xx_hal_uart.o
       134          0          0          0          0       1432   stm32f1xx_it.o
         2          0         24          4          0       1556   system_stm32f1xx.o
      3918          0          5          0       1280      24063   tasks.o
      1692         10         13          0        300      11516   timers.o
       884          0          0          0        420       6104   usart.o
       522          0         16          0        248       9972   wireless.o

    ----------------------------------------------------------------------
     30364         48        656         40      15168     281324   Object Totals
         0          0         32          0          0          0   (incl. Generated)
       210          0          3          3          7          0   (incl. Padding)

    ----------------------------------------------------------------------

      Code (inc. data)   RO Data    RW Data    ZI Data      Debug   Library Member Name

         8          0          0          0          0         68   __main.o
         0          0          0          0          0          0   __rtentry.o
        12          0          0          0          0          0   __rtentry2.o
         6          0          0          0          0          0   __rtentry4.o
        94          8          0          0          0          0   __scatter.o
        26          0          0          0          0          0   __scatter_copy.o
        28          0          0          0          0          0   __scatter_zi.o
        22          0          0          0          0         80   abort.o
        16          0          0          0          0         68   aeabi_memset4.o
        48         34          0          0          0         76   defsig_abrt_inner.o
        14          0          0          0          0         80   defsig_abrt_outer.o
        10          0          0          0          0         68   defsig_exit.o
        50          0          0          0          0         88   defsig_general.o
        18          0          0          0          0         80   exit.o
         6          0          0          0          0        152   heapauxi.o
         0          0          0          0          0          0   indicate_semi.o
        44          8          0          0          0         80   init_aeabi.o
         2          0          0          0          0          0   libinit.o
         6          0          0          0          0          0   libinit2.o
         2          0          0          0          0          0   libshutdown.o
         2          0          0          0          0          0   libshutdown2.o
         8          4          0          0         96         68   libspace.o
        78          0          0          0          0         80   rt_memclr_w.o
       138          0          0          0          0         68   rt_memcpy_v6.o
       100          0          0          0          0         80   rt_memcpy_w.o
         2          0          0          0          0          0   rtexit.o
        10          0          0          0          0          0   rtexit2.o
        72          0          0          0          0         80   strcpy.o
        62          0          0          0          0         76   strlen.o
        12          4          0          0          0         68   sys_exit.o
        74          0          0          0          0         80   sys_stackheap_outer.o
        14          0          0          0          0         76   sys_wrch.o
         2          0          0          0          0         68   use_no_semi.o
         4          0          0          0          0         36   abort_message.cpp.o
        40         32          0          0          0         52   cxa_virtual.cpp.o

    ----------------------------------------------------------------------
      1040         90          0          0         96       1672   Library Totals
        10          0          0          0          0          0   (incl. Padding)

    ----------------------------------------------------------------------

      Code (inc. data)   RO Data    RW Data    ZI Data      Debug   Library Name

       986         58          0          0         96       1584   c_w.l
        44         32          0          0          0         88   libcppabi_w.l

    ----------------------------------------------------------------------
      1040         90          0          0         96       1672   Library Totals

    ----------------------------------------------------------------------

==============================================================================


      Code (inc. data)   RO Data    RW Data    ZI Data      Debug   

     31404        138        656         40      15264     281680   Grand Totals
     31404        138        656         40      15264     281680   ELF Image Totals
     31404        138        656         40          0          0   ROM Totals

==============================================================================

    Total RO  Size (Code + RO Data)                32060 (  31.31kB)
    Total RW  Size (RW Data + ZI Data)             15304 (  14.95kB)
    Total ROM Size (Code + RO Data + RW Data)      32100 (  31.35kB)

==============================================================================

