Component: Arm Compiler for Embedded 6.23 Tool: armlink [5f102400]

==============================================================================

Section Cross References

    startup_stm32f407xx.o(STACK) refers (Special) to heapauxi.o(.text) for __use_two_region_memory
    startup_stm32f407xx.o(HEAP) refers (Special) to heapauxi.o(.text) for __use_two_region_memory
    startup_stm32f407xx.o(RESET) refers (Special) to heapauxi.o(.text) for __use_two_region_memory
    startup_stm32f407xx.o(RESET) refers to startup_stm32f407xx.o(STACK) for __initial_sp
    startup_stm32f407xx.o(RESET) refers to startup_stm32f407xx.o(.text) for Reset_Handler
    startup_stm32f407xx.o(RESET) refers to stm32f4xx_it.o(.text.NMI_Handler) for NMI_Handler
    startup_stm32f407xx.o(RESET) refers to stm32f4xx_it.o(.text.HardFault_Handler) for HardFault_Handler
    startup_stm32f407xx.o(RESET) refers to stm32f4xx_it.o(.text.MemManage_Handler) for MemManage_Handler
    startup_stm32f407xx.o(RESET) refers to stm32f4xx_it.o(.text.BusFault_Handler) for BusFault_Handler
    startup_stm32f407xx.o(RESET) refers to stm32f4xx_it.o(.text.UsageFault_Handler) for UsageFault_Handler
    startup_stm32f407xx.o(RESET) refers to stm32f4xx_it.o(.text.SVC_Handler) for SVC_Handler
    startup_stm32f407xx.o(RESET) refers to stm32f4xx_it.o(.text.DebugMon_Handler) for DebugMon_Handler
    startup_stm32f407xx.o(RESET) refers to stm32f4xx_it.o(.text.PendSV_Handler) for PendSV_Handler
    startup_stm32f407xx.o(RESET) refers to stm32f4xx_it.o(.text.SysTick_Handler) for SysTick_Handler
    startup_stm32f407xx.o(RESET) refers to stm32f4xx_it.o(.text.DMA1_Stream0_IRQHandler) for DMA1_Stream0_IRQHandler
    startup_stm32f407xx.o(RESET) refers to stm32f4xx_it.o(.text.DMA1_Stream7_IRQHandler) for DMA1_Stream7_IRQHandler
    startup_stm32f407xx.o(RESET) refers to stm32f4xx_it.o(.text.UART5_IRQHandler) for UART5_IRQHandler
    startup_stm32f407xx.o(RESET) refers to stm32f4xx_it.o(.text.TIM6_DAC_IRQHandler) for TIM6_DAC_IRQHandler
    startup_stm32f407xx.o(.text) refers (Special) to heapauxi.o(.text) for __use_two_region_memory
    startup_stm32f407xx.o(.text) refers to system_stm32f4xx.o(.text.SystemInit) for SystemInit
    startup_stm32f407xx.o(.text) refers to __main.o(!!!main) for __main
    startup_stm32f407xx.o(.text) refers to startup_stm32f407xx.o(HEAP) for Heap_Mem
    startup_stm32f407xx.o(.text) refers to startup_stm32f407xx.o(STACK) for Stack_Mem
    main.o(.text.main) refers to stm32f4xx_hal.o(.text.HAL_Init) for HAL_Init
    main.o(.text.main) refers to chassis.o(.text.Chassis_Init) for Chassis_Init
    main.o(.text.main) refers to stm32f4xx_hal.o(.text.HAL_Delay) for HAL_Delay
    main.o(.text.main) refers to main.o(.text.SystemClock_Config) for SystemClock_Config
    main.o(.text.main) refers to gpio.o(.text.MX_GPIO_Init) for MX_GPIO_Init
    main.o(.text.main) refers to dma.o(.text.MX_DMA_Init) for MX_DMA_Init
    main.o(.text.main) refers to tim.o(.text.MX_TIM9_Init) for MX_TIM9_Init
    main.o(.text.main) refers to tim.o(.text.MX_TIM12_Init) for MX_TIM12_Init
    main.o(.text.main) refers to tim.o(.text.MX_TIM1_Init) for MX_TIM1_Init
    main.o(.text.main) refers to tim.o(.text.MX_TIM3_Init) for MX_TIM3_Init
    main.o(.text.main) refers to tim.o(.text.MX_TIM4_Init) for MX_TIM4_Init
    main.o(.text.main) refers to tim.o(.text.MX_TIM8_Init) for MX_TIM8_Init
    main.o(.text.main) refers to tim.o(.text.MX_TIM6_Init) for MX_TIM6_Init
    main.o(.text.main) refers to tim.o(.text.MX_TIM13_Init) for MX_TIM13_Init
    main.o(.text.main) refers to tim.o(.text.MX_TIM14_Init) for MX_TIM14_Init
    main.o(.text.main) refers to usart.o(.text.MX_UART5_Init) for MX_UART5_Init
    main.o(.text.main) refers to tim.o(.bss.htim1) for htim1
    main.o(.text.main) refers to stm32f4xx_hal_tim.o(.text.HAL_TIM_Encoder_Start) for HAL_TIM_Encoder_Start
    main.o(.text.main) refers to tim.o(.bss.htim3) for htim3
    main.o(.text.main) refers to tim.o(.bss.htim4) for htim4
    main.o(.text.main) refers to tim.o(.bss.htim8) for htim8
    main.o(.text.main) refers to tim.o(.bss.htim9) for htim9
    main.o(.text.main) refers to stm32f4xx_hal_tim.o(.text.HAL_TIM_PWM_Start) for HAL_TIM_PWM_Start
    main.o(.text.main) refers to tim.o(.bss.htim12) for htim12
    main.o(.text.main) refers to tim.o(.bss.htim13) for htim13
    main.o(.text.main) refers to tim.o(.bss.htim14) for htim14
    main.o(.text.main) refers to tim.o(.bss.htim6) for htim6
    main.o(.text.main) refers to stm32f4xx_hal_tim.o(.text.HAL_TIM_Base_Start_IT) for HAL_TIM_Base_Start_IT
    main.o(.text.main) refers to chassis.o(.text.Chassis_FSM_E_TO_FSM_APP) for Chassis_FSM_E_TO_FSM_APP
    main.o(.ARM.exidx.text.main) refers to main.o(.text.main) for [Anonymous Symbol]
    main.o(.text.SystemClock_Config) refers to rt_memclr_w.o(.text) for __aeabi_memclr4
    main.o(.text.SystemClock_Config) refers to stm32f4xx_hal_rcc.o(.text.HAL_RCC_OscConfig) for HAL_RCC_OscConfig
[...]
    [Anonymous Symbol]                       0x08001a44   Section        0  stm32f4xx_hal_dma.o(.text.DMA_CheckFifoParam)
    [Anonymous Symbol]                       0x08001b34   Section        0  stm32f4xx_it.o(.text.DebugMon_Handler)
    [Anonymous Symbol]                       0x08001b38   Section        0  main.o(.text.Error_Handler)
    [Anonymous Symbol]                       0x08001b40   Section        0  stm32f4xx_hal_dma.o(.text.HAL_DMA_Abort)
    [Anonymous Symbol]                       0x08001c2c   Section        0  stm32f4xx_hal_dma.o(.text.HAL_DMA_Abort_IT)
    [Anonymous Symbol]                       0x08001c70   Section        0  stm32f4xx_hal_dma.o(.text.HAL_DMA_IRQHandler)
    [Anonymous Symbol]                       0x08001f90   Section        0  stm32f4xx_hal_dma.o(.text.HAL_DMA_Init)
    [Anonymous Symbol]                       0x08002100   Section        0  stm32f4xx_hal.o(.text.HAL_Delay)
    [Anonymous Symbol]                       0x08002144   Section        0  stm32f4xx_hal_gpio.o(.text.HAL_GPIO_Init)
    [Anonymous Symbol]                       0x080024fc   Section        0  stm32f4xx_hal_gpio.o(.text.HAL_GPIO_ReadPin)
    [Anonymous Symbol]                       0x0800252c   Section        0  stm32f4xx_hal_gpio.o(.text.HAL_GPIO_WritePin)
    [Anonymous Symbol]                       0x0800255c   Section        0  stm32f4xx_hal.o(.text.HAL_GetTick)
    [Anonymous Symbol]                       0x08002568   Section        0  stm32f4xx_hal.o(.text.HAL_IncTick)
    [Anonymous Symbol]                       0x08002584   Section        0  stm32f4xx_hal.o(.text.HAL_Init)
    [Anonymous Symbol]                       0x080025bc   Section        0  stm32f4xx_hal.o(.text.HAL_InitTick)
    [Anonymous Symbol]                       0x0800262c   Section        0  stm32f4xx_hal_msp.o(.text.HAL_MspInit)
    [Anonymous Symbol]                       0x08002678   Section        0  stm32f4xx_hal_cortex.o(.text.HAL_NVIC_EnableIRQ)
    [Anonymous Symbol]                       0x0800268c   Section        0  stm32f4xx_hal_cortex.o(.text.HAL_NVIC_SetPriority)
    [Anonymous Symbol]                       0x080026c0   Section        0  stm32f4xx_hal_cortex.o(.text.HAL_NVIC_SetPriorityGrouping)
    [Anonymous Symbol]                       0x080026d0   Section        0  stm32f4xx_hal_rcc.o(.text.HAL_RCC_ClockConfig)
    [Anonymous Symbol]                       0x08002934   Section        0  stm32f4xx_hal_rcc.o(.text.HAL_RCC_GetHCLKFreq)
    [Anonymous Symbol]                       0x08002940   Section        0  stm32f4xx_hal_rcc.o(.text.HAL_RCC_GetPCLK1Freq)
    [Anonymous Symbol]                       0x08002964   Section        0  stm32f4xx_hal_rcc.o(.text.HAL_RCC_GetPCLK2Freq)
    [Anonymous Symbol]                       0x08002988   Section        0  stm32f4xx_hal_rcc.o(.text.HAL_RCC_GetSysClockFreq)
    [Anonymous Symbol]                       0x08002a70   Section        0  stm32f4xx_hal_rcc.o(.text.HAL_RCC_OscConfig)
    [Anonymous Symbol]                       0x08003130   Section        0  stm32f4xx_hal_cortex.o(.text.HAL_SYSTICK_Config)
    [Anonymous Symbol]                       0x08003140   Section        0  stm32f4xx_hal_tim_ex.o(.text.HAL_TIMEx_BreakCallback)
    [Anonymous Symbol]                       0x08003148   Section        0  stm32f4xx_hal_tim_ex.o(.text.HAL_TIMEx_CommutCallback)
    [Anonymous Symbol]                       0x08003150   Section        0  stm32f4xx_hal_tim_ex.o(.text.HAL_TIMEx_MasterConfigSynchronization)
    [Anonymous Symbol]                       0x08003274   Section        0  stm32f4xx_hal_tim.o(.text.HAL_TIM_Base_Init)
    [Anonymous Symbol]                       0x08003310   Section        0  tim.o(.text.HAL_TIM_Base_MspInit)
    [Anonymous Symbol]                       0x080033d4   Section        0  stm32f4xx_hal_tim.o(.text.HAL_TIM_Base_Start_IT)
    [Anonymous Symbol]                       0x080034cc   Section        0  stm32f4xx_hal_tim.o(.text.HAL_TIM_Encoder_Init)
    [Anonymous Symbol]                       0x080035fc   Section        0  tim.o(.text.HAL_TIM_Encoder_MspInit)
    [Anonymous Symbol]                       0x08003840   Section        0  stm32f4xx_hal_tim.o(.text.HAL_TIM_Encoder_Start)
    [Anonymous Symbol]                       0x08003990   Section        0  stm32f4xx_hal_tim.o(.text.HAL_TIM_IC_CaptureCallback)
    [Anonymous Symbol]                       0x08003998   Section        0  stm32f4xx_hal_tim.o(.text.HAL_TIM_IRQHandler)
    [Anonymous Symbol]                       0x08003bb4   Section        0  tim.o(.text.HAL_TIM_MspPostInit)
    [Anonymous Symbol]                       0x08003d30   Section        0  stm32f4xx_hal_tim.o(.text.HAL_TIM_OC_DelayElapsedCallback)
    [Anonymous Symbol]                       0x08003d38   Section        0  stm32f4xx_hal_tim.o(.text.HAL_TIM_PWM_ConfigChannel)
    [Anonymous Symbol]                       0x08003e7c   Section        0  stm32f4xx_hal_tim.o(.text.HAL_TIM_PWM_Init)
    [Anonymous Symbol]                       0x08003f18   Section        0  tim.o(.text.HAL_TIM_PWM_MspInit)
    [Anonymous Symbol]                       0x08003f90   Section        0  stm32f4xx_hal_tim.o(.text.HAL_TIM_PWM_PulseFinishedCallback)
    [Anonymous Symbol]                       0x08003f98   Section        0  stm32f4xx_hal_tim.o(.text.HAL_TIM_PWM_Start)
    [Anonymous Symbol]                       0x08004164   Section        0  chassis.o(.text.HAL_TIM_PeriodElapsedCallback)
    [Anonymous Symbol]                       0x080041cc   Section        0  stm32f4xx_hal_tim.o(.text.HAL_TIM_TriggerCallback)
    [Anonymous Symbol]                       0x080041d4   Section        0  stm32f4xx_hal_uart.o(.text.HAL_UARTEx_RxEventCallback)
    [Anonymous Symbol]                       0x080041e0   Section        0  stm32f4xx_hal_uart.o(.text.HAL_UART_ErrorCallback)
    [Anonymous Symbol]                       0x080041e8   Section        0  stm32f4xx_hal_uart.o(.text.HAL_UART_IRQHandler)
    [Anonymous Symbol]                       0x08004644   Section        0  stm32f4xx_hal_uart.o(.text.HAL_UART_Init)
    [Anonymous Symbol]                       0x080046e4   Section        0  usart.o(.text.HAL_UART_MspInit)
    [Anonymous Symbol]                       0x08004888   Section        0  stm32f4xx_hal_uart.o(.text.HAL_UART_RxCpltCallback)
    [Anonymous Symbol]                       0x08004890   Section        0  stm32f4xx_hal_uart.o(.text.HAL_UART_TxCpltCallback)
    [Anonymous Symbol]                       0x08004898   Section        0  stm32f4xx_it.o(.text.HardFault_Handler)
    [Anonymous Symbol]                       0x0800489c   Section        0  dma.o(.text.MX_DMA_Init)
    [Anonymous Symbol]                       0x080048ec   Section        0  gpio.o(.text.MX_GPIO_Init)
    [Anonymous Symbol]                       0x08004ab0   Section        0  tim.o(.text.MX_TIM12_Init)
    [Anonymous Symbol]                       0x08004b44   Section        0  tim.o(.text.MX_TIM13_Init)
    [Anonymous Symbol]                       0x08004bd4   Section        0  tim.o(.text.MX_TIM14_Init)
    [Anonymous Symbol]                       0x08004c64   Section        0  tim.o(.text.MX_TIM1_Init)
    [Anonymous Symbol]                       0x08004cec   Section        0  tim.o(.text.MX_TIM3_Init)
    [Anonymous Symbol]                       0x08004d74   Section        0  tim.o(.text.MX_TIM4_Init)
    [Anonymous Symbol]                       0x08004dfc   Section        0  tim.o(.text.MX_TIM6_Init)
    [Anonymous Symbol]                       0x08004e58   Section        0  tim.o(.text.MX_TIM8_Init)
    [Anonymous Symbol]                       0x08004ee4   Section        0  tim.o(.text.MX_TIM9_Init)
    [Anonymous Symbol]                       0x08004f78   Section        0  usart.o(.text.MX_UART5_Init)
    [Anonymous Symbol]                       0x08004fb8   Section        0  stm32f4xx_it.o(.text.MemManage_Handler)
    [Anonymous Symbol]                       0x08004fbc   Section        0  servo.o(.text.MorCode_Read)
    [Anonymous Symbol]                       0x08005038   Section        0  chassis.o(.text.MotorPID_Init)
    [Anonymous Symbol]                       0x080050f4   Section        0  chassis.o(.text.Motor_Control)
    [Anonymous Symbol]                       0x0800513c   Section        0  stm32f4xx_it.o(.text.NMI_Handler)
    NVIC_EncodePriority                      0x08005141   Thumb Code   108  stm32f4xx_hal_cortex.o(.text.NVIC_EncodePriority)
    [Anonymous Symbol]                       0x08005140   Section        0  stm32f4xx_hal_cortex.o(.text.NVIC_EncodePriority)
    [Anonymous Symbol]                       0x080051ac   Section        0  pid.o(.text.PID_Calc)
    [Anonymous Symbol]                       0x080052f8   Section        0  pid.o(.text.PID_Limit)
    [Anonymous Symbol]                       0x08005394   Section        0  stm32f4xx_it.o(.text.PendSV_Handler)
    [Anonymous Symbol]                       0x08005398   Section        0  chassis.o(.text.Position)
    [Anonymous Symbol]                       0x08005500   Section        0  stm32f4xx_it.o(.text.SVC_Handler)
    [Anonymous Symbol]                       0x08005504   Section        0  chassis.o(.text.Speed_Plan)
    SysTick_Config                           0x080057b9   Thumb Code    82  stm32f4xx_hal_cortex.o(.text.SysTick_Config)
    [Anonymous Symbol]                       0x080057b8   Section        0  stm32f4xx_hal_cortex.o(.text.SysTick_Config)
    [Anonymous Symbol]                       0x0800580c   Section        0  stm32f4xx_it.o(.text.SysTick_Handler)
    [Anonymous Symbol]                       0x08005814   Section        0  main.o(.text.SystemClock_Config)
    [Anonymous Symbol]                       0x080058d0   Section        0  system_stm32f4xx.o(.text.SystemInit)
    [Anonymous Symbol]                       0x080058e4   Section        0  stm32f4xx_it.o(.text.TIM6_DAC_IRQHandler)
    [Anonymous Symbol]                       0x080058f4   Section        0  stm32f4xx_hal_tim.o(.text.TIM_Base_SetConfig)
    [Anonymous Symbol]                       0x08005a98   Section        0  stm32f4xx_hal_tim.o(.text.TIM_CCxChannelCmd)
    TIM_OC1_SetConfig                        0x08005ad1   Thumb Code   234  stm32f4xx_hal_tim.o(.text.TIM_OC1_SetConfig)
    [Anonymous Symbol]                       0x08005ad0   Section        0  stm32f4xx_hal_tim.o(.text.TIM_OC1_SetConfig)
    [Anonymous Symbol]                       0x08005bbc   Section        0  stm32f4xx_hal_tim.o(.text.TIM_OC2_SetConfig)
    TIM_OC3_SetConfig                        0x08005cb1   Thumb Code   242  stm32f4xx_hal_tim.o(.text.TIM_OC3_SetConfig)
    [Anonymous Symbol]                       0x08005cb0   Section        0  stm32f4xx_hal_tim.o(.text.TIM_OC3_SetConfig)
    TIM_OC4_SetConfig                        0x08005da5   Thumb Code   164  stm32f4xx_hal_tim.o(.text.TIM_OC4_SetConfig)
    [Anonymous Symbol]                       0x08005da4   Section        0  stm32f4xx_hal_tim.o(.text.TIM_OC4_SetConfig)
    [Anonymous Symbol]                       0x08005e48   Section        0  stm32f4xx_it.o(.text.UART5_IRQHandler)
    UART_DMAAbortOnError                     0x08005e59   Thumb Code    28  stm32f4xx_hal_uart.o(.text.UART_DMAAbortOnError)
    [Anonymous Symbol]                       0x08005e58   Section        0  stm32f4xx_hal_uart.o(.text.UART_DMAAbortOnError)
    UART_EndRxTransfer                       0x08005e75   Thumb Code   148  stm32f4xx_hal_uart.o(.text.UART_EndRxTransfer)
    [Anonymous Symbol]                       0x08005e74   Section        0  stm32f4xx_hal_uart.o(.text.UART_EndRxTransfer)
    UART_EndTransmit_IT                      0x08005f09   Thumb Code    38  stm32f4xx_hal_uart.o(.text.UART_EndTransmit_IT)
    [Anonymous Symbol]                       0x08005f08   Section        0  stm32f4xx_hal_uart.o(.text.UART_EndTransmit_IT)
    UART_Receive_IT                          0x08005f31   Thumb Code   360  stm32f4xx_hal_uart.o(.text.UART_Receive_IT)
    [Anonymous Symbol]                       0x08005f30   Section        0  stm32f4xx_hal_uart.o(.text.UART_Receive_IT)
    UART_SetConfig                           0x08006099   Thumb Code   314  stm32f4xx_hal_uart.o(.text.UART_SetConfig)
    [Anonymous Symbol]                       0x08006098   Section        0  stm32f4xx_hal_uart.o(.text.UART_SetConfig)
    UART_Transmit_IT                         0x080061d5   Thumb Code   148  stm32f4xx_hal_uart.o(.text.UART_Transmit_IT)
    [Anonymous Symbol]                       0x080061d4   Section        0  stm32f4xx_hal_uart.o(.text.UART_Transmit_IT)
    [Anonymous Symbol]                       0x08006268   Section        0  stm32f4xx_it.o(.text.UsageFault_Handler)
    __NVIC_EnableIRQ                         0x0800626d   Thumb Code    48  stm32f4xx_hal_cortex.o(.text.__NVIC_EnableIRQ)
    [Anonymous Symbol]                       0x0800626c   Section        0  stm32f4xx_hal_cortex.o(.text.__NVIC_EnableIRQ)
    __NVIC_GetPriorityGrouping               0x0800629d   Thumb Code    16  stm32f4xx_hal_cortex.o(.text.__NVIC_GetPriorityGrouping)
    [Anonymous Symbol]                       0x0800629c   Section        0  stm32f4xx_hal_cortex.o(.text.__NVIC_GetPriorityGrouping)
    __NVIC_SetPriority                       0x080062ad   Thumb Code    66  stm32f4xx_hal_cortex.o(.text.__NVIC_SetPriority)
    [Anonymous Symbol]                       0x080062ac   Section        0  stm32f4xx_hal_cortex.o(.text.__NVIC_SetPriority)
    __NVIC_SetPriorityGrouping               0x080062f1   Thumb Code    60  stm32f4xx_hal_cortex.o(.text.__NVIC_SetPriorityGrouping)
    [Anonymous Symbol]                       0x080062f0   Section        0  stm32f4xx_hal_cortex.o(.text.__NVIC_SetPriorityGrouping)
    [Anonymous Symbol]                       0x0800632c   Section        0  main.o(.text.main)
    [Anonymous Symbol]                       0x0800641c   Section        0  chassis.o(.text.myabs)
    i.__hardfp_sqrt                          0x0800643e   Section        0  sqrt.o(i.__hardfp_sqrt)
    $v0                                      0x080064b8   Number         0  d2f.o(x$fpl$d2f)
    x$fpl$d2f                                0x080064b8   Section       98  d2f.o(x$fpl$d2f)
    $v0                                      0x0800651c   Number         0  daddsub_clz.o(x$fpl$dadd)
    x$fpl$dadd                               0x0800651c   Section      336  daddsub_clz.o(x$fpl$dadd)
    _dadd1                                   0x0800652d   Thumb Code     0  daddsub_clz.o(x$fpl$dadd)
    $v0                                      0x0800666c   Number         0  dcmpi.o(x$fpl$dcmpinf)
    x$fpl$dcmpinf                            0x0800666c   Section       24  dcmpi.o(x$fpl$dcmpinf)
    $v0                                      0x08006684   Number         0  ddiv.o(x$fpl$ddiv)
    x$fpl$ddiv                               0x08006684   Section      696  ddiv.o(x$fpl$ddiv)
    ddiv_entry                               0x0800668b   Thumb Code     0  ddiv.o(x$fpl$ddiv)
    $v0                                      0x0800693c   Number         0  deqf.o(x$fpl$deqf)
    x$fpl$deqf                               0x0800693c   Section      120  deqf.o(x$fpl$deqf)
    $v0                                      0x080069b4   Number         0  dfix.o(x$fpl$dfix)
    x$fpl$dfix                               0x080069b4   Section       94  dfix.o(x$fpl$dfix)
    $v0                                      0x08006a12   Number         0  dflt_clz.o(x$fpl$dflt)
    x$fpl$dflt                               0x08006a12   Section       46  dflt_clz.o(x$fpl$dflt)
    $v0                                      0x08006a40   Number         0  dgeqf.o(x$fpl$dgeqf)
    x$fpl$dgeqf                              0x08006a40   Section      120  dgeqf.o(x$fpl$dgeqf)
    $v0                                      0x08006ab8   Number         0  dleqf.o(x$fpl$dleqf)
    x$fpl$dleqf                              0x08006ab8   Section      120  dleqf.o(x$fpl$dleqf)
    $v0                                      0x08006b30   Number         0  dmul.o(x$fpl$dmul)
    x$fpl$dmul                               0x08006b30   Section      340  dmul.o(x$fpl$dmul)
    $v0                                      0x08006c84   Number         0  dnaninf.o(x$fpl$dnaninf)
    x$fpl$dnaninf                            0x08006c84   Section      156  dnaninf.o(x$fpl$dnaninf)
    $v0                                      0x08006d20   Number         0  dretinf.o(x$fpl$dretinf)
    x$fpl$dretinf                            0x08006d20   Section       12  dretinf.o(x$fpl$dretinf)
    $v0                                      0x08006d2c   Number         0  dsqrt_umaal.o(x$fpl$dsqrt)
    x$fpl$dsqrt                              0x08006d2c   Section      408  dsqrt_umaal.o(x$fpl$dsqrt)
    $v0                                      0x08006ec4   Number         0  daddsub_clz.o(x$fpl$dsub)
    x$fpl$dsub                               0x08006ec4   Section      476  daddsub_clz.o(x$fpl$dsub)
    _dsub1                                   0x08006ed5   Thumb Code     0  daddsub_clz.o(x$fpl$dsub)
    $v0                                      0x080070a0   Number         0  f2d.o(x$fpl$f2d)
    x$fpl$f2d                                0x080070a0   Section       86  f2d.o(x$fpl$f2d)
    $v0                                      0x080070f6   Number         0  dcmp.o(x$fpl$fcmp)
    x$fpl$fcmp                               0x080070f6   Section       84  dcmp.o(x$fpl$fcmp)
    $v0                                      0x0800714a   Number         0  fnaninf.o(x$fpl$fnaninf)
    x$fpl$fnaninf                            0x0800714a   Section      140  fnaninf.o(x$fpl$fnaninf)
    $v0                                      0x080071d6   Number         0  fpinit.o(x$fpl$fpinit)
    x$fpl$fpinit                             0x080071d6   Section       26  fpinit.o(x$fpl$fpinit)
    $v0                                      0x080071f0   Number         0  fretinf.o(x$fpl$fretinf)
    x$fpl$fretinf                            0x080071f0   Section       10  fretinf.o(x$fpl$fretinf)
    x$fpl$usenofp                            0x080071fa   Section        0  usenofp.o(x$fpl$usenofp)
    DMA_CalcBaseAndBitshift.flagBitshiftOffset 0x08007212   Data           8  stm32f4xx_hal_dma.o(.rodata.DMA_CalcBaseAndBitshift.flagBitshiftOffset)
    [Anonymous Symbol]                       0x08007212   Section        0  stm32f4xx_hal_dma.o(.rodata.DMA_CalcBaseAndBitshift.flagBitshiftOffset)
    .bss                                     0x20000048   Section       96  libspace.o(.bss)
    Heap_Mem                                 0x200006a0   Data         512  startup_stm32f407xx.o(HEAP)
    HEAP                                     0x200006a0   Section      512  startup_stm32f407xx.o(HEAP)
    Stack_Mem                                0x200008a0   Data        1024  startup_stm32f407xx.o(STACK)
    STACK                                    0x200008a0   Section     1024  startup_stm32f407xx.o(STACK)
    __initial_sp                             0x20000ca0   Data           0  startup_stm32f407xx.o(STACK)

    Global Symbols

    Symbol Name                              Value     Ov Type        Size  Object(Section)

    BuildAttributes$$THM_ISAv4$E$P$D$K$B$S$7EM$VFPi3$EXTD16$VFPS$VFMA$PE$A:L22UL41UL21$X:L11$S22US41US21$IEEE1$IW$~IW$USESV6$~STKCKD$USESV7$~SHL$OTIME$ROPI$IEEEJ$EBA8$UX$STANDARDLIB$REQ8$PRES8$EABIv2 0x00000000   Number         0  anon$$obj.o ABSOLUTE
    _printf_flags                            0x00000000   Number         0  printf_stubs.o ABSOLUTE
    _printf_return_value                     0x00000000   Number         0  printf_stubs.o ABSOLUTE
    _printf_sizespec                         0x00000000   Number         0  printf_stubs.o ABSOLUTE
    _printf_widthprec                        0x00000000   Number         0  printf_stubs.o ABSOLUTE
    __ARM_exceptions_init                     - Undefined Weak Reference
    __alloca_initialize                       - Undefined Weak Reference
    __arm_preinit_                            - Undefined Weak Reference
    __arm_relocate_pie_                       - Undefined Weak Reference
    __cpp_initialize__aeabi_                  - Undefined Weak Reference
    __cxa_finalize                            - Undefined Weak Reference
    __sigvec_lookup                           - Undefined Weak Reference
    _atexit_init                              - Undefined Weak Reference
    _call_atexit_fns                          - Undefined Weak Reference
    _clock_init                               - Undefined Weak Reference
    _fp_trap_init                             - Undefined Weak Reference
    _fp_trap_shutdown                         - Undefined Weak Reference
    _get_lc_collate                           - Undefined Weak Reference
    _get_lc_monetary                          - Undefined Weak Reference
    _get_lc_time                              - Undefined Weak Reference
    _getenv_init                              - Undefined Weak Reference
    _handle_redirection                       - Undefined Weak Reference
    _init_alloc                               - Undefined Weak Reference
    _init_user_alloc                          - Undefined Weak Reference
    _initio                                   - Undefined Weak Reference
    _printf_mbtowc                            - Undefined Weak Reference
    _printf_wc                                - Undefined Weak Reference
    _rand_init                                - Undefined Weak Reference
    _signal_finish                            - Undefined Weak Reference
    _signal_init                              - Undefined Weak Reference
    _terminate_alloc                          - Undefined Weak Reference
    _terminate_user_alloc                     - Undefined Weak Reference
    _terminateio                              - Undefined Weak Reference
    __Vectors_Size                           0x00000188   Number         0  startup_stm32f407xx.o ABSOLUTE
    __Vectors                                0x08000000   Data           4  startup_stm32f407xx.o(RESET)
    __Vectors_End                            0x08000188   Data           0  startup_stm32f407xx.o(RESET)
    __main                                   0x08000189   Thumb Code     8  __main.o(!!!main)
    __scatterload                            0x08000191   Thumb Code     0  __scatter.o(!!!scatter)
    __scatterload_rt2                        0x08000191   Thumb Code    84  __scatter.o(!!!scatter)
    __scatterload_rt2_thumb_only             0x08000191   Thumb Code     0  __scatter.o(!!!scatter)
    __scatterload_loop                       0x0800019b   Thumb Code     0  __scatter.o(!!!scatter)
    __scatterload_copy                       0x080001ed   Thumb Code    26  __scatter_copy.o(!!handler_copy)
    __scatterload_null                       0x08000209   Thumb Code     2  __scatter.o(!!handler_null)
    __scatterload_zeroinit                   0x0800020d   Thumb Code    28  __scatter_zi.o(!!handler_zi)
    __rt_lib_init                            0x08000229   Thumb Code     0  libinit.o(.ARM.Collect$$libinit$$00000000)
    __rt_lib_init_fp_1                       0x0800022b   Thumb Code     0  libinit2.o(.ARM.Collect$$libinit$$00000001)
    __rt_lib_init_alloca_1                   0x0800022f   Thumb Code     0  libinit2.o(.ARM.Collect$$libinit$$00000030)
    __rt_lib_init_argv_1                     0x0800022f   Thumb Code     0  libinit2.o(.ARM.Collect$$libinit$$0000002E)
    __rt_lib_init_atexit_1                   0x0800022f   Thumb Code     0  libinit2.o(.ARM.Collect$$libinit$$0000001D)
    __rt_lib_init_clock_1                    0x0800022f   Thumb Code     0  libinit2.o(.ARM.Collect$$libinit$$00000023)
    __rt_lib_init_cpp_1                      0x0800022f   Thumb Code     0  libinit2.o(.ARM.Collect$$libinit$$00000034)
    __rt_lib_init_exceptions_1               0x0800022f   Thumb Code     0  libinit2.o(.ARM.Collect$$libinit$$00000032)
    __rt_lib_init_fp_trap_1                  0x0800022f   Thumb Code     0  libinit2.o(.ARM.Collect$$libinit$$00000021)
    __rt_lib_init_getenv_1                   0x0800022f   Thumb Code     0  libinit2.o(.ARM.Collect$$libinit$$00000025)
    __rt_lib_init_heap_1                     0x0800022f   Thumb Code     0  libinit2.o(.ARM.Collect$$libinit$$0000000C)
    __rt_lib_init_lc_collate_1               0x0800022f   Thumb Code     0  libinit2.o(.ARM.Collect$$libinit$$00000013)
    __rt_lib_init_lc_ctype_1                 0x0800022f   Thumb Code     0  libinit2.o(.ARM.Collect$$libinit$$00000015)
    __rt_lib_init_lc_monetary_1              0x0800022f   Thumb Code     0  libinit2.o(.ARM.Collect$$libinit$$00000017)
    __rt_lib_init_lc_numeric_1               0x0800022f   Thumb Code     0  libinit2.o(.ARM.Collect$$libinit$$00000019)
    __rt_lib_init_lc_time_1                  0x0800022f   Thumb Code     0  libinit2.o(.ARM.Collect$$libinit$$0000001B)
    __rt_lib_init_preinit_1                  0x0800022f   Thumb Code     0  libinit2.o(.ARM.Collect$$libinit$$00000006)
    __rt_lib_init_rand_1                     0x0800022f   Thumb Code     0  libinit2.o(.ARM.Collect$$libinit$$00000010)
    __rt_lib_init_relocate_pie_1             0x0800022f   Thumb Code     0  libinit2.o(.ARM.Collect$$libinit$$00000004)
    __rt_lib_init_return                     0x0800022f   Thumb Code     0  libinit2.o(.ARM.Collect$$libinit$$00000035)
    __rt_lib_init_signal_1                   0x0800022f   Thumb Code     0  libinit2.o(.ARM.Collect$$libinit$$0000001F)
    __rt_lib_init_stdio_1                    0x0800022f   Thumb Code     0  libinit2.o(.ARM.Collect$$libinit$$00000027)
    __rt_lib_init_user_alloc_1               0x0800022f   Thumb Code     0  libinit2.o(.ARM.Collect$$libinit$$0000000E)
    __rt_lib_shutdown                        0x08000231   Thumb Code     0  libshutdown.o(.ARM.Collect$$libshutdown$$00000000)
    __rt_lib_shutdown_cpp_1                  0x08000233   Thumb Code     0  libshutdown2.o(.ARM.Collect$$libshutdown$$00000002)
    __rt_lib_shutdown_fp_trap_1              0x08000233   Thumb Code     0  libshutdown2.o(.ARM.Collect$$libshutdown$$00000007)
    __rt_lib_shutdown_heap_1                 0x08000233   Thumb Code     0  libshutdown2.o(.ARM.Collect$$libshutdown$$0000000F)
    __rt_lib_shutdown_return                 0x08000233   Thumb Code     0  libshutdown2.o(.ARM.Collect$$libshutdown$$00000010)
    __rt_lib_shutdown_signal_1               0x08000233   Thumb Code     0  libshutdown2.o(.ARM.Collect$$libshutdown$$0000000A)
    __rt_lib_shutdown_stdio_1                0x08000233   Thumb Code     0  libshutdown2.o(.ARM.Collect$$libshutdown$$00000004)
    __rt_lib_shutdown_user_alloc_1           0x08000233   Thumb Code     0  libshutdown2.o(.ARM.Collect$$libshutdown$$0000000C)
    __rt_entry                               0x08000235   Thumb Code     0  __rtentry.o(.ARM.Collect$$rtentry$$00000000)
    __rt_entry_presh_1                       0x08000235   Thumb Code     0  __rtentry2.o(.ARM.Collect$$rtentry$$00000002)
    __rt_entry_sh                            0x08000235   Thumb Code     0  __rtentry4.o(.ARM.Collect$$rtentry$$00000004)
    __rt_entry_li                            0x0800023b   Thumb Code     0  __rtentry2.o(.ARM.Collect$$rtentry$$0000000A)
    __rt_entry_postsh_1                      0x0800023b   Thumb Code     0  __rtentry2.o(.ARM.Collect$$rtentry$$00000009)
    __rt_entry_main                          0x0800023f   Thumb Code     0  __rtentry2.o(.ARM.Collect$$rtentry$$0000000D)
    __rt_entry_postli_1                      0x0800023f   Thumb Code     0  __rtentry2.o(.ARM.Collect$$rtentry$$0000000C)
    __rt_exit                                0x08000247   Thumb Code     0  rtexit.o(.ARM.Collect$$rtexit$$00000000)
    __rt_exit_ls                             0x08000249   Thumb Code     0  rtexit2.o(.ARM.Collect$$rtexit$$00000003)
    __rt_exit_prels_1                        0x08000249   Thumb Code     0  rtexit2.o(.ARM.Collect$$rtexit$$00000002)
    __rt_exit_exit                           0x0800024d   Thumb Code     0  rtexit2.o(.ARM.Collect$$rtexit$$00000004)
    Reset_Handler                            0x08000255   Thumb Code     8  startup_stm32f407xx.o(.text)
    ADC_IRQHandler                           0x0800026f   Thumb Code     0  startup_stm32f407xx.o(.text)
    CAN1_RX0_IRQHandler                      0x0800026f   Thumb Code     0  startup_stm32f407xx.o(.text)
    CAN1_RX1_IRQHandler                      0x0800026f   Thumb Code     0  startup_stm32f407xx.o(.text)
    CAN1_SCE_IRQHandler                      0x0800026f   Thumb Code     0  startup_stm32f407xx.o(.text)
    CAN1_TX_IRQHandler                       0x0800026f   Thumb Code     0  startup_stm32f407xx.o(.text)
    CAN2_RX0_IRQHandler                      0x0800026f   Thumb Code     0  startup_stm32f407xx.o(.text)
    CAN2_RX1_IRQHandler                      0x0800026f   Thumb Code     0  startup_stm32f407xx.o(.text)
    CAN2_SCE_IRQHandler                      0x0800026f   Thumb Code     0  startup_stm32f407xx.o(.text)
    CAN2_TX_IRQHandler                       0x0800026f   Thumb Code     0  startup_stm32f407xx.o(.text)
    DCMI_IRQHandler                          0x0800026f   Thumb Code     0  startup_stm32f407xx.o(.text)
    DMA1_Stream1_IRQHandler                  0x0800026f   Thumb Code     0  startup_stm32f407xx.o(.text)
    DMA1_Stream2_IRQHandler                  0x0800026f   Thumb Code     0  startup_stm32f407xx.o(.text)
    DMA1_Stream3_IRQHandler                  0x0800026f   Thumb Code     0  startup_stm32f407xx.o(.text)
    DMA1_Stream4_IRQHandler                  0x0800026f   Thumb Code     0  startup_stm32f407xx.o(.text)
    DMA1_Stream5_IRQHandler                  0x0800026f   Thumb Code     0  startup_stm32f407xx.o(.text)
    DMA1_Stream6_IRQHandler                  0x0800026f   Thumb Code     0  startup_stm32f407xx.o(.text)
    DMA2_Stream0_IRQHandler                  0x0800026f   Thumb Code     0  startup_stm32f407xx.o(.text)
    DMA2_Stream1_IRQHandler                  0x0800026f   Thumb Code     0  startup_stm32f407xx.o(.text)
    DMA2_Stream2_IRQHandler                  0x0800026f   Thumb Code     0  startup_stm32f407xx.o(.text)
    DMA2_Stream3_IRQHandler                  0x0800026f   Thumb Code     0  startup_stm32f407xx.o(.text)
    DMA2_Stream4_IRQHandler                  0x0800026f   Thumb Code     0  startup_stm32f407xx.o(.text)
    DMA2_Stream5_IRQHandler                  0x0800026f   Thumb Code     0  startup_stm32f407xx.o(.text)
    DMA2_Stream6_IRQHandler                  0x0800026f   Thumb Code     0  startup_stm32f407xx.o(.text)
    DMA2_Stream7_IRQHandler                  0x0800026f   Thumb Code     0  startup_stm32f407xx.o(.text)
    ETH_IRQHandler                           0x0800026f   Thumb Code     0  startup_stm32f407xx.o(.text)
    ETH_WKUP_IRQHandler                      0x0800026f   Thumb Code     0  startup_stm32f407xx.o(.text)
    EXTI0_IRQHandler                         0x0800026f   Thumb Code     0  startup_stm32f407xx.o(.text)
    EXTI15_10_IRQHandler                     0x0800026f   Thumb Code     0  startup_stm32f407xx.o(.text)
    EXTI1_IRQHandler                         0x0800026f   Thumb Code     0  startup_stm32f407xx.o(.text)
    EXTI2_IRQHandler                         0x0800026f   Thumb Code     0  startup_stm32f407xx.o(.text)
    EXTI3_IRQHandler                         0x0800026f   Thumb Code     0  startup_stm32f407xx.o(.text)
    EXTI4_IRQHandler                         0x0800026f   Thumb Code     0  startup_stm32f407xx.o(.text)
    EXTI9_5_IRQHandler                       0x0800026f   Thumb Code     0  startup_stm32f407xx.o(.text)
    FLASH_IRQHandler                         0x0800026f   Thumb Code     0  startup_stm32f407xx.o(.text)
    FMC_IRQHandler                           0x0800026f   Thumb Code     0  startup_stm32f407xx.o(.text)
    FPU_IRQHandler                           0x0800026f   Thumb Code     0  startup_stm32f407xx.o(.text)
    HASH_RNG_IRQHandler                      0x0800026f   Thumb Code     0  startup_stm32f407xx.o(.text)
    I2C1_ER_IRQHandler                       0x0800026f   Thumb Code     0  startup_stm32f407xx.o(.text)
    I2C1_EV_IRQHandler                       0x0800026f   Thumb Code     0  startup_stm32f407xx.o(.text)
    I2C2_ER_IRQHandler                       0x0800026f   Thumb Code     0  startup_stm32f407xx.o(.text)
    I2C2_EV_IRQHandler                       0x0800026f   Thumb Code     0  startup_stm32f407xx.o(.text)
    I2C3_ER_IRQHandler                       0x0800026f   Thumb Code     0  startup_stm32f407xx.o(.text)
    I2C3_EV_IRQHandler                       0x0800026f   Thumb Code     0  startup_stm32f407xx.o(.text)
    OTG_FS_IRQHandler                        0x0800026f   Thumb Code     0  startup_stm32f407xx.o(.text)
    OTG_FS_WKUP_IRQHandler                   0x0800026f   Thumb Code     0  startup_stm32f407xx.o(.text)
    OTG_HS_EP1_IN_IRQHandler                 0x0800026f   Thumb Code     0  startup_stm32f407xx.o(.text)
    OTG_HS_EP1_OUT_IRQHandler                0x0800026f   Thumb Code     0  startup_stm32f407xx.o(.text)
    OTG_HS_IRQHandler                        0x0800026f   Thumb Code     0  startup_stm32f407xx.o(.text)
    OTG_HS_WKUP_IRQHandler                   0x0800026f   Thumb Code     0  startup_stm32f407xx.o(.text)
    PVD_IRQHandler                           0x0800026f   Thumb Code     0  startup_stm32f407xx.o(.text)
    RCC_IRQHandler                           0x0800026f   Thumb Code     0  startup_stm32f407xx.o(.text)
    RTC_Alarm_IRQHandler                     0x0800026f   Thumb Code     0  startup_stm32f407xx.o(.text)
    RTC_WKUP_IRQHandler                      0x0800026f   Thumb Code     0  startup_stm32f407xx.o(.text)
    SDIO_IRQHandler                          0x0800026f   Thumb Code     0  startup_stm32f407xx.o(.text)
    SPI1_IRQHandler                          0x0800026f   Thumb Code     0  startup_stm32f407xx.o(.text)
    SPI2_IRQHandler                          0x0800026f   Thumb Code     0  startup_stm32f407xx.o(.text)
    SPI3_IRQHandler                          0x0800026f   Thumb Code     0  startup_stm32f407xx.o(.text)
    TAMP_STAMP_IRQHandler                    0x0800026f   Thumb Code     0  startup_stm32f407xx.o(.text)
    TIM1_BRK_TIM9_IRQHandler                 0x0800026f   Thumb Code     0  startup_stm32f407xx.o(.text)
    TIM1_CC_IRQHandler                       0x0800026f   Thumb Code     0  startup_stm32f407xx.o(.text)
    TIM1_TRG_COM_TIM11_IRQHandler            0x0800026f   Thumb Code     0  startup_stm32f407xx.o(.text)
    TIM1_UP_TIM10_IRQHandler                 0x0800026f   Thumb Code     0  startup_stm32f407xx.o(.text)
    TIM2_IRQHandler                          0x0800026f   Thumb Code     0  startup_stm32f407xx.o(.text)
    TIM3_IRQHandler                          0x0800026f   Thumb Code     0  startup_stm32f407xx.o(.text)
    TIM4_IRQHandler                          0x0800026f   Thumb Code     0  startup_stm32f407xx.o(.text)
    TIM5_IRQHandler                          0x0800026f   Thumb Code     0  startup_stm32f407xx.o(.text)
    TIM7_IRQHandler                          0x0800026f   Thumb Code     0  startup_stm32f407xx.o(.text)
    TIM8_BRK_TIM12_IRQHandler                0x0800026f   Thumb Code     0  startup_stm32f407xx.o(.text)
    TIM8_CC_IRQHandler                       0x0800026f   Thumb Code     0  startup_stm32f407xx.o(.text)
    TIM8_TRG_COM_TIM14_IRQHandler            0x0800026f   Thumb Code     0  startup_stm32f407xx.o(.text)
    TIM8_UP_TIM13_IRQHandler                 0x0800026f   Thumb Code     0  startup_stm32f407xx.o(.text)
    UART4_IRQHandler                         0x0800026f   Thumb Code     0  startup_stm32f407xx.o(.text)
    USART1_IRQHandler                        0x0800026f   Thumb Code     0  startup_stm32f407xx.o(.text)
    USART2_IRQHandler                        0x0800026f   Thumb Code     0  startup_stm32f407xx.o(.text)
    USART3_IRQHandler                        0x0800026f   Thumb Code     0  startup_stm32f407xx.o(.text)
    USART6_IRQHandler                        0x0800026f   Thumb Code     0  startup_stm32f407xx.o(.text)
    WWDG_IRQHandler                          0x0800026f   Thumb Code     0  startup_stm32f407xx.o(.text)
    __user_initial_stackheap                 0x08000271   Thumb Code     0  startup_stm32f407xx.o(.text)
    __aeabi_uldivmod                         0x08000295   Thumb Code     0  lludivv7m.o(.text)
    _ll_udiv                                 0x08000295   Thumb Code   240  lludivv7m.o(.text)
    __aeabi_memclr4                          0x08000385   Thumb Code     0  rt_memclr_w.o(.text)
    __aeabi_memclr8                          0x08000385   Thumb Code     0  rt_memclr_w.o(.text)
    __rt_memclr_w                            0x08000385   Thumb Code     0  rt_memclr_w.o(.text)
    _memset_w                                0x08000389   Thumb Code    74  rt_memclr_w.o(.text)
    __use_two_region_memory                  0x080003d3   Thumb Code     2  heapauxi.o(.text)
    __rt_heap_escrow$2region                 0x080003d5   Thumb Code     2  heapauxi.o(.text)
    __rt_heap_expand$2region                 0x080003d7   Thumb Code     2  heapauxi.o(.text)
    __read_errno                             0x080003d9   Thumb Code    10  _rserrno.o(.text)
    __set_errno                              0x080003e3   Thumb Code    12  _rserrno.o(.text)
    __aeabi_errno_addr                       0x080003f1   Thumb Code     8  rt_errno_addr_intlibspace.o(.text)
    __errno$intlibspace                      0x080003f1   Thumb Code     0  rt_errno_addr_intlibspace.o(.text)
    __rt_errno_addr$intlibspace              0x080003f1   Thumb Code     0  rt_errno_addr_intlibspace.o(.text)
    __user_libspace                          0x080003f9   Thumb Code     8  libspace.o(.text)
    __user_perproc_libspace                  0x080003f9   Thumb Code     0  libspace.o(.text)
    __user_perthread_libspace                0x080003f9   Thumb Code     0  libspace.o(.text)
    __user_setup_stackheap                   0x08000401   Thumb Code    74  sys_stackheap_outer.o(.text)
    exit                                     0x0800044b   Thumb Code    18  exit.o(.text)
    _sys_exit                                0x0800045d   Thumb Code     8  sys_exit.o(.text)
    __I$use$semihosting                      0x08000469   Thumb Code     0  use_no_semi.o(.text)
    __use_no_semihosting_swi                 0x08000469   Thumb Code     2  use_no_semi.o(.text)
    __semihosting_library_function           0x0800046b   Thumb Code     0  indicate_semi.o(.text)
    BusFault_Handler                         0x0800046d   Thumb Code     4  stm32f4xx_it.o(.text.BusFault_Handler)
    ChassisCalculate                         0x08000471   Thumb Code  1080  chassis.o(.text.ChassisCalculate)
    Chassis_FSM_E_TO_FSM_APP                 0x080008b1   Thumb Code  1210  chassis.o(.text.Chassis_FSM_E_TO_FSM_APP)
    Chassis_GPIOInit                         0x08000d6d   Thumb Code   490  chassis.o(.text.Chassis_GPIOInit)
    Chassis_Init                             0x08000f59   Thumb Code   196  chassis.o(.text.Chassis_Init)
    Chassis_PIDCalc                          0x08001021   Thumb Code  1408  chassis.o(.text.Chassis_PIDCalc)
    Chassis_ReadEncoder                      0x080015b1   Thumb Code   240  bsp_chassis.o(.text.Chassis_ReadEncoder)
    Chassis_Task                             0x080016a9   Thumb Code   292  chassis.o(.text.Chassis_Task)
    Chassis_fdb                              0x080017cd   Thumb Code   160  chassis.o(.text.Chassis_fdb)
    Code_Tranf                               0x08001871   Thumb Code   348  chassis.o(.text.Code_Tranf)
    DMA1_Stream0_IRQHandler                  0x080019cd   Thumb Code    16  stm32f4xx_it.o(.text.DMA1_Stream0_IRQHandler)
    DMA1_Stream7_IRQHandler                  0x080019dd   Thumb Code    16  stm32f4xx_it.o(.text.DMA1_Stream7_IRQHandler)
    DebugMon_Handler                         0x08001b35   Thumb Code     2  stm32f4xx_it.o(.text.DebugMon_Handler)
    Error_Handler                            0x08001b39   Thumb Code     6  main.o(.text.Error_Handler)
    HAL_DMA_Abort                            0x08001b41   Thumb Code   236  stm32f4xx_hal_dma.o(.text.HAL_DMA_Abort)
    HAL_DMA_Abort_IT                         0x08001c2d   Thumb Code    68  stm32f4xx_hal_dma.o(.text.HAL_DMA_Abort_IT)
    HAL_DMA_IRQHandler                       0x08001c71   Thumb Code   798  stm32f4xx_hal_dma.o(.text.HAL_DMA_IRQHandler)
    HAL_DMA_Init                             0x08001f91   Thumb Code   366  stm32f4xx_hal_dma.o(.text.HAL_DMA_Init)
    HAL_Delay                                0x08002101   Thumb Code    66  stm32f4xx_hal.o(.text.HAL_Delay)
    HAL_GPIO_Init                            0x08002145   Thumb Code   950  stm32f4xx_hal_gpio.o(.text.HAL_GPIO_Init)
    HAL_GPIO_ReadPin                         0x080024fd   Thumb Code    46  stm32f4xx_hal_gpio.o(.text.HAL_GPIO_ReadPin)
    HAL_GPIO_WritePin                        0x0800252d   Thumb Code    46  stm32f4xx_hal_gpio.o(.text.HAL_GPIO_WritePin)
    HAL_GetTick                              0x0800255d   Thumb Code    12  stm32f4xx_hal.o(.text.HAL_GetTick)
    HAL_IncTick                              0x08002569   Thumb Code    26  stm32f4xx_hal.o(.text.HAL_IncTick)
    HAL_Init                                 0x08002585   Thumb Code    54  stm32f4xx_hal.o(.text.HAL_Init)
    HAL_InitTick                             0x080025bd   Thumb Code   112  stm32f4xx_hal.o(.text.HAL_InitTick)
    HAL_MspInit                              0x0800262d   Thumb Code    74  stm32f4xx_hal_msp.o(.text.HAL_MspInit)
    HAL_NVIC_EnableIRQ                       0x08002679   Thumb Code    20  stm32f4xx_hal_cortex.o(.text.HAL_NVIC_EnableIRQ)
    HAL_NVIC_SetPriority                     0x0800268d   Thumb Code    50  stm32f4xx_hal_cortex.o(.text.HAL_NVIC_SetPriority)
    HAL_NVIC_SetPriorityGrouping             0x080026c1   Thumb Code    16  stm32f4xx_hal_cortex.o(.text.HAL_NVIC_SetPriorityGrouping)
    HAL_RCC_ClockConfig                      0x080026d1   Thumb Code   610  stm32f4xx_hal_rcc.o(.text.HAL_RCC_ClockConfig)
    HAL_RCC_GetHCLKFreq                      0x08002935   Thumb Code    12  stm32f4xx_hal_rcc.o(.text.HAL_RCC_GetHCLKFreq)
    HAL_RCC_GetPCLK1Freq                     0x08002941   Thumb Code    34  stm32f4xx_hal_rcc.o(.text.HAL_RCC_GetPCLK1Freq)
    HAL_RCC_GetPCLK2Freq                     0x08002965   Thumb Code    34  stm32f4xx_hal_rcc.o(.text.HAL_RCC_GetPCLK2Freq)
    HAL_RCC_GetSysClockFreq                  0x08002989   Thumb Code   230  stm32f4xx_hal_rcc.o(.text.HAL_RCC_GetSysClockFreq)
    HAL_RCC_OscConfig                        0x08002a71   Thumb Code  1726  stm32f4xx_hal_rcc.o(.text.HAL_RCC_OscConfig)
    HAL_SYSTICK_Config                       0x08003131   Thumb Code    16  stm32f4xx_hal_cortex.o(.text.HAL_SYSTICK_Config)
    HAL_TIMEx_BreakCallback                  0x08003141   Thumb Code     8  stm32f4xx_hal_tim_ex.o(.text.HAL_TIMEx_BreakCallback)
    HAL_TIMEx_CommutCallback                 0x08003149   Thumb Code     8  stm32f4xx_hal_tim_ex.o(.text.HAL_TIMEx_CommutCallback)
    HAL_TIMEx_MasterConfigSynchronization    0x08003151   Thumb Code   290  stm32f4xx_hal_tim_ex.o(.text.HAL_TIMEx_MasterConfigSynchronization)
    HAL_TIM_Base_Init                        0x08003275   Thumb Code   156  stm32f4xx_hal_tim.o(.text.HAL_TIM_Base_Init)
    HAL_TIM_Base_MspInit                     0x08003311   Thumb Code   194  tim.o(.text.HAL_TIM_Base_MspInit)
    HAL_TIM_Base_Start_IT                    0x080033d5   Thumb Code   246  stm32f4xx_hal_tim.o(.text.HAL_TIM_Base_Start_IT)
    HAL_TIM_Encoder_Init                     0x080034cd   Thumb Code   304  stm32f4xx_hal_tim.o(.text.HAL_TIM_Encoder_Init)
    HAL_TIM_Encoder_MspInit                  0x080035fd   Thumb Code   578  tim.o(.text.HAL_TIM_Encoder_MspInit)
    HAL_TIM_Encoder_Start                    0x08003841   Thumb Code   334  stm32f4xx_hal_tim.o(.text.HAL_TIM_Encoder_Start)
    HAL_TIM_IC_CaptureCallback               0x08003991   Thumb Code     8  stm32f4xx_hal_tim.o(.text.HAL_TIM_IC_CaptureCallback)
    HAL_TIM_IRQHandler                       0x08003999   Thumb Code   538  stm32f4xx_hal_tim.o(.text.HAL_TIM_IRQHandler)
    HAL_TIM_MspPostInit                      0x08003bb5   Thumb Code   378  tim.o(.text.HAL_TIM_MspPostInit)
    HAL_TIM_OC_DelayElapsedCallback          0x08003d31   Thumb Code     8  stm32f4xx_hal_tim.o(.text.HAL_TIM_OC_DelayElapsedCallback)
    HAL_TIM_PWM_ConfigChannel                0x08003d39   Thumb Code   322  stm32f4xx_hal_tim.o(.text.HAL_TIM_PWM_ConfigChannel)
    HAL_TIM_PWM_Init                         0x08003e7d   Thumb Code   156  stm32f4xx_hal_tim.o(.text.HAL_TIM_PWM_Init)
    HAL_TIM_PWM_MspInit                      0x08003f19   Thumb Code   118  tim.o(.text.HAL_TIM_PWM_MspInit)
    HAL_TIM_PWM_PulseFinishedCallback        0x08003f91   Thumb Code     8  stm32f4xx_hal_tim.o(.text.HAL_TIM_PWM_PulseFinishedCallback)
    HAL_TIM_PWM_Start                        0x08003f99   Thumb Code   458  stm32f4xx_hal_tim.o(.text.HAL_TIM_PWM_Start)
    HAL_TIM_PeriodElapsedCallback            0x08004165   Thumb Code   104  chassis.o(.text.HAL_TIM_PeriodElapsedCallback)
    HAL_TIM_TriggerCallback                  0x080041cd   Thumb Code     8  stm32f4xx_hal_tim.o(.text.HAL_TIM_TriggerCallback)
    HAL_UARTEx_RxEventCallback               0x080041d5   Thumb Code    12  stm32f4xx_hal_uart.o(.text.HAL_UARTEx_RxEventCallback)
    HAL_UART_ErrorCallback                   0x080041e1   Thumb Code     8  stm32f4xx_hal_uart.o(.text.HAL_UART_ErrorCallback)
    HAL_UART_IRQHandler                      0x080041e9   Thumb Code  1116  stm32f4xx_hal_uart.o(.text.HAL_UART_IRQHandler)
    HAL_UART_Init                            0x08004645   Thumb Code   158  stm32f4xx_hal_uart.o(.text.HAL_UART_Init)
    HAL_UART_MspInit                         0x080046e5   Thumb Code   418  usart.o(.text.HAL_UART_MspInit)
    HAL_UART_RxCpltCallback                  0x08004889   Thumb Code     8  stm32f4xx_hal_uart.o(.text.HAL_UART_RxCpltCallback)
    HAL_UART_TxCpltCallback                  0x08004891   Thumb Code     8  stm32f4xx_hal_uart.o(.text.HAL_UART_TxCpltCallback)
    HardFault_Handler                        0x08004899   Thumb Code     4  stm32f4xx_it.o(.text.HardFault_Handler)
    MX_DMA_Init                              0x0800489d   Thumb Code    80  dma.o(.text.MX_DMA_Init)
    MX_GPIO_Init                             0x080048ed   Thumb Code   452  gpio.o(.text.MX_GPIO_Init)
    MX_TIM12_Init                            0x08004ab1   Thumb Code   148  tim.o(.text.MX_TIM12_Init)
    MX_TIM13_Init                            0x08004b45   Thumb Code   144  tim.o(.text.MX_TIM13_Init)
    MX_TIM14_Init                            0x08004bd5   Thumb Code   144  tim.o(.text.MX_TIM14_Init)
    MX_TIM1_Init                             0x08004c65   Thumb Code   136  tim.o(.text.MX_TIM1_Init)
    MX_TIM3_Init                             0x08004ced   Thumb Code   134  tim.o(.text.MX_TIM3_Init)
    MX_TIM4_Init                             0x08004d75   Thumb Code   134  tim.o(.text.MX_TIM4_Init)
    MX_TIM6_Init                             0x08004dfd   Thumb Code    90  tim.o(.text.MX_TIM6_Init)
    MX_TIM8_Init                             0x08004e59   Thumb Code   138  tim.o(.text.MX_TIM8_Init)
    MX_TIM9_Init                             0x08004ee5   Thumb Code   148  tim.o(.text.MX_TIM9_Init)
    MX_UART5_Init                            0x08004f79   Thumb Code    64  usart.o(.text.MX_UART5_Init)
    MemManage_Handler                        0x08004fb9   Thumb Code     4  stm32f4xx_it.o(.text.MemManage_Handler)
    MorCode_Read                             0x08004fbd   Thumb Code   122  servo.o(.text.MorCode_Read)
    MotorPID_Init                            0x08005039   Thumb Code   188  chassis.o(.text.MotorPID_Init)
    Motor_Control                            0x080050f5   Thumb Code    70  chassis.o(.text.Motor_Control)
    NMI_Handler                              0x0800513d   Thumb Code     4  stm32f4xx_it.o(.text.NMI_Handler)
    PID_Calc                                 0x080051ad   Thumb Code   330  pid.o(.text.PID_Calc)
    PID_Limit                                0x080052f9   Thumb Code   156  pid.o(.text.PID_Limit)
    PendSV_Handler                           0x08005395   Thumb Code     2  stm32f4xx_it.o(.text.PendSV_Handler)
    Position                                 0x08005399   Thumb Code   336  chassis.o(.text.Position)
    SVC_Handler                              0x08005501   Thumb Code     2  stm32f4xx_it.o(.text.SVC_Handler)
    Speed_Plan                               0x08005505   Thumb Code   684  chassis.o(.text.Speed_Plan)
    SysTick_Handler                          0x0800580d   Thumb Code     8  stm32f4xx_it.o(.text.SysTick_Handler)
    SystemClock_Config                       0x08005815   Thumb Code   186  main.o(.text.SystemClock_Config)
    SystemInit                               0x080058d1   Thumb Code    18  system_stm32f4xx.o(.text.SystemInit)
    TIM6_DAC_IRQHandler                      0x080058e5   Thumb Code    16  stm32f4xx_it.o(.text.TIM6_DAC_IRQHandler)
    TIM_Base_SetConfig                       0x080058f5   Thumb Code   420  stm32f4xx_hal_tim.o(.text.TIM_Base_SetConfig)
    TIM_CCxChannelCmd                        0x08005a99   Thumb Code    54  stm32f4xx_hal_tim.o(.text.TIM_CCxChannelCmd)
    TIM_OC2_SetConfig                        0x08005bbd   Thumb Code   244  stm32f4xx_hal_tim.o(.text.TIM_OC2_SetConfig)
    UART5_IRQHandler                         0x08005e49   Thumb Code    16  stm32f4xx_it.o(.text.UART5_IRQHandler)
    UsageFault_Handler                       0x08006269   Thumb Code     4  stm32f4xx_it.o(.text.UsageFault_Handler)
    main                                     0x0800632d   Thumb Code   238  main.o(.text.main)
    myabs                                    0x0800641d   Thumb Code    34  chassis.o(.text.myabs)
    __hardfp_sqrt                            0x0800643f   Thumb Code   122  sqrt.o(i.__hardfp_sqrt)
    __aeabi_d2f                              0x080064b9   Thumb Code     0  d2f.o(x$fpl$d2f)
    _d2f                                     0x080064b9   Thumb Code    98  d2f.o(x$fpl$d2f)
    __aeabi_dadd                             0x0800651d   Thumb Code     0  daddsub_clz.o(x$fpl$dadd)
    _dadd                                    0x0800651d   Thumb Code   332  daddsub_clz.o(x$fpl$dadd)
    __fpl_dcmp_Inf                           0x0800666d   Thumb Code    24  dcmpi.o(x$fpl$dcmpinf)
    __aeabi_ddiv                             0x08006685   Thumb Code     0  ddiv.o(x$fpl$ddiv)
    _ddiv                                    0x08006685   Thumb Code   560  ddiv.o(x$fpl$ddiv)
    __aeabi_cdcmpeq                          0x0800693d   Thumb Code     0  deqf.o(x$fpl$deqf)
    _dcmpeq                                  0x0800693d   Thumb Code   120  deqf.o(x$fpl$deqf)
    __aeabi_d2iz                             0x080069b5   Thumb Code     0  dfix.o(x$fpl$dfix)
    _dfix                                    0x080069b5   Thumb Code    94  dfix.o(x$fpl$dfix)
    __aeabi_i2d                              0x08006a13   Thumb Code     0  dflt_clz.o(x$fpl$dflt)
    _dflt                                    0x08006a13   Thumb Code    46  dflt_clz.o(x$fpl$dflt)
    __aeabi_cdcmpge                          0x08006a41   Thumb Code     0  dgeqf.o(x$fpl$dgeqf)
    _dcmpge                                  0x08006a41   Thumb Code   120  dgeqf.o(x$fpl$dgeqf)
    __aeabi_cdcmple                          0x08006ab9   Thumb Code     0  dleqf.o(x$fpl$dleqf)
    _dcmple                                  0x08006ab9   Thumb Code   120  dleqf.o(x$fpl$dleqf)
    __fpl_dcmple_InfNaN                      0x08006b1b   Thumb Code     0  dleqf.o(x$fpl$dleqf)
    __aeabi_dmul                             0x08006b31   Thumb Code     0  dmul.o(x$fpl$dmul)
    _dmul                                    0x08006b31   Thumb Code   332  dmul.o(x$fpl$dmul)
    __fpl_dnaninf                            0x08006c85   Thumb Code   156  dnaninf.o(x$fpl$dnaninf)
    __fpl_dretinf                            0x08006d21   Thumb Code    12  dretinf.o(x$fpl$dretinf)
    _dsqrt                                   0x08006d2d   Thumb Code   404  dsqrt_umaal.o(x$fpl$dsqrt)
    __aeabi_dsub                             0x08006ec5   Thumb Code     0  daddsub_clz.o(x$fpl$dsub)
    _dsub                                    0x08006ec5   Thumb Code   472  daddsub_clz.o(x$fpl$dsub)
    __aeabi_f2d                              0x080070a1   Thumb Code     0  f2d.o(x$fpl$f2d)
    _f2d                                     0x080070a1   Thumb Code    86  f2d.o(x$fpl$f2d)
    __aeabi_dcmpeq                           0x080070f7   Thumb Code     0  dcmp.o(x$fpl$fcmp)
    _deq                                     0x080070f7   Thumb Code    14  dcmp.o(x$fpl$fcmp)
    _dneq                                    0x08007105   Thumb Code    14  dcmp.o(x$fpl$fcmp)
    __aeabi_dcmpgt                           0x08007113   Thumb Code     0  dcmp.o(x$fpl$fcmp)
    _dgr                                     0x08007113   Thumb Code    14  dcmp.o(x$fpl$fcmp)
    __aeabi_dcmpge                           0x08007121   Thumb Code     0  dcmp.o(x$fpl$fcmp)
    _dgeq                                    0x08007121   Thumb Code    14  dcmp.o(x$fpl$fcmp)
    __aeabi_dcmple                           0x0800712f   Thumb Code     0  dcmp.o(x$fpl$fcmp)
    _dleq                                    0x0800712f   Thumb Code    14  dcmp.o(x$fpl$fcmp)
    __aeabi_dcmplt                           0x0800713d   Thumb Code     0  dcmp.o(x$fpl$fcmp)
    _dls                                     0x0800713d   Thumb Code    14  dcmp.o(x$fpl$fcmp)
    __fpl_fnaninf                            0x0800714b   Thumb Code   140  fnaninf.o(x$fpl$fnaninf)
    _fp_init                                 0x080071d7   Thumb Code    26  fpinit.o(x$fpl$fpinit)
    __fplib_config_fpu_vfp                   0x080071ef   Thumb Code     0  fpinit.o(x$fpl$fpinit)
    __fplib_config_pureend_doubles           0x080071ef   Thumb Code     0  fpinit.o(x$fpl$fpinit)
    __fpl_fretinf                            0x080071f1   Thumb Code    10  fretinf.o(x$fpl$fretinf)
    AHBPrescTable                            0x080071fa   Data          16  system_stm32f4xx.o(.rodata.AHBPrescTable)
    __I$use$fp                               0x080071fa   Number         0  usenofp.o(x$fpl$usenofp)
    APBPrescTable                            0x0800720a   Data           8  system_stm32f4xx.o(.rodata.APBPrescTable)
    Region$$Table$$Base                      0x0800721c   Number         0  anon$$obj.o(Region$$Table)
    Region$$Table$$Limit                     0x0800723c   Number         0  anon$$obj.o(Region$$Table)
    Motor_Kd                                 0x20000000   Data          20  chassis.o(.data.Motor_Kd)
    Motor_Ki                                 0x20000014   Data          20  chassis.o(.data.Motor_Ki)
    Motor_Kp                                 0x20000028   Data          20  chassis.o(.data.Motor_Kp)
    SystemCoreClock                          0x2000003c   Data           4  system_stm32f4xx.o(.data.SystemCoreClock)
    uwTickFreq                               0x20000040   Data           1  stm32f4xx_hal.o(.data.uwTickFreq)
    uwTickPrio                               0x20000044   Data           4  stm32f4xx_hal.o(.data.uwTickPrio)
    __libspace_start                         0x20000048   Data          96  libspace.o(.bss)
    ChassisMotor                             0x200000a8   Data         220  chassis.o(.bss.ChassisMotor)
    __temporary_stack_top$libspace           0x200000a8   Data           0  libspace.o(.bss)
    Chassis_PID                              0x20000184   Data         360  chassis.o(.bss.Chassis_PID)
    Red_Green_ctrl                           0x200002ec   Data           1  chassis.o(.bss.Red_Green_ctrl)
    chassis_ctrl                             0x200002ed   Data           1  chassis.o(.bss.chassis_ctrl)
    code_read                                0x200002f0   Data          12  chassis.o(.bss.code_read)
    cout                                     0x200002fc   Data           4  chassis.o(.bss.cout)
    hdma_uart5_rx                            0x20000300   Data          96  usart.o(.bss.hdma_uart5_rx)
    hdma_uart5_tx                            0x20000360   Data          96  usart.o(.bss.hdma_uart5_tx)
    htim1                                    0x200003c0   Data          72  tim.o(.bss.htim1)
    htim12                                   0x20000408   Data          72  tim.o(.bss.htim12)
    htim13                                   0x20000450   Data          72  tim.o(.bss.htim13)
    htim14                                   0x20000498   Data          72  tim.o(.bss.htim14)
    htim3                                    0x200004e0   Data          72  tim.o(.bss.htim3)
    htim4                                    0x20000528   Data          72  tim.o(.bss.htim4)
    htim6                                    0x20000570   Data          72  tim.o(.bss.htim6)
    htim8                                    0x200005b8   Data          72  tim.o(.bss.htim8)
    htim9                                    0x20000600   Data          72  tim.o(.bss.htim9)
    huart5                                   0x20000648   Data          72  usart.o(.bss.huart5)
    path_ctrl                                0x20000690   Data           1  chassis.o(.bss.path_ctrl)
    servo_ctrl                               0x20000691   Data           1  chassis.o(.bss.servo_ctrl)
    time                                     0x20000694   Data           4  chassis.o(.bss.time)
    uwTick                                   0x20000698   Data           4  stm32f4xx_hal.o(.bss.uwTick)



==============================================================================

Memory Map of the image

  Image Entry point : 0x08000189

  Load Region LR_IROM1 (Base: 0x08000000, Size: 0x00007288, Max: 0x00100000, ABSOLUTE)

    Execution Region ER_IROM1 (Exec base: 0x08000000, Load base: 0x08000000, Size: 0x0000723c, Max: 0x00100000, ABSOLUTE)

    Exec Addr    Load Addr    Size         Type   Attr      Idx    E Section Name        Object

    0x08000000   0x08000000   0x00000188   Data   RO            3    RESET               startup_stm32f407xx.o
    0x08000188   0x08000188   0x00000008   Code   RO         1177  * !!!main             c_w.l(__main.o)
    0x08000190   0x08000190   0x0000005c   Code   RO         1583    !!!scatter          c_w.l(__scatter.o)
    0x080001ec   0x080001ec   0x0000001a   Code   RO         1587    !!handler_copy      c_w.l(__scatter_copy.o)
    0x08000206   0x08000206   0x00000002   PAD
    0x08000208   0x08000208   0x00000002   Code   RO         1584    !!handler_null      c_w.l(__scatter.o)
    0x0800020a   0x0800020a   0x00000002   PAD
    0x0800020c   0x0800020c   0x0000001c   Code   RO         1589    !!handler_zi        c_w.l(__scatter_zi.o)
    0x08000228   0x08000228   0x00000002   Code   RO         1435    .ARM.Collect$$libinit$$00000000  c_w.l(libinit.o)
    0x0800022a   0x0800022a   0x00000004   Code   RO         1455    .ARM.Collect$$libinit$$00000001  c_w.l(libinit2.o)
    0x0800022e   0x0800022e   0x00000000   Code   RO         1458    .ARM.Collect$$libinit$$00000004  c_w.l(libinit2.o)
    0x0800022e   0x0800022e   0x00000000   Code   RO         1460    .ARM.Collect$$libinit$$00000006  c_w.l(libinit2.o)
    0x0800022e   0x0800022e   0x00000000   Code   RO         1463    .ARM.Collect$$libinit$$0000000C  c_w.l(libinit2.o)
    0x0800022e   0x0800022e   0x00000000   Code   RO         1465    .ARM.Collect$$libinit$$0000000E  c_w.l(libinit2.o)
    0x0800022e   0x0800022e   0x00000000   Code   RO         1467    .ARM.Collect$$libinit$$00000010  c_w.l(libinit2.o)
    0x0800022e   0x0800022e   0x00000000   Code   RO         1470    .ARM.Collect$$libinit$$00000013  c_w.l(libinit2.o)
    0x0800022e   0x0800022e   0x00000000   Code   RO         1472    .ARM.Collect$$libinit$$00000015  c_w.l(libinit2.o)
    0x0800022e   0x0800022e   0x00000000   Code   RO         1474    .ARM.Collect$$libinit$$00000017  c_w.l(libinit2.o)
    0x0800022e   0x0800022e   0x00000000   Code   RO         1476    .ARM.Collect$$libinit$$00000019  c_w.l(libinit2.o)
    0x0800022e   0x0800022e   0x00000000   Code   RO         1478    .ARM.Collect$$libinit$$0000001B  c_w.l(libinit2.o)
    0x0800022e   0x0800022e   0x00000000   Code   RO         1480    .ARM.Collect$$libinit$$0000001D  c_w.l(libinit2.o)
    0x0800022e   0x0800022e   0x00000000   Code   RO         1482    .ARM.Collect$$libinit$$0000001F  c_w.l(libinit2.o)
    0x0800022e   0x0800022e   0x00000000   Code   RO         1484    .ARM.Collect$$libinit$$00000021  c_w.l(libinit2.o)
    0x0800022e   0x0800022e   0x00000000   Code   RO         1486    .ARM.Collect$$libinit$$00000023  c_w.l(libinit2.o)
    0x0800022e   0x0800022e   0x00000000   Code   RO         1488    .ARM.Collect$$libinit$$00000025  c_w.l(libinit2.o)
    0x0800022e   0x0800022e   0x00000000   Code   RO         1490    .ARM.Collect$$libinit$$00000027  c_w.l(libinit2.o)
    0x0800022e   0x0800022e   0x00000000   Code   RO         1494    .ARM.Collect$$libinit$$0000002E  c_w.l(libinit2.o)
    0x0800022e   0x0800022e   0x00000000   Code   RO         1496    .ARM.Collect$$libinit$$00000030  c_w.l(libinit2.o)
    0x0800022e   0x0800022e   0x00000000   Code   RO         1498    .ARM.Collect$$libinit$$00000032  c_w.l(libinit2.o)
    0x0800022e   0x0800022e   0x00000000   Code   RO         1500    .ARM.Collect$$libinit$$00000034  c_w.l(libinit2.o)
    0x0800022e   0x0800022e   0x00000002   Code   RO         1501    .ARM.Collect$$libinit$$00000035  c_w.l(libinit2.o)
    0x08000230   0x08000230   0x00000002   Code   RO         1538    .ARM.Collect$$libshutdown$$00000000  c_w.l(libshutdown.o)
    0x08000232   0x08000232   0x00000000   Code   RO         1566    .ARM.Collect$$libshutdown$$00000002  c_w.l(libshutdown2.o)
    0x08000232   0x08000232   0x00000000   Code   RO         1568    .ARM.Collect$$libshutdown$$00000004  c_w.l(libshutdown2.o)
    0x08000232   0x08000232   0x00000000   Code   RO         1571    .ARM.Collect$$libshutdown$$00000007  c_w.l(libshutdown2.o)
    0x08000232   0x08000232   0x00000000   Code   RO         1574    .ARM.Collect$$libshutdown$$0000000A  c_w.l(libshutdown2.o)
    0x08000232   0x08000232   0x00000000   Code   RO         1576    .ARM.Collect$$libshutdown$$0000000C  c_w.l(libshutdown2.o)
    0x08000232   0x08000232   0x00000000   Code   RO         1579    .ARM.Collect$$libshutdown$$0000000F  c_w.l(libshutdown2.o)
    0x08000232   0x08000232   0x00000002   Code   RO         1580    .ARM.Collect$$libshutdown$$00000010  c_w.l(libshutdown2.o)
    0x08000234   0x08000234   0x00000000   Code   RO         1213    .ARM.Collect$$rtentry$$00000000  c_w.l(__rtentry.o)
    0x08000234   0x08000234   0x00000000   Code   RO         1337    .ARM.Collect$$rtentry$$00000002  c_w.l(__rtentry2.o)
    0x08000234   0x08000234   0x00000006   Code   RO         1349    .ARM.Collect$$rtentry$$00000004  c_w.l(__rtentry4.o)
    0x0800023a   0x0800023a   0x00000000   Code   RO         1339    .ARM.Collect$$rtentry$$00000009  c_w.l(__rtentry2.o)
    0x0800023a   0x0800023a   0x00000004   Code   RO         1340    .ARM.Collect$$rtentry$$0000000A  c_w.l(__rtentry2.o)
    0x0800023e   0x0800023e   0x00000000   Code   RO         1342    .ARM.Collect$$rtentry$$0000000C  c_w.l(__rtentry2.o)
    0x0800023e   0x0800023e   0x00000008   Code   RO         1343    .ARM.Collect$$rtentry$$0000000D  c_w.l(__rtentry2.o)
    0x08000246   0x08000246   0x00000002   Code   RO         1440    .ARM.Collect$$rtexit$$00000000  c_w.l(rtexit.o)
    0x08000248   0x08000248   0x00000000   Code   RO         1507    .ARM.Collect$$rtexit$$00000002  c_w.l(rtexit2.o)
    0x08000248   0x08000248   0x00000004   Code   RO         1508    .ARM.Collect$$rtexit$$00000003  c_w.l(rtexit2.o)
    0x0800024c   0x0800024c   0x00000006   Code   RO         1509    .ARM.Collect$$rtexit$$00000004  c_w.l(rtexit2.o)
    0x08000252   0x08000252   0x00000002   PAD
    0x08000254   0x08000254   0x00000040   Code   RO            4    .text               startup_stm32f407xx.o
    0x08000294   0x08000294   0x000000f0   Code   RO         1165    .text               c_w.l(lludivv7m.o)
    0x08000384   0x08000384   0x0000004e   Code   RO         1173    .text               c_w.l(rt_memclr_w.o)
    0x080003d2   0x080003d2   0x00000006   Code   RO         1175    .text               c_w.l(heapauxi.o)
    0x080003d8   0x080003d8   0x00000016   Code   RO         1218    .text               c_w.l(_rserrno.o)
    0x080003ee   0x080003ee   0x00000002   PAD
    0x080003f0   0x080003f0   0x00000008   Code   RO         1356    .text               c_w.l(rt_errno_addr_intlibspace.o)
    0x080003f8   0x080003f8   0x00000008   Code   RO         1380    .text               c_w.l(libspace.o)
    0x08000400   0x08000400   0x0000004a   Code   RO         1383    .text               c_w.l(sys_stackheap_outer.o)
    0x0800044a   0x0800044a   0x00000012   Code   RO         1424    .text               c_w.l(exit.o)
    0x0800045c   0x0800045c   0x0000000c   Code   RO         1502    .text               c_w.l(sys_exit.o)
    0x08000468   0x08000468   0x00000002   Code   RO         1527    .text               c_w.l(use_no_semi.o)
    0x0800046a   0x0800046a   0x00000000   Code   RO         1529    .text               c_w.l(indicate_semi.o)
    0x0800046a   0x0800046a   0x00000002   PAD
    0x0800046c   0x0800046c   0x00000004   Code   RO          111    .text.BusFault_Handler  stm32f4xx_it.o
    0x08000470   0x08000470   0x00000440   Code   RO         1073    .text.ChassisCalculate  chassis.o
    0x080008b0   0x080008b0   0x000004ba   Code   RO         1093    .text.Chassis_FSM_E_TO_FSM_APP  chassis.o
    0x08000d6a   0x08000d6a   0x00000002   PAD
    0x08000d6c   0x08000d6c   0x000001ea   Code   RO         1067    .text.Chassis_GPIOInit  chassis.o
    0x08000f56   0x08000f56   0x00000002   PAD
    0x08000f58   0x08000f58   0x000000c4   Code   RO         1069    .text.Chassis_Init  chassis.o
    0x0800101c   0x0800101c   0x00000004   PAD
    0x08001020   0x08001020   0x0000058c   Code   RO         1075    .text.Chassis_PIDCalc  chassis.o
    0x080015ac   0x080015ac   0x00000004   PAD
    0x080015b0   0x080015b0   0x000000f8   Code   RO         1156    .text.Chassis_ReadEncoder  bsp_chassis.o
    0x080016a8   0x080016a8   0x00000124   Code   RO         1095    .text.Chassis_Task  chassis.o
    0x080017cc   0x080017cc   0x000000a4   Code   RO         1079    .text.Chassis_fdb   chassis.o
    0x08001870   0x08001870   0x0000015c   Code   RO         1089    .text.Code_Tranf    chassis.o
    0x080019cc   0x080019cc   0x00000010   Code   RO          123    .text.DMA1_Stream0_IRQHandler  stm32f4xx_it.o
    0x080019dc   0x080019dc   0x00000010   Code   RO          125    .text.DMA1_Stream7_IRQHandler  stm32f4xx_it.o
    0x080019ec   0x080019ec   0x00000056   Code   RO          660    .text.DMA_CalcBaseAndBitshift  stm32f4xx_hal_dma.o
    0x08001a42   0x08001a42   0x00000002   PAD
    0x08001a44   0x08001a44   0x000000f0   Code   RO          658    .text.DMA_CheckFifoParam  stm32f4xx_hal_dma.o
    0x08001b34   0x08001b34   0x00000002   Code   RO          117    .text.DebugMon_Handler  stm32f4xx_it.o
    0x08001b36   0x08001b36   0x00000002   PAD
    0x08001b38   0x08001b38   0x00000006   Code   RO           15    .text.Error_Handler  main.o
    0x08001b3e   0x08001b3e   0x00000002   PAD
    0x08001b40   0x08001b40   0x000000ec   Code   RO          670    .text.HAL_DMA_Abort  stm32f4xx_hal_dma.o
    0x08001c2c   0x08001c2c   0x00000044   Code   RO          672    .text.HAL_DMA_Abort_IT  stm32f4xx_hal_dma.o
    0x08001c70   0x08001c70   0x0000031e   Code   RO          676    .text.HAL_DMA_IRQHandler  stm32f4xx_hal_dma.o
    0x08001f8e   0x08001f8e   0x00000002   PAD
    0x08001f90   0x08001f90   0x0000016e   Code   RO          656    .text.HAL_DMA_Init  stm32f4xx_hal_dma.o
    0x080020fe   0x080020fe   0x00000002   PAD
    0x08002100   0x08002100   0x00000042   Code   RO          851    .text.HAL_Delay     stm32f4xx_hal.o
    0x08002142   0x08002142   0x00000002   PAD
    0x08002144   0x08002144   0x000003b6   Code   RO          618    .text.HAL_GPIO_Init  stm32f4xx_hal_gpio.o
    0x080024fa   0x080024fa   0x00000002   PAD
    0x080024fc   0x080024fc   0x0000002e   Code   RO          622    .text.HAL_GPIO_ReadPin  stm32f4xx_hal_gpio.o
    0x0800252a   0x0800252a   0x00000002   PAD
    0x0800252c   0x0800252c   0x0000002e   Code   RO          624    .text.HAL_GPIO_WritePin  stm32f4xx_hal_gpio.o
    0x0800255a   0x0800255a   0x00000002   PAD
    0x0800255c   0x0800255c   0x0000000c   Code   RO          843    .text.HAL_GetTick   stm32f4xx_hal.o
    0x08002568   0x08002568   0x0000001a   Code   RO          841    .text.HAL_IncTick   stm32f4xx_hal.o
    0x08002582   0x08002582   0x00000002   PAD
    0x08002584   0x08002584   0x00000036   Code   RO          831    .text.HAL_Init      stm32f4xx_hal.o
    0x080025ba   0x080025ba   0x00000002   PAD
    0x080025bc   0x080025bc   0x00000070   Code   RO          833    .text.HAL_InitTick  stm32f4xx_hal.o
    0x0800262c   0x0800262c   0x0000004a   Code   RO          138    .text.HAL_MspInit   stm32f4xx_hal_msp.o
    0x08002676   0x08002676   0x00000002   PAD
    0x08002678   0x08002678   0x00000014   Code   RO          766    .text.HAL_NVIC_EnableIRQ  stm32f4xx_hal_cortex.o
    0x0800268c   0x0800268c   0x00000032   Code   RO          758    .text.HAL_NVIC_SetPriority  stm32f4xx_hal_cortex.o
    0x080026be   0x080026be   0x00000002   PAD
    0x080026c0   0x080026c0   0x00000010   Code   RO          754    .text.HAL_NVIC_SetPriorityGrouping  stm32f4xx_hal_cortex.o
    0x080026d0   0x080026d0   0x00000262   Code   RO          486    .text.HAL_RCC_ClockConfig  stm32f4xx_hal_rcc.o
    0x08002932   0x08002932   0x00000002   PAD
    0x08002934   0x08002934   0x0000000c   Code   RO          496    .text.HAL_RCC_GetHCLKFreq  stm32f4xx_hal_rcc.o
    0x08002940   0x08002940   0x00000022   Code   RO          498    .text.HAL_RCC_GetPCLK1Freq  stm32f4xx_hal_rcc.o
    0x08002962   0x08002962   0x00000002   PAD
    0x08002964   0x08002964   0x00000022   Code   RO          500    .text.HAL_RCC_GetPCLK2Freq  stm32f4xx_hal_rcc.o
    0x08002986   0x08002986   0x00000002   PAD
    0x08002988   0x08002988   0x000000e6   Code   RO          488    .text.HAL_RCC_GetSysClockFreq  stm32f4xx_hal_rcc.o
    0x08002a6e   0x08002a6e   0x00000002   PAD
    0x08002a70   0x08002a70   0x000006be   Code   RO          484    .text.HAL_RCC_OscConfig  stm32f4xx_hal_rcc.o
    0x0800312e   0x0800312e   0x00000002   PAD
    0x08003130   0x08003130   0x00000010   Code   RO          778    .text.HAL_SYSTICK_Config  stm32f4xx_hal_cortex.o
    0x08003140   0x08003140   0x00000008   Code   RO          469    .text.HAL_TIMEx_BreakCallback  stm32f4xx_hal_tim_ex.o
    0x08003148   0x08003148   0x00000008   Code   RO          465    .text.HAL_TIMEx_CommutCallback  stm32f4xx_hal_tim_ex.o
    0x08003150   0x08003150   0x00000122   Code   RO          459    .text.HAL_TIMEx_MasterConfigSynchronization  stm32f4xx_hal_tim_ex.o
    0x08003272   0x08003272   0x00000002   PAD
    0x08003274   0x08003274   0x0000009c   Code   RO          146    .text.HAL_TIM_Base_Init  stm32f4xx_hal_tim.o
    0x08003310   0x08003310   0x000000c2   Code   RO           63    .text.HAL_TIM_Base_MspInit  tim.o
    0x080033d2   0x080033d2   0x00000002   PAD
    0x080033d4   0x080033d4   0x000000f6   Code   RO          160    .text.HAL_TIM_Base_Start_IT  stm32f4xx_hal_tim.o
    0x080034ca   0x080034ca   0x00000002   PAD
    0x080034cc   0x080034cc   0x00000130   Code   RO          260    .text.HAL_TIM_Encoder_Init  stm32f4xx_hal_tim.o
    0x080035fc   0x080035fc   0x00000242   Code   RO           61    .text.HAL_TIM_Encoder_MspInit  tim.o
    0x0800383e   0x0800383e   0x00000002   PAD
    0x08003840   0x08003840   0x0000014e   Code   RO          268    .text.HAL_TIM_Encoder_Start  stm32f4xx_hal_tim.o
    0x0800398e   0x0800398e   0x00000002   PAD
    0x08003990   0x08003990   0x00000008   Code   RO          282    .text.HAL_TIM_IC_CaptureCallback  stm32f4xx_hal_tim.o
    0x08003998   0x08003998   0x0000021a   Code   RO          280    .text.HAL_TIM_IRQHandler  stm32f4xx_hal_tim.o
    0x08003bb2   0x08003bb2   0x00000002   PAD
    0x08003bb4   0x08003bb4   0x0000017a   Code   RO           53    .text.HAL_TIM_MspPostInit  tim.o
    0x08003d2e   0x08003d2e   0x00000002   PAD
    0x08003d30   0x08003d30   0x00000008   Code   RO          284    .text.HAL_TIM_OC_DelayElapsedCallback  stm32f4xx_hal_tim.o
    0x08003d38   0x08003d38   0x00000142   Code   RO          312    .text.HAL_TIM_PWM_ConfigChannel  stm32f4xx_hal_tim.o
    0x08003e7a   0x08003e7a   0x00000002   PAD
    0x08003e7c   0x08003e7c   0x0000009c   Code   RO          200    .text.HAL_TIM_PWM_Init  stm32f4xx_hal_tim.o
    0x08003f18   0x08003f18   0x00000076   Code   RO           65    .text.HAL_TIM_PWM_MspInit  tim.o
    0x08003f8e   0x08003f8e   0x00000002   PAD
    0x08003f90   0x08003f90   0x00000008   Code   RO          286    .text.HAL_TIM_PWM_PulseFinishedCallback  stm32f4xx_hal_tim.o
    0x08003f98   0x08003f98   0x000001ca   Code   RO          208    .text.HAL_TIM_PWM_Start  stm32f4xx_hal_tim.o
    0x08004162   0x08004162   0x00000002   PAD
    0x08004164   0x08004164   0x00000068   Code   RO         1101    .text.HAL_TIM_PeriodElapsedCallback  chassis.o
    0x080041cc   0x080041cc   0x00000008   Code   RO          290    .text.HAL_TIM_TriggerCallback  stm32f4xx_hal_tim.o
    0x080041d4   0x080041d4   0x0000000c   Code   RO         1012    .text.HAL_UARTEx_RxEventCallback  stm32f4xx_hal_uart.o
    0x080041e0   0x080041e0   0x00000008   Code   RO         1010    .text.HAL_UART_ErrorCallback  stm32f4xx_hal_uart.o
    0x080041e8   0x080041e8   0x0000045c   Code   RO         1004    .text.HAL_UART_IRQHandler  stm32f4xx_hal_uart.o
    0x08004644   0x08004644   0x0000009e   Code   RO          920    .text.HAL_UART_Init  stm32f4xx_hal_uart.o
    0x080046e2   0x080046e2   0x00000002   PAD
    0x080046e4   0x080046e4   0x000001a2   Code   RO           91    .text.HAL_UART_MspInit  usart.o
    0x08004886   0x08004886   0x00000002   PAD
    0x08004888   0x08004888   0x00000008   Code   RO         1022    .text.HAL_UART_RxCpltCallback  stm32f4xx_hal_uart.o
    0x08004890   0x08004890   0x00000008   Code   RO         1018    .text.HAL_UART_TxCpltCallback  stm32f4xx_hal_uart.o
    0x08004898   0x08004898   0x00000004   Code   RO          107    .text.HardFault_Handler  stm32f4xx_it.o
    0x0800489c   0x0800489c   0x00000050   Code   RO           33    .text.MX_DMA_Init   dma.o
    0x080048ec   0x080048ec   0x000001c4   Code   RO           25    .text.MX_GPIO_Init  gpio.o
    0x08004ab0   0x08004ab0   0x00000094   Code   RO           55    .text.MX_TIM12_Init  tim.o
    0x08004b44   0x08004b44   0x00000090   Code   RO           57    .text.MX_TIM13_Init  tim.o
    0x08004bd4   0x08004bd4   0x00000090   Code   RO           59    .text.MX_TIM14_Init  tim.o
    0x08004c64   0x08004c64   0x00000088   Code   RO           41    .text.MX_TIM1_Init  tim.o
    0x08004cec   0x08004cec   0x00000086   Code   RO           43    .text.MX_TIM3_Init  tim.o
    0x08004d72   0x08004d72   0x00000002   PAD
    0x08004d74   0x08004d74   0x00000086   Code   RO           45    .text.MX_TIM4_Init  tim.o
    0x08004dfa   0x08004dfa   0x00000002   PAD
    0x08004dfc   0x08004dfc   0x0000005a   Code   RO           47    .text.MX_TIM6_Init  tim.o
    0x08004e56   0x08004e56   0x00000002   PAD
    0x08004e58   0x08004e58   0x0000008a   Code   RO           49    .text.MX_TIM8_Init  tim.o
    0x08004ee2   0x08004ee2   0x00000002   PAD
    0x08004ee4   0x08004ee4   0x00000094   Code   RO           51    .text.MX_TIM9_Init  tim.o
    0x08004f78   0x08004f78   0x00000040   Code   RO           89    .text.MX_UART5_Init  usart.o
    0x08004fb8   0x08004fb8   0x00000004   Code   RO          109    .text.MemManage_Handler  stm32f4xx_it.o
    0x08004fbc   0x08004fbc   0x0000007a   Code   RO         1148    .text.MorCode_Read  servo.o
    0x08005036   0x08005036   0x00000002   PAD
    0x08005038   0x08005038   0x000000bc   Code   RO         1071    .text.MotorPID_Init  chassis.o
    0x080050f4   0x080050f4   0x00000046   Code   RO         1081    .text.Motor_Control  chassis.o
    0x0800513a   0x0800513a   0x00000002   PAD
    0x0800513c   0x0800513c   0x00000004   Code   RO          105    .text.NMI_Handler   stm32f4xx_it.o
    0x08005140   0x08005140   0x0000006c   Code   RO          764    .text.NVIC_EncodePriority  stm32f4xx_hal_cortex.o
    0x080051ac   0x080051ac   0x0000014a   Code   RO         1134    .text.PID_Calc      pid.o
    0x080052f6   0x080052f6   0x00000002   PAD
    0x080052f8   0x080052f8   0x0000009c   Code   RO         1130    .text.PID_Limit     pid.o
    0x08005394   0x08005394   0x00000002   Code   RO          119    .text.PendSV_Handler  stm32f4xx_it.o
    0x08005396   0x08005396   0x00000002   PAD
    0x08005398   0x08005398   0x00000168   Code   RO         1097    .text.Position      chassis.o
    0x08005500   0x08005500   0x00000002   Code   RO          115    .text.SVC_Handler   stm32f4xx_it.o
    0x08005502   0x08005502   0x00000002   PAD
    0x08005504   0x08005504   0x000002b4   Code   RO         1099    .text.Speed_Plan    chassis.o
    0x080057b8   0x080057b8   0x00000052   Code   RO          780    .text.SysTick_Config  stm32f4xx_hal_cortex.o
    0x0800580a   0x0800580a   0x00000002   PAD
    0x0800580c   0x0800580c   0x00000008   Code   RO          121    .text.SysTick_Handler  stm32f4xx_it.o
    0x08005814   0x08005814   0x000000ba   Code   RO           13    .text.SystemClock_Config  main.o
    0x080058ce   0x080058ce   0x00000002   PAD
    0x080058d0   0x080058d0   0x00000012   Code   RO         1051    .text.SystemInit    system_stm32f4xx.o
    0x080058e2   0x080058e2   0x00000002   PAD
    0x080058e4   0x080058e4   0x00000010   Code   RO          129    .text.TIM6_DAC_IRQHandler  stm32f4xx_it.o
    0x080058f4   0x080058f4   0x000001a4   Code   RO          150    .text.TIM_Base_SetConfig  stm32f4xx_hal_tim.o
    0x08005a98   0x08005a98   0x00000036   Code   RO          184    .text.TIM_CCxChannelCmd  stm32f4xx_hal_tim.o
    0x08005ace   0x08005ace   0x00000002   PAD
    0x08005ad0   0x08005ad0   0x000000ea   Code   RO          294    .text.TIM_OC1_SetConfig  stm32f4xx_hal_tim.o
    0x08005bba   0x08005bba   0x00000002   PAD
    0x08005bbc   0x08005bbc   0x000000f4   Code   RO          296    .text.TIM_OC2_SetConfig  stm32f4xx_hal_tim.o
    0x08005cb0   0x08005cb0   0x000000f2   Code   RO          298    .text.TIM_OC3_SetConfig  stm32f4xx_hal_tim.o
    0x08005da2   0x08005da2   0x00000002   PAD
    0x08005da4   0x08005da4   0x000000a4   Code   RO          300    .text.TIM_OC4_SetConfig  stm32f4xx_hal_tim.o
    0x08005e48   0x08005e48   0x00000010   Code   RO          127    .text.UART5_IRQHandler  stm32f4xx_it.o
    0x08005e58   0x08005e58   0x0000001c   Code   RO         1008    .text.UART_DMAAbortOnError  stm32f4xx_hal_uart.o
    0x08005e74   0x08005e74   0x00000094   Code   RO          968    .text.UART_EndRxTransfer  stm32f4xx_hal_uart.o
    0x08005f08   0x08005f08   0x00000026   Code   RO         1016    .text.UART_EndTransmit_IT  stm32f4xx_hal_uart.o
    0x08005f2e   0x08005f2e   0x00000002   PAD
    0x08005f30   0x08005f30   0x00000168   Code   RO         1006    .text.UART_Receive_IT  stm32f4xx_hal_uart.o
    0x08006098   0x08006098   0x0000013a   Code   RO          924    .text.UART_SetConfig  stm32f4xx_hal_uart.o
    0x080061d2   0x080061d2   0x00000002   PAD
    0x080061d4   0x080061d4   0x00000094   Code   RO         1014    .text.UART_Transmit_IT  stm32f4xx_hal_uart.o
    0x08006268   0x08006268   0x00000004   Code   RO          113    .text.UsageFault_Handler  stm32f4xx_it.o
    0x0800626c   0x0800626c   0x00000030   Code   RO          768    .text.__NVIC_EnableIRQ  stm32f4xx_hal_cortex.o
    0x0800629c   0x0800629c   0x00000010   Code   RO          760    .text.__NVIC_GetPriorityGrouping  stm32f4xx_hal_cortex.o
    0x080062ac   0x080062ac   0x00000042   Code   RO          762    .text.__NVIC_SetPriority  stm32f4xx_hal_cortex.o
    0x080062ee   0x080062ee   0x00000002   PAD
    0x080062f0   0x080062f0   0x0000003c   Code   RO          756    .text.__NVIC_SetPriorityGrouping  stm32f4xx_hal_cortex.o
    0x0800632c   0x0800632c   0x000000ee   Code   RO           11    .text.main          main.o
    0x0800641a   0x0800641a   0x00000002   PAD
    0x0800641c   0x0800641c   0x00000022   Code   RO         1077    .text.myabs         chassis.o
    0x0800643e   0x0800643e   0x0000007a   Code   RO         1207    i.__hardfp_sqrt     m_wm.l(sqrt.o)
    0x080064b8   0x080064b8   0x00000062   Code   RO         1179    x$fpl$d2f           fz_wm.l(d2f.o)
    0x0800651a   0x0800651a   0x00000002   PAD
    0x0800651c   0x0800651c   0x00000150   Code   RO         1181    x$fpl$dadd          fz_wm.l(daddsub_clz.o)
    0x0800666c   0x0800666c   0x00000018   Code   RO         1378    x$fpl$dcmpinf       fz_wm.l(dcmpi.o)
    0x08006684   0x08006684   0x000002b8   Code   RO         1190    x$fpl$ddiv          fz_wm.l(ddiv.o)
    0x0800693c   0x0800693c   0x00000078   Code   RO         1311    x$fpl$deqf          fz_wm.l(deqf.o)
    0x080069b4   0x080069b4   0x0000005e   Code   RO         1193    x$fpl$dfix          fz_wm.l(dfix.o)
    0x08006a12   0x08006a12   0x0000002e   Code   RO         1198    x$fpl$dflt          fz_wm.l(dflt_clz.o)
    0x08006a40   0x08006a40   0x00000078   Code   RO         1313    x$fpl$dgeqf         fz_wm.l(dgeqf.o)
    0x08006ab8   0x08006ab8   0x00000078   Code   RO         1315    x$fpl$dleqf         fz_wm.l(dleqf.o)
    0x08006b30   0x08006b30   0x00000154   Code   RO         1203    x$fpl$dmul          fz_wm.l(dmul.o)
    0x08006c84   0x08006c84   0x0000009c   Code   RO         1317    x$fpl$dnaninf       fz_wm.l(dnaninf.o)
    0x08006d20   0x08006d20   0x0000000c   Code   RO         1319    x$fpl$dretinf       fz_wm.l(dretinf.o)
    0x08006d2c   0x08006d2c   0x00000198   Code   RO         1321    x$fpl$dsqrt         fz_wm.l(dsqrt_umaal.o)
    0x08006ec4   0x08006ec4   0x000001dc   Code   RO         1183    x$fpl$dsub          fz_wm.l(daddsub_clz.o)
    0x080070a0   0x080070a0   0x00000056   Code   RO         1205    x$fpl$f2d           fz_wm.l(f2d.o)
    0x080070f6   0x080070f6   0x00000054   Code   RO         1187    x$fpl$fcmp          fz_wm.l(dcmp.o)
    0x0800714a   0x0800714a   0x0000008c   Code   RO         1323    x$fpl$fnaninf       fz_wm.l(fnaninf.o)
    0x080071d6   0x080071d6   0x0000001a   Code   RO         1521    x$fpl$fpinit        fz_wm.l(fpinit.o)
    0x080071f0   0x080071f0   0x0000000a   Code   RO         1325    x$fpl$fretinf       fz_wm.l(fretinf.o)
    0x080071fa   0x080071fa   0x00000000   Code   RO         1335    x$fpl$usenofp       fz_wm.l(usenofp.o)
    0x080071fa   0x080071fa   0x00000010   Data   RO         1056    .rodata.AHBPrescTable  system_stm32f4xx.o
    0x0800720a   0x0800720a   0x00000008   Data   RO         1057    .rodata.APBPrescTable  system_stm32f4xx.o
    0x08007212   0x08007212   0x00000008   Data   RO          686    .rodata.DMA_CalcBaseAndBitshift.flagBitshiftOffset  stm32f4xx_hal_dma.o
    0x0800721a   0x0800721a   0x00000002   PAD
    0x0800721c   0x0800721c   0x00000020   Data   RO         1582    Region$$Table       anon$$obj.o


    Execution Region RW_IRAM2 (Exec base: 0x10000000, Load base: 0x08007288, Size: 0x00000000, Max: 0x00010000, ABSOLUTE)

    **** No section assigned to this execution region ****


    Execution Region RW_IRAM1 (Exec base: 0x20000000, Load base: 0x08007240, Size: 0x00000ca0, Max: 0x00020000, ABSOLUTE)

    Exec Addr    Load Addr    Size         Type   Attr      Idx    E Section Name        Object

    0x20000000   0x08007240   0x00000014   Data   RW         1108    .data.Motor_Kd      chassis.o
    0x20000014   0x08007254   0x00000014   Data   RW         1107    .data.Motor_Ki      chassis.o
    0x20000028   0x08007268   0x00000014   Data   RW         1106    .data.Motor_Kp      chassis.o
    0x2000003c   0x0800727c   0x00000004   Data   RW         1055    .data.SystemCoreClock  system_stm32f4xx.o
    0x20000040   0x08007280   0x00000001   Data   RW          886    .data.uwTickFreq    stm32f4xx_hal.o
    0x20000041   0x08007281   0x00000003   PAD
    0x20000044   0x08007284   0x00000004   Data   RW          885    .data.uwTickPrio    stm32f4xx_hal.o
    0x20000048        -       0x00000060   Zero   RW         1381    .bss                c_w.l(libspace.o)
    0x200000a8        -       0x000000dc   Zero   RW         1109    .bss.ChassisMotor   chassis.o
    0x20000184        -       0x00000168   Zero   RW         1110    .bss.Chassis_PID    chassis.o
    0x200002ec        -       0x00000001   Zero   RW         1115    .bss.Red_Green_ctrl  chassis.o
    0x200002ed        -       0x00000001   Zero   RW         1118    .bss.chassis_ctrl   chassis.o
    0x200002ee   0x08007288   0x00000002   PAD
    0x200002f0        -       0x0000000c   Zero   RW         1112    .bss.code_read      chassis.o
    0x200002fc        -       0x00000004   Zero   RW         1119    .bss.cout           chassis.o
    0x20000300        -       0x00000060   Zero   RW           97    .bss.hdma_uart5_rx  usart.o
    0x20000360        -       0x00000060   Zero   RW           96    .bss.hdma_uart5_tx  usart.o
    0x200003c0        -       0x00000048   Zero   RW           73    .bss.htim1          tim.o
    0x20000408        -       0x00000048   Zero   RW           79    .bss.htim12         tim.o
    0x20000450        -       0x00000048   Zero   RW           80    .bss.htim13         tim.o
    0x20000498        -       0x00000048   Zero   RW           81    .bss.htim14         tim.o
    0x200004e0        -       0x00000048   Zero   RW           74    .bss.htim3          tim.o
    0x20000528        -       0x00000048   Zero   RW           75    .bss.htim4          tim.o
    0x20000570        -       0x00000048   Zero   RW           76    .bss.htim6          tim.o
    0x200005b8        -       0x00000048   Zero   RW           77    .bss.htim8          tim.o
    0x20000600        -       0x00000048   Zero   RW           78    .bss.htim9          tim.o
    0x20000648        -       0x00000048   Zero   RW           95    .bss.huart5         usart.o
    0x20000690        -       0x00000001   Zero   RW         1114    .bss.path_ctrl      chassis.o
    0x20000691        -       0x00000001   Zero   RW         1113    .bss.servo_ctrl     chassis.o
    0x20000692   0x08007288   0x00000002   PAD
    0x20000694        -       0x00000004   Zero   RW         1105    .bss.time           chassis.o
    0x20000698        -       0x00000004   Zero   RW          887    .bss.uwTick         stm32f4xx_hal.o
    0x2000069c   0x08007288   0x00000004   PAD
    0x200006a0        -       0x00000200   Zero   RW            2    HEAP                startup_stm32f407xx.o
    0x200008a0        -       0x00000400   Zero   RW            1    STACK               startup_stm32f407xx.o


==============================================================================

Image component sizes


      Code (inc. data)   RO Data    RW Data    ZI Data      Debug   Object Name

       248         12          0          0          0        752   bsp_chassis.o
      6656         98          0         60        604      14614   chassis.o
        80          0          0          0          0       3275   dma.o
       452          0          0          0          0       2272   gpio.o
       430          0          0          0          0       4269   main.o
       486          0          0          0          0       2288   pid.o
       122          0          0          0          0       1286   servo.o
        64         26        392          0       1536        836   startup_stm32f407xx.o
       270          0          0          5          4       7095   stm32f4xx_hal.o
       482          0          0          0          0       9706   stm32f4xx_hal_cortex.o
      1794          8          8          0          0       8484   stm32f4xx_hal_dma.o
      1042          0          0          0          0       5080   stm32f4xx_hal_gpio.o
        74          0          0          0          0       1461   stm32f4xx_hal_msp.o
      2646          0          0          0          0       7584   stm32f4xx_hal_rcc.o
      3904         14          0          0          0      35989   stm32f4xx_hal_tim.o
       306          0          0          0          0      15320   stm32f4xx_hal_tim_ex.o
      2346          0          0          0          0      20415   stm32f4xx_hal_uart.o
        98          0          0          0          0       1381   stm32f4xx_it.o
        18          0         24          4          0       2491   system_stm32f4xx.o
      2484          0          0          0        648      11358   tim.o
       482          0          0          0        264       6941   usart.o

    ----------------------------------------------------------------------
     24594        162        458         72       3064     162897   Object Totals
         0          0         32          0          0          0   (incl. Generated)
       110          4          2          3          8          0   (incl. Padding)

    ----------------------------------------------------------------------

      Code (inc. data)   RO Data    RW Data    ZI Data      Debug   Library Member Name

         8          0          0          0          0         68   __main.o
         0          0          0          0          0          0   __rtentry.o
        12          0          0          0          0          0   __rtentry2.o
         6          0          0          0          0          0   __rtentry4.o
        94          8          0          0          0          0   __scatter.o
        26          0          0          0          0          0   __scatter_copy.o
        28          0          0          0          0          0   __scatter_zi.o
        22          0          0          0          0        100   _rserrno.o
        18          0          0          0          0         80   exit.o
         6          0          0          0          0        152   heapauxi.o
         0          0          0          0          0          0   indicate_semi.o
         2          0          0          0          0          0   libinit.o
         6          0          0          0          0          0   libinit2.o
         2          0          0          0          0          0   libshutdown.o
         2          0          0          0          0          0   libshutdown2.o
         8          4          0          0         96         68   libspace.o
       240          0          0          0          0        100   lludivv7m.o
         8          4          0          0          0         68   rt_errno_addr_intlibspace.o
        78          0          0          0          0         80   rt_memclr_w.o
         2          0          0          0          0          0   rtexit.o
        10          0          0          0          0          0   rtexit2.o
        12          4          0          0          0         68   sys_exit.o
        74          0          0          0          0         80   sys_stackheap_outer.o
         2          0          0          0          0         68   use_no_semi.o
        98          4          0          0          0        140   d2f.o
       812         16          0          0          0        392   daddsub_clz.o
        84          0          0          0          0        244   dcmp.o
        24          0          0          0          0        116   dcmpi.o
       696        140          0          0          0        264   ddiv.o
       120          4          0          0          0        140   deqf.o
        94          4          0          0          0        140   dfix.o
        46          0          0          0          0        116   dflt_clz.o
       120          4          0          0          0        140   dgeqf.o
       120          4          0          0          0        140   dleqf.o
       340         12          0          0          0        152   dmul.o
       156          4          0          0          0        140   dnaninf.o
        12          0          0          0          0        116   dretinf.o
       408         56          0          0          0        168   dsqrt_umaal.o
        86          4          0          0          0        132   f2d.o
       140          4          0          0          0        132   fnaninf.o
        26          0          0          0          0        116   fpinit.o
        10          0          0          0          0        116   fretinf.o
         0          0          0          0          0          0   usenofp.o
       122          0          0          0          0        148   sqrt.o

    ----------------------------------------------------------------------
      4192        276          0          0         96       3984   Library Totals
        12          0          0          0          0          0   (incl. Padding)

    ----------------------------------------------------------------------

      Code (inc. data)   RO Data    RW Data    ZI Data      Debug   Library Name

       666         20          0          0         96        932   c_w.l
      3392        256          0          0          0       2904   fz_wm.l
       122          0          0          0          0        148   m_wm.l

    ----------------------------------------------------------------------
      4192        276          0          0         96       3984   Library Totals

    ----------------------------------------------------------------------

==============================================================================


      Code (inc. data)   RO Data    RW Data    ZI Data      Debug   

     28786        438        458         72       3160     164405   Grand Totals
     28786        438        458         72       3160     164405   ELF Image Totals
     28786        438        458         72          0          0   ROM Totals

==============================================================================

    Total RO  Size (Code + RO Data)                29244 (  28.56kB)
    Total RW  Size (RW Data + ZI Data)              3232 (   3.16kB)
    Total ROM Size (Code + RO Data + RW Data)      29316 (  28.63kB)

==============================================================================

